Component: ARM Compiler 5.06 update 7 (build 960) Tool: armlink [4d3601]

==============================================================================

Section Cross References

    startup_stm32f10x_hd.o(RESET) refers to startup_stm32f10x_hd.o(STACK) for __initial_sp
    startup_stm32f10x_hd.o(RESET) refers to startup_stm32f10x_hd.o(.text) for Reset_Handler
    startup_stm32f10x_hd.o(RESET) refers to port.o(.emb_text) for vPortSVCHandler
    startup_stm32f10x_hd.o(RESET) refers to port.o(i.xPortSysTickHandler) for xPortSysTickHandler
    startup_stm32f10x_hd.o(RESET) refers to inv_mems_drv_hook.o(i.EXTI4_IRQHandler) for EXTI4_IRQHandler
    startup_stm32f10x_hd.o(RESET) refers to bsp_can.o(i.USB_LP_CAN1_RX0_IRQHandler) for USB_LP_CAN1_RX0_IRQHandler
    startup_stm32f10x_hd.o(RESET) refers to bsp_usart.o(i.USART1_IRQHandler) for USART1_IRQHandler
    startup_stm32f10x_hd.o(RESET) refers to bsp_usart.o(i.USART2_IRQHandler) for USART2_IRQHandler
    startup_stm32f10x_hd.o(RESET) refers to bsp_usart.o(i.USART3_IRQHandler) for USART3_IRQHandler
    startup_stm32f10x_hd.o(RESET) refers to bsp_timer.o(i.TIM7_IRQHandler) for TIM7_IRQHandler
    startup_stm32f10x_hd.o(.text) refers to system_stm32f10x.o(i.SystemInit) for SystemInit
    startup_stm32f10x_hd.o(.text) refers to entry.o(.ARM.Collect$$$$00000000) for __main
    system_stm32f10x.o(i.SetSysClock) refers to system_stm32f10x.o(i.SetSysClockTo72) for SetSysClockTo72
    system_stm32f10x.o(i.SystemCoreClockUpdate) refers to system_stm32f10x.o(.data) for SystemCoreClock
    system_stm32f10x.o(i.SystemInit) refers to system_stm32f10x.o(i.SetSysClock) for SetSysClock
    main.o(i.main) refers to system_stm32f10x.o(i.SystemInit) for SystemInit
    main.o(i.main) refers to bsp.o(i.Bsp_Init) for Bsp_Init
    main.o(i.main) refers to printfa.o(i.__0printf) for __2printf
    main.o(i.main) refers to app.o(i.App_Init) for App_Init
    main.o(i.main) refers to app.o(i.App_Start_FreeRTOS) for App_Start_FreeRTOS
    protocol.o(i.Clear_CMD_Flag) refers to protocol.o(.bss) for RxBuffer
    protocol.o(i.Clear_CMD_Flag) refers to protocol.o(.data) for New_CMD_length
    protocol.o(i.Clear_RxBuffer) refers to protocol.o(.bss) for RxBuffer
    protocol.o(i.Get_CMD_Flag) refers to protocol.o(.data) for New_CMD_flag
    protocol.o(i.Get_CMD_Length) refers to protocol.o(.data) for New_CMD_length
    protocol.o(i.Get_Request_Flag) refers to protocol.o(.data) for g_Request_Flag
    protocol.o(i.Get_RxBuffer) refers to protocol.o(.bss) for RxBuffer
    protocol.o(i.Request_Data) refers to app_uart_servo.o(i.UartServo_Clear_Flag) for UartServo_Clear_Flag
    protocol.o(i.Request_Data) refers to app_uart_servo.o(i.UartServo_Get_Angle) for UartServo_Get_Angle
    protocol.o(i.Request_Data) refers to protocol.o(.data) for g_Request_Flag
    protocol.o(i.Send_Request_Data) refers to app.o(i.App_Send_Version) for App_Send_Version
    protocol.o(i.Send_Request_Data) refers to app_motion.o(i.Motion_Send_Data) for Motion_Send_Data
    protocol.o(i.Send_Request_Data) refers to app_uart_servo.o(i.UartServo_Rx_Parse) for UartServo_Rx_Parse
    protocol.o(i.Send_Request_Data) refers to app_uart_servo.o(i.UartServo_Get_Read_State) for UartServo_Get_Read_State
    protocol.o(i.Send_Request_Data) refers to app_uart_servo.o(i.UartServo_Send_Offset_State) for UartServo_Send_Offset_State
    protocol.o(i.Send_Request_Data) refers to app_uart_servo.o(i.UartServo_Get_Angle) for UartServo_Get_Angle
    protocol.o(i.Send_Request_Data) refers to protocol.o(.data) for g_Request_Flag
    protocol.o(i.Upper_Data_Parse) refers to app.o(i.Set_Auto_Report) for Set_Auto_Report
    protocol.o(i.Upper_Data_Parse) refers to app_flash.o(i.Flash_Set_Auto_Report) for Flash_Set_Auto_Report
    protocol.o(i.Upper_Data_Parse) refers to bsp_beep.o(i.Beep_On_Time) for Beep_On_Time
    protocol.o(i.Upper_Data_Parse) refers to bsp_pwmservo.o(i.PwmServo_Set_Angle) for PwmServo_Set_Angle
    protocol.o(i.Upper_Data_Parse) refers to bsp_pwmservo.o(i.PwmServo_Set_Angle_All) for PwmServo_Set_Angle_All
    protocol.o(i.Upper_Data_Parse) refers to bsp_rgb.o(i.RGB_Set_Color) for RGB_Set_Color
    protocol.o(i.Upper_Data_Parse) refers to bsp_rgb.o(i.RGB_Update) for RGB_Update
    protocol.o(i.Upper_Data_Parse) refers to app_rgb.o(i.app_rgb_get_effect) for app_rgb_get_effect
    protocol.o(i.Upper_Data_Parse) refers to bsp_rgb.o(i.RGB_Clear) for RGB_Clear
    protocol.o(i.Upper_Data_Parse) refers to app_rgb.o(i.app_rgb_set_effect) for app_rgb_set_effect
    protocol.o(i.Upper_Data_Parse) refers to app_rgb.o(i.app_rgb_set_breathing_color) for app_rgb_set_breathing_color
    protocol.o(i.Upper_Data_Parse) refers to app_motion.o(i.Motion_Set_Pwm) for Motion_Set_Pwm
    protocol.o(i.Upper_Data_Parse) refers to app_mecanum.o(i.Mecanum_State) for Mecanum_State
    protocol.o(i.Upper_Data_Parse) refers to app_motion.o(i.Motion_Stop) for Motion_Stop
    protocol.o(i.Upper_Data_Parse) refers to app_mecanum.o(i.Mecanum_Ctrl) for Mecanum_Ctrl
[...]
    offset_arm                               0x20000374   Data          12  app_uart_servo.o(.bss)
    g_Encoder_All_Now                        0x20000380   Data          16  app_motion.o(.bss)
    g_Encoder_All_Last                       0x20000390   Data          16  app_motion.o(.bss)
    g_Encoder_All_Offset                     0x200003a0   Data          16  app_motion.o(.bss)
    g_Encoder_Total_Offset                   0x200003b0   Data          16  app_motion.o(.bss)
    car_x1                                   0x200003c0   Data          12  app_motion.o(.bss)
    motor_data                               0x200003cc   Data          40  app_motion.o(.bss)
    pid_motor                                0x200003f4   Data         144  app_pid.o(.bss)
    SBUS_RX_BUF                              0x20000484   Data          25  app_sbus.o(.bss)
    inBuffer                                 0x2000049d   Data          25  app_sbus.o(.bss)
    sbus_data                                0x200004b6   Data          25  app_sbus.o(.bss)
    g_sbus_channels                          0x200004d0   Data          36  app_sbus.o(.bss)
    waterfall                                0x200004f4   Data          68  app_rgb.o(.bss)
    marquee                                  0x20000538   Data          68  app_rgb.o(.bss)
    starbright                               0x2000057c   Data          68  app_rgb.o(.bss)
    star                                     0x200005c0   Data          15  app_rgb.o(.bss)
    Flash_BUF                                0x200005d0   Data        2048  bsp_flash.o(.bss)
    g_addr                                   0x20000dd0   Data         128  bsp_io_i2c.o(.bss)
    g_angle_num                              0x20000e50   Data          12  bsp_pwmservo.o(.bss)
    led_buf                                  0x2000105c   Data          68  bsp_rgb.o(.bss)
    LED_BYTE_Buffer                          0x200010a0   Data         410  bsp_rgb.o(.bss)
    base_state                               0x2000574e   Data          18  inv_mems_base_driver.o(.bss)
    fd                                       0x20005760   Data         172  inv_mems_mpu_fifo_control.o(.bss)
    final_matrix                             0x20005c40   Data          36  inv_mems_slave_compass.o(.bss)
    values                                   0x20005c98   Data          12  icm20948.o(.bss)
    quat                                     0x20005ca4   Data          16  icm20948.o(.bss)
    hal                                      0x20005cb4   Data          16  icm20948.o(.bss)
    g_icm_data                               0x20005cc4   Data          52  icm20948.o(.bss)
    dmp_bias                                 0x20005cf8   Data          36  icm20948.o(.bss)
    grv_float                                0x20005d1c   Data          16  icm20948.o(.bss)
    cube_grv                                 0x20005d2c   Data          16  icm20948.o(.bss)
    accel_float                              0x20005d3c   Data          12  icm20948.o(.bss)
    rv_float                                 0x20005d48   Data          16  icm20948.o(.bss)
    cube_rv                                  0x20005d58   Data          16  icm20948.o(.bss)
    gyro_float                               0x20005d68   Data          12  icm20948.o(.bss)
    gyro_raw_float                           0x20005d74   Data          12  icm20948.o(.bss)
    gyro_bias_float                          0x20005d80   Data          12  icm20948.o(.bss)
    previous_bias                            0x20005d8c   Data          12  icm20948.o(.bss)
    compass_float                            0x20005d98   Data          12  icm20948.o(.bss)
    compass_raw_float                        0x20005da4   Data          12  icm20948.o(.bss)
    compass_bias                             0x20005db0   Data          12  icm20948.o(.bss)
    gmrv_float                               0x20005dbc   Data          16  icm20948.o(.bss)
    cube_gmrv                                0x20005dcc   Data          16  icm20948.o(.bss)
    result_quat                              0x20005ddc   Data          16  icm20948.o(.bss)
    a_average                                0x20005dec   Data          12  icm20948.o(.bss)
    g_average                                0x20005df8   Data          12  icm20948.o(.bss)
    linAccFloat                              0x20005e04   Data          12  icm20948.o(.bss)
    gravityFloat                             0x20005e10   Data          12  icm20948.o(.bss)
    orientationFloat                         0x20005e1c   Data          12  icm20948.o(.bss)
    tst                                      0x20005e28   Data         256  icm20948.o(.bss)
    __initial_sp                             0x20006328   Data           0  startup_stm32f10x_hd.o(STACK)



==============================================================================

Memory Map of the image

  Image Entry point : 0x08000131

  Load Region LR_IROM1 (Base: 0x08000000, Size: 0x00016654, Max: 0x00040000, ABSOLUTE, COMPRESSED[0x00016390])

    Execution Region ER_IROM1 (Exec base: 0x08000000, Load base: 0x08000000, Size: 0x000162f4, Max: 0x00040000, ABSOLUTE)

    Exec Addr    Load Addr    Size         Type   Attr      Idx    E Section Name        Object

    0x08000000   0x08000000   0x00000130   Data   RO            3    RESET               startup_stm32f10x_hd.o
    0x08000130   0x08000130   0x00000000   Code   RO         8413  * .ARM.Collect$$$$00000000  mc_w.l(entry.o)
    0x08000130   0x08000130   0x00000004   Code   RO         8788    .ARM.Collect$$$$00000001  mc_w.l(entry2.o)
    0x08000134   0x08000134   0x00000004   Code   RO         8791    .ARM.Collect$$$$00000004  mc_w.l(entry5.o)
    0x08000138   0x08000138   0x00000000   Code   RO         8793    .ARM.Collect$$$$00000008  mc_w.l(entry7b.o)
    0x08000138   0x08000138   0x00000000   Code   RO         8795    .ARM.Collect$$$$0000000A  mc_w.l(entry8b.o)
    0x08000138   0x08000138   0x00000008   Code   RO         8796    .ARM.Collect$$$$0000000B  mc_w.l(entry9a.o)
    0x08000140   0x08000140   0x00000004   Code   RO         8803    .ARM.Collect$$$$0000000E  mc_w.l(entry12b.o)
    0x08000144   0x08000144   0x00000000   Code   RO         8798    .ARM.Collect$$$$0000000F  mc_w.l(entry10a.o)
    0x08000144   0x08000144   0x00000000   Code   RO         8800    .ARM.Collect$$$$00000011  mc_w.l(entry11a.o)
    0x08000144   0x08000144   0x00000004   Code   RO         8789    .ARM.Collect$$$$00002712  mc_w.l(entry2.o)
    0x08000148   0x08000148   0x00000096   Code   RO         5397    .emb_text           port.o
    0x080001de   0x080001de   0x00000002   PAD
    0x080001e0   0x080001e0   0x00000024   Code   RO            4    .text               startup_stm32f10x_hd.o
    0x08000204   0x08000204   0x00000062   Code   RO         8416    .text               mc_w.l(uldiv.o)
    0x08000266   0x08000266   0x00000062   Code   RO         8418    .text               mc_w.l(ldiv.o)
    0x080002c8   0x080002c8   0x00000024   Code   RO         8420    .text               mc_w.l(llsshr.o)
    0x080002ec   0x080002ec   0x00000024   Code   RO         8422    .text               mc_w.l(rand.o)
    0x08000310   0x08000310   0x00000040   Code   RO         8427    .text               mc_w.l(memmovea.o)
    0x08000350   0x08000350   0x00000024   Code   RO         8429    .text               mc_w.l(memseta.o)
    0x08000374   0x08000374   0x0000001a   Code   RO         8431    .text               mc_w.l(memcmp.o)
    0x0800038e   0x0800038e   0x000000b0   Code   RO         8698    .text               mf_w.l(fadd.o)
    0x0800043e   0x0800043e   0x00000064   Code   RO         8700    .text               mf_w.l(fmul.o)
    0x080004a2   0x080004a2   0x0000007c   Code   RO         8702    .text               mf_w.l(fdiv.o)
    0x0800051e   0x0800051e   0x0000014e   Code   RO         8704    .text               mf_w.l(dadd.o)
    0x0800066c   0x0800066c   0x000000e4   Code   RO         8706    .text               mf_w.l(dmul.o)
    0x08000750   0x08000750   0x000000de   Code   RO         8708    .text               mf_w.l(ddiv.o)
    0x0800082e   0x0800082e   0x00000012   Code   RO         8710    .text               mf_w.l(fflti.o)
    0x08000840   0x08000840   0x0000000a   Code   RO         8712    .text               mf_w.l(ffltui.o)
    0x0800084a   0x0800084a   0x00000022   Code   RO         8714    .text               mf_w.l(dflti.o)
    0x0800086c   0x0800086c   0x0000001a   Code   RO         8716    .text               mf_w.l(dfltui.o)
    0x08000886   0x08000886   0x00000032   Code   RO         8718    .text               mf_w.l(ffixi.o)
    0x080008b8   0x080008b8   0x00000028   Code   RO         8720    .text               mf_w.l(ffixui.o)
    0x080008e0   0x080008e0   0x00000026   Code   RO         8724    .text               mf_w.l(f2d.o)
    0x08000906   0x08000906   0x00000002   PAD
    0x08000908   0x08000908   0x00000030   Code   RO         8726    .text               mf_w.l(cdcmple.o)
    0x08000938   0x08000938   0x00000030   Code   RO         8728    .text               mf_w.l(cdrcmple.o)
    0x08000968   0x08000968   0x00000038   Code   RO         8730    .text               mf_w.l(d2f.o)
    0x080009a0   0x080009a0   0x00000014   Code   RO         8732    .text               mf_w.l(cfcmple.o)
    0x080009b4   0x080009b4   0x00000014   Code   RO         8734    .text               mf_w.l(cfrcmple.o)
    0x080009c8   0x080009c8   0x0000002c   Code   RO         8805    .text               mc_w.l(uidiv.o)
    0x080009f4   0x080009f4   0x0000001e   Code   RO         8807    .text               mc_w.l(llshl.o)
    0x08000a12   0x08000a12   0x00000020   Code   RO         8809    .text               mc_w.l(llushr.o)
    0x08000a32   0x08000a32   0x00000000   Code   RO         8818    .text               mc_w.l(iusefp.o)
    0x08000a32   0x08000a32   0x0000006e   Code   RO         8819    .text               mf_w.l(fepilogue.o)
    0x08000aa0   0x08000aa0   0x0000005e   Code   RO         8821    .text               mf_w.l(fsqrt.o)
    0x08000afe   0x08000afe   0x0000003c   Code   RO         8823    .text               mf_w.l(frnd.o)
    0x08000b3a   0x08000b3a   0x000000ba   Code   RO         8825    .text               mf_w.l(depilogue.o)
    0x08000bf4   0x08000bf4   0x0000002e   Code   RO         8827    .text               mf_w.l(dscalb.o)
    0x08000c22   0x08000c22   0x000000a2   Code   RO         8829    .text               mf_w.l(dsqrt.o)
    0x08000cc4   0x08000cc4   0x00000030   Code   RO         8831    .text               mf_w.l(dfixul.o)
    0x08000cf4   0x08000cf4   0x00000024   Code   RO         8833    .text               mc_w.l(init.o)
    0x08000d18   0x08000d18   0x00000018   Code   RO         8835    .text               mf_w.l(fscalb.o)
    0x08000d30   0x08000d30   0x00000056   Code   RO         8845    .text               mc_w.l(__dczerorl2.o)
    0x08000d86   0x08000d86   0x00000016   Code   RO         2316    i.ADC_Cmd           stm32f10x_adc.o
    0x08000d9c   0x08000d9c   0x0000005c   Code   RO         2318    i.ADC_DeInit        stm32f10x_adc.o
    0x08000df8   0x08000df8   0x00000014   Code   RO         2324    i.ADC_GetCalibrationStatus  stm32f10x_adc.o
    0x08000e0c   0x08000e0c   0x00000008   Code   RO         2325    i.ADC_GetConversionValue  stm32f10x_adc.o
    0x08000e14   0x08000e14   0x00000012   Code   RO         2327    i.ADC_GetFlagStatus  stm32f10x_adc.o
    0x08000e26   0x08000e26   0x00000014   Code   RO         2330    i.ADC_GetResetCalibrationStatus  stm32f10x_adc.o
    0x08000e3a   0x08000e3a   0x00000002   PAD
    0x08000e3c   0x08000e3c   0x00000050   Code   RO         2334    i.ADC_Init          stm32f10x_adc.o
    0x08000e8c   0x08000e8c   0x000000b8   Code   RO         2338    i.ADC_RegularChannelConfig  stm32f10x_adc.o
    0x08000f44   0x08000f44   0x0000000a   Code   RO         2339    i.ADC_ResetCalibration  stm32f10x_adc.o
    0x08000f4e   0x08000f4e   0x00000016   Code   RO         2341    i.ADC_SoftwareStartConvCmd  stm32f10x_adc.o
    0x08000f64   0x08000f64   0x0000000a   Code   RO         2343    i.ADC_StartCalibration  stm32f10x_adc.o
    0x08000f6e   0x08000f6e   0x00000002   PAD
    0x08000f70   0x08000f70   0x00000040   Code   RO         1988    i.Adc_Get           bsp_adc.o
    0x08000fb0   0x08000fb0   0x00000034   Code   RO         1989    i.Adc_Get_Average   bsp_adc.o
    0x08000fe4   0x08000fe4   0x0000001c   Code   RO         1990    i.Adc_Get_Battery_Volotage  bsp_adc.o
    0x08001000   0x08001000   0x00000024   Code   RO         1991    i.Adc_Get_Measure_Volotage  bsp_adc.o
    0x08001024   0x08001024   0x0000008c   Code   RO         1992    i.Adc_Init          bsp_adc.o
    0x080010b0   0x080010b0   0x0000000c   Code   RO          310    i.App_Delay_ms      app.o
    0x080010bc   0x080010bc   0x00000058   Code   RO          311    i.App_Init          app.o
    0x08001114   0x08001114   0x00000014   Code   RO          312    i.App_Loop          app.o
    0x08001128   0x08001128   0x00000008   Code   RO          313    i.App_Send_Version  app.o
    0x08001130   0x08001130   0x000000f0   Code   RO          314    i.App_Start_FreeRTOS  app.o
    0x08001220   0x08001220   0x00000064   Code   RO          603    i.Bat_Show_LED_Handle  app_bat.o
    0x08001284   0x08001284   0x00000030   Code   RO          604    i.Bat_State         app_bat.o
    0x080012b4   0x080012b4   0x0000000c   Code   RO          605    i.Bat_Voltage_Z10   app_bat.o
    0x080012c0   0x080012c0   0x00000034   Code   RO         1186    i.Beep_GPIO_Init    bsp_beep.o
    0x080012f4   0x080012f4   0x0000000c   Code   RO         1187    i.Beep_Get_State    bsp_beep.o
    0x08001300   0x08001300   0x0000000c   Code   RO         1188    i.Beep_Get_Time     bsp_beep.o
    0x0800130c   0x0800130c   0x0000005c   Code   RO         1189    i.Beep_On_Time      bsp_beep.o
    0x08001368   0x08001368   0x0000000c   Code   RO         1190    i.Beep_Set_State    bsp_beep.o
    0x08001374   0x08001374   0x0000000c   Code   RO         1191    i.Beep_Set_Time     bsp_beep.o
    0x08001380   0x08001380   0x0000002c   Code   RO         1192    i.Beep_Timeout_Close  bsp_beep.o
    0x080013ac   0x080013ac   0x0000008c   Code   RO         1046    i.Bsp_Init          bsp.o
    0x08001438   0x08001438   0x00000030   Code   RO         1047    i.Bsp_JTAG_Set      bsp.o
    0x08001468   0x08001468   0x00000044   Code   RO         1048    i.Bsp_Led_Show_Low_Battery  bsp.o
    0x080014ac   0x080014ac   0x00000090   Code   RO         1049    i.Bsp_Led_Show_State  bsp.o
    0x0800153c   0x0800153c   0x00000050   Code   RO         1051    i.Bsp_Send_Version  bsp.o
    0x0800158c   0x0800158c   0x00000064   Code   RO         2176    i.CAN_Config_Init   bsp_can.o
    0x080015f0   0x080015f0   0x00000038   Code   RO         2617    i.CAN_DeInit        stm32f10x_can.o
    0x08001628   0x08001628   0x00000108   Code   RO         2619    i.CAN_FilterInit    stm32f10x_can.o
    0x08001730   0x08001730   0x00000036   Code   RO         2177    i.CAN_Filter_Init   bsp_can.o
    0x08001766   0x08001766   0x00000002   PAD
    0x08001768   0x08001768   0x00000050   Code   RO         2178    i.CAN_GPIO_Init     bsp_can.o
    0x080017b8   0x080017b8   0x0000002a   Code   RO         2179    i.CAN_Get_Prescaler  bsp_can.o
    0x080017e2   0x080017e2   0x00000012   Code   RO         2625    i.CAN_ITConfig      stm32f10x_can.o
    0x080017f4   0x080017f4   0x00000114   Code   RO         2626    i.CAN_Init          stm32f10x_can.o
    0x08001908   0x08001908   0x0000001e   Code   RO         2627    i.CAN_MessagePending  stm32f10x_can.o
    0x08001926   0x08001926   0x00000002   PAD
    0x08001928   0x08001928   0x00000030   Code   RO         2180    i.CAN_NVIC_Init     bsp_can.o
    0x08001958   0x08001958   0x000000f0   Code   RO         2629    i.CAN_Receive       stm32f10x_can.o
    0x08001a48   0x08001a48   0x00000064   Code   RO         2181    i.CAN_Receive_Data  bsp_can.o
    0x08001aac   0x08001aac   0x00000020   Code   RO         2632    i.CAN_StructInit    stm32f10x_can.o
    0x08001acc   0x08001acc   0x00000030   Code   RO          223    i.Clear_CMD_Flag    protocol.o
    0x08001afc   0x08001afc   0x0000001c   Code   RO         3014    i.DMA_ClearFlag     stm32f10x_dma.o
    0x08001b18   0x08001b18   0x00000018   Code   RO         3016    i.DMA_Cmd           stm32f10x_dma.o
    0x08001b30   0x08001b30   0x0000014c   Code   RO         3017    i.DMA_DeInit        stm32f10x_dma.o
    0x08001c7c   0x08001c7c   0x0000002c   Code   RO         3019    i.DMA_GetFlagStatus  stm32f10x_dma.o
    0x08001ca8   0x08001ca8   0x0000003c   Code   RO         3022    i.DMA_Init          stm32f10x_dma.o
    0x08001ce4   0x08001ce4   0x00000004   Code   RO         3023    i.DMA_SetCurrDataCounter  stm32f10x_dma.o
    0x08001ce8   0x08001ce8   0x00000026   Code   RO         1452    i.Delay_For_Pin     bsp_io_i2c.o
    0x08001d0e   0x08001d0e   0x00000002   PAD
    0x08001d10   0x08001d10   0x00000048   Code   RO         6197    i.DividerRateSet    inv_mems_base_control.o
    0x08001d58   0x08001d58   0x00000018   Code   RO         6681    i.EXTI4_IRQHandler  inv_mems_drv_hook.o
    0x08001d70   0x08001d70   0x0000000c   Code   RO         3087    i.EXTI_ClearITPendingBit  stm32f10x_exti.o
    0x08001d7c   0x08001d7c   0x00000028   Code   RO         3091    i.EXTI_GetITStatus  stm32f10x_exti.o
    0x08001da4   0x08001da4   0x00000094   Code   RO         3092    i.EXTI_Init         stm32f10x_exti.o
    0x08001e38   0x08001e38   0x0000002c   Code   RO         1650    i.Encoder_Get_ALL   bsp_encoder.o
    0x08001e64   0x08001e64   0x00000014   Code   RO         1652    i.Encoder_Init      bsp_encoder.o
    0x08001e78   0x08001e78   0x000000e4   Code   RO         1653    i.Encoder_Init_TIM2  bsp_encoder.o
    0x08001f5c   0x08001f5c   0x000000c4   Code   RO         1654    i.Encoder_Init_TIM3  bsp_encoder.o
    0x08002020   0x08002020   0x000000c4   Code   RO         1655    i.Encoder_Init_TIM4  bsp_encoder.o
    0x080020e4   0x080020e4   0x000000c4   Code   RO         1656    i.Encoder_Init_TIM5  bsp_encoder.o
    0x080021a8   0x080021a8   0x0000007c   Code   RO         1657    i.Encoder_Read_CNT  bsp_encoder.o
    0x08002224   0x08002224   0x00000054   Code   RO         1658    i.Encoder_Update_Count  bsp_encoder.o
    0x08002278   0x08002278   0x00000028   Code   RO          806    i.Flash_ARM_Mid_Offset_Init  app_flash.o
    0x080022a0   0x080022a0   0x0000000e   Code   RO          807    i.Flash_Auto_Report_Init  app_flash.o
    0x080022ae   0x080022ae   0x00000002   PAD
    0x080022b0   0x080022b0   0x0000004c   Code   RO         1237    i.Flash_ErasePage   bsp_flash.o
    0x080022fc   0x080022fc   0x0000002c   Code   RO         1238    i.Flash_GetStatus   bsp_flash.o
    0x08002328   0x08002328   0x00000020   Code   RO          808    i.Flash_Init        app_flash.o
    0x08002348   0x08002348   0x00000014   Code   RO         1239    i.Flash_Lock        bsp_flash.o
    0x0800235c   0x0800235c   0x0000004c   Code   RO          809    i.Flash_PID_Init    app_flash.o
    0x080023a8   0x080023a8   0x00000026   Code   RO         1240    i.Flash_Read        bsp_flash.o
    0x080023ce   0x080023ce   0x00000006   Code   RO         1241    i.Flash_ReadHalfWord  bsp_flash.o
    0x080023d4   0x080023d4   0x00000030   Code   RO          810    i.Flash_Read_ARM_Offset  app_flash.o
    0x08002404   0x08002404   0x0000001c   Code   RO          811    i.Flash_Read_Auto_Report  app_flash.o
    0x08002420   0x08002420   0x00000084   Code   RO          812    i.Flash_Read_PID    app_flash.o
    0x080024a4   0x080024a4   0x0000001c   Code   RO          813    i.Flash_Read_Reset_State  app_flash.o
    0x080024c0   0x080024c0   0x00000078   Code   RO          814    i.Flash_Read_Yaw_PID  app_flash.o
    0x08002538   0x08002538   0x00000034   Code   RO          815    i.Flash_Reset_ARM_Mid_Offset  app_flash.o
    0x0800256c   0x0800256c   0x00000048   Code   RO          816    i.Flash_Reset_All_Value  app_flash.o
    0x080025b4   0x080025b4   0x00000030   Code   RO          817    i.Flash_Set_ARM_Mid_Offset  app_flash.o
    0x080025e4   0x080025e4   0x0000002c   Code   RO          818    i.Flash_Set_Auto_Report  app_flash.o
    0x08002610   0x08002610   0x000000e8   Code   RO          819    i.Flash_Set_PID     app_flash.o
    0x080026f8   0x080026f8   0x0000005c   Code   RO          820    i.Flash_Set_Yaw_PID  app_flash.o
    0x08002754   0x08002754   0x00000018   Code   RO         1242    i.Flash_Unlock      bsp_flash.o
    0x0800276c   0x0800276c   0x0000002c   Code   RO         1243    i.Flash_WaitDone    bsp_flash.o
    0x08002798   0x08002798   0x000000e8   Code   RO         1244    i.Flash_Write       bsp_flash.o
    0x08002880   0x08002880   0x00000040   Code   RO         1245    i.Flash_WriteHalfWord  bsp_flash.o
    0x080028c0   0x080028c0   0x00000026   Code   RO         1246    i.Flash_Write_NoCheck  bsp_flash.o
    0x080028e6   0x080028e6   0x00000002   PAD
    0x080028e8   0x080028e8   0x00000040   Code   RO         3443    i.GPIO_EXTILineConfig  stm32f10x_gpio.o
    0x08002928   0x08002928   0x00000074   Code   RO         8052    i.GPIO_INT_Config   icm20948.o
    0x0800299c   0x0800299c   0x00000116   Code   RO         3446    i.GPIO_Init         stm32f10x_gpio.o
    0x08002ab2   0x08002ab2   0x00000002   PAD
    0x08002ab4   0x08002ab4   0x00000090   Code   RO         3448    i.GPIO_PinRemapConfig  stm32f10x_gpio.o
    0x08002b44   0x08002b44   0x00000012   Code   RO         3450    i.GPIO_ReadInputDataBit  stm32f10x_gpio.o
    0x08002b56   0x08002b56   0x00000004   Code   RO         3453    i.GPIO_ResetBits    stm32f10x_gpio.o
    0x08002b5a   0x08002b5a   0x00000004   Code   RO         3454    i.GPIO_SetBits      stm32f10x_gpio.o
    0x08002b5e   0x08002b5e   0x00000002   PAD
    0x08002b60   0x08002b60   0x0000000c   Code   RO          225    i.Get_CMD_Flag      protocol.o
    0x08002b6c   0x08002b6c   0x0000000c   Code   RO          226    i.Get_CMD_Length    protocol.o
    0x08002b78   0x08002b78   0x0000000c   Code   RO          227    i.Get_Request_Flag  protocol.o
    0x08002b84   0x08002b84   0x00000008   Code   RO          228    i.Get_RxBuffer      protocol.o
    0x08002b8c   0x08002b8c   0x0000001c   Code   RO         8054    i.ICM20948_Get_Data  icm20948.o
    0x08002ba8   0x08002ba8   0x0000000c   Code   RO         8055    i.ICM20948_Get_Init_State  icm20948.o
    0x08002bb4   0x08002bb4   0x0000000c   Code   RO         8056    i.ICM20948_Get_Pitch_Now  icm20948.o
    0x08002bc0   0x08002bc0   0x0000000c   Code   RO         8057    i.ICM20948_Get_Roll_Now  icm20948.o
    0x08002bcc   0x08002bcc   0x00000040   Code   RO         8058    i.ICM20948_Get_Temperature  icm20948.o
    0x08002c0c   0x08002c0c   0x0000000c   Code   RO         8059    i.ICM20948_Get_Yaw_Now  icm20948.o
    0x08002c18   0x08002c18   0x0000003c   Code   RO         8060    i.ICM20948_Read_Data_Handle  icm20948.o
    0x08002c54   0x08002c54   0x00000274   Code   RO         8061    i.ICM20948_Send_Data  icm20948.o
    0x08002ec8   0x08002ec8   0x000002e8   Code   RO         8062    i.ICM_20948_Init    icm20948.o
    0x080031b0   0x080031b0   0x0000002c   Code   RO         1455    i.IIC_Init          bsp_io_i2c.o
    0x080031dc   0x080031dc   0x00000064   Code   RO         1458    i.IIC_Send_Byte     bsp_io_i2c.o
    0x08003240   0x08003240   0x00000068   Code   RO         1459    i.IIC_Start         bsp_io_i2c.o
    0x080032a8   0x080032a8   0x00000050   Code   RO         1460    i.IIC_Stop          bsp_io_i2c.o
    0x080032f8   0x080032f8   0x00000068   Code   RO         1461    i.IIC_Wait_Ack      bsp_io_i2c.o
    0x08003360   0x08003360   0x00000050   Code   RO         1617    i.Key1_Long_Press   bsp_key.o
    0x080033b0   0x080033b0   0x00000050   Code   RO         1618    i.Key1_State        bsp_key.o
    0x08003400   0x08003400   0x00000024   Code   RO         1619    i.Key_GPIO_Init     bsp_key.o
    0x08003424   0x08003424   0x00000038   Code   RO         1052    i.LED_GPIO_Init     bsp.o
    0x0800345c   0x0800345c   0x000000d4   Code   RO         1577    i.MOTOR_GPIO_Init   bsp_motor.o
    0x08003530   0x08003530   0x00000150   Code   RO          931    i.Mecanum_Ctrl      app_mecanum.o
    0x08003680   0x08003680   0x0000009c   Code   RO          932    i.Mecanum_State     app_mecanum.o
    0x0800371c   0x0800371c   0x00000038   Code   RO         6198    i.MinDelayGenActual  inv_mems_base_control.o
    0x08003754   0x08003754   0x00000044   Code   RO          637    i.Motion_Get_Encoder  app_motion.o
    0x08003798   0x08003798   0x000001b4   Code   RO          638    i.Motion_Get_Speed  app_motion.o
    0x0800394c   0x0800394c   0x00000034   Code   RO          640    i.Motion_Handle     app_motion.o
    0x08003980   0x08003980   0x000000bc   Code   RO          641    i.Motion_Send_Data  app_motion.o
    0x08003a3c   0x08003a3c   0x00000060   Code   RO          642    i.Motion_Set_Pwm    app_motion.o
    0x08003a9c   0x08003a9c   0x00000074   Code   RO          643    i.Motion_Set_Speed  app_motion.o
    0x08003b10   0x08003b10   0x0000001c   Code   RO          644    i.Motion_Set_Yaw_Adjust  app_motion.o
    0x08003b2c   0x08003b2c   0x00000038   Code   RO          645    i.Motion_Stop       app_motion.o
    0x08003b64   0x08003b64   0x000000cc   Code   RO         1579    i.Motor_PWM_Init    bsp_motor.o
    0x08003c30   0x08003c30   0x00000128   Code   RO         1580    i.Motor_Set_Pwm     bsp_motor.o
    0x08003d58   0x08003d58   0x00000024   Code   RO         1581    i.Motor_Stop        bsp_motor.o
    0x08003d7c   0x08003d7c   0x00000070   Code   RO         2274    i.NVIC_Init         misc.o
    0x08003dec   0x08003dec   0x00000014   Code   RO         2275    i.NVIC_PriorityGroupConfig  misc.o
    0x08003e00   0x08003e00   0x0000000a   Code   RO          570    i.OLED_Clear        app_oled.o
    0x08003e0a   0x08003e0a   0x0000002a   Code   RO          571    i.OLED_Draw_Line    app_oled.o
    0x08003e34   0x08003e34   0x0000003c   Code   RO          572    i.OLED_Draw_String  app_oled.o
    0x08003e70   0x08003e70   0x00000008   Code   RO          573    i.OLED_Refresh      app_oled.o
    0x08003e78   0x08003e78   0x00000050   Code   RO          315    i.OLED_Show_CarType  app.o
    0x08003ec8   0x08003ec8   0x00000030   Code   RO          706    i.PID_Calc_Motor    app_pid.o
    0x08003ef8   0x08003ef8   0x0000008c   Code   RO          708    i.PID_Clear_Motor   app_pid.o
    0x08003f84   0x08003f84   0x0000009c   Code   RO          711    i.PID_Incre_Calc    app_pid.o
    0x08004020   0x08004020   0x00000094   Code   RO          712    i.PID_Param_Init    app_pid.o
    0x080040b4   0x080040b4   0x00000064   Code   RO          713    i.PID_Set_Motor_Parm  app_pid.o
    0x08004118   0x08004118   0x00000034   Code   RO          714    i.PID_Set_Motor_Target  app_pid.o
    0x0800414c   0x0800414c   0x00000014   Code   RO          718    i.PID_Yaw_Reset     app_pid.o
    0x08004160   0x08004160   0x00000010   Code   RO          719    i.PID_Yaw_Set_Parm  app_pid.o
    0x08004170   0x08004170   0x0000009c   Code   RO         1709    i.PwmServo_Handle   bsp_pwmservo.o
    0x0800420c   0x0800420c   0x000000e4   Code   RO         1710    i.PwmServo_Init     bsp_pwmservo.o
    0x080042f0   0x080042f0   0x00000034   Code   RO         1711    i.PwmServo_Set_Angle  bsp_pwmservo.o
    0x08004324   0x08004324   0x00000084   Code   RO         1712    i.PwmServo_Set_Angle_All  bsp_pwmservo.o
    0x080043a8   0x080043a8   0x00000018   Code   RO         3863    i.RCC_ADCCLKConfig  stm32f10x_rcc.o
    0x080043c0   0x080043c0   0x00000020   Code   RO         3864    i.RCC_AHBPeriphClockCmd  stm32f10x_rcc.o
    0x080043e0   0x080043e0   0x00000020   Code   RO         3865    i.RCC_APB1PeriphClockCmd  stm32f10x_rcc.o
    0x08004400   0x08004400   0x00000020   Code   RO         3866    i.RCC_APB1PeriphResetCmd  stm32f10x_rcc.o
    0x08004420   0x08004420   0x00000020   Code   RO         3867    i.RCC_APB2PeriphClockCmd  stm32f10x_rcc.o
    0x08004440   0x08004440   0x00000020   Code   RO         3868    i.RCC_APB2PeriphResetCmd  stm32f10x_rcc.o
    0x08004460   0x08004460   0x000000d4   Code   RO         3875    i.RCC_GetClocksFreq  stm32f10x_rcc.o
    0x08004534   0x08004534   0x0000001c   Code   RO         2235    i.RGB_Clear         bsp_rgb.o
    0x08004550   0x08004550   0x000000fc   Code   RO         2236    i.RGB_Init          bsp_rgb.o
    0x0800464c   0x0800464c   0x00000038   Code   RO         2237    i.RGB_Set_Color     bsp_rgb.o
    0x08004684   0x08004684   0x0000002c   Code   RO         2238    i.RGB_Set_Color_U32  bsp_rgb.o
    0x080046b0   0x080046b0   0x000000a8   Code   RO         2239    i.RGB_Update        bsp_rgb.o
    0x08004758   0x08004758   0x00000030   Code   RO          229    i.Request_Data      protocol.o
    0x08004788   0x08004788   0x00000094   Code   RO          903    i.SBUS_Handle       app_sbus.o
    0x0800481c   0x0800481c   0x00000124   Code   RO          904    i.SBUS_Parse_Data   app_sbus.o
    0x08004940   0x08004940   0x0000008c   Code   RO          905    i.SBUS_Reveive      app_sbus.o
    0x080049cc   0x080049cc   0x00000058   Code   RO         1936    i.SPI2_ReadWriteByte  bsp_spi.o
    0x08004a24   0x08004a24   0x00000018   Code   RO         4350    i.SPI_Cmd           stm32f10x_spi.o
    0x08004a3c   0x08004a3c   0x00000012   Code   RO         4358    i.SPI_I2S_GetFlagStatus  stm32f10x_spi.o
    0x08004a4e   0x08004a4e   0x00000006   Code   RO         4361    i.SPI_I2S_ReceiveData  stm32f10x_spi.o
    0x08004a54   0x08004a54   0x00000004   Code   RO         4362    i.SPI_I2S_SendData  stm32f10x_spi.o
    0x08004a58   0x08004a58   0x0000003c   Code   RO         4363    i.SPI_Init          stm32f10x_spi.o
    0x08004a94   0x08004a94   0x000000a0   Code   RO         1814    i.SSD1306_DrawPixel  bsp_ssd1306.o
    0x08004b34   0x08004b34   0x00000020   Code   RO         1817    i.SSD1306_Fill      bsp_ssd1306.o
    0x08004b54   0x08004b54   0x0000000c   Code   RO         1818    i.SSD1306_GotoXY    bsp_ssd1306.o
    0x08004b60   0x08004b60   0x00000144   Code   RO         1819    i.SSD1306_Init      bsp_ssd1306.o
    0x08004ca4   0x08004ca4   0x000000a8   Code   RO         1822    i.SSD1306_Putc      bsp_ssd1306.o
    0x08004d4c   0x08004d4c   0x0000002a   Code   RO         1823    i.SSD1306_Puts      bsp_ssd1306.o
    0x08004d76   0x08004d76   0x00000002   PAD
    0x08004d78   0x08004d78   0x00000048   Code   RO         1825    i.SSD1306_UpdateScreen  bsp_ssd1306.o
    0x08004dc0   0x08004dc0   0x00000020   Code   RO         6199    i.SampleRateDividerGet  inv_mems_base_control.o
    0x08004de0   0x08004de0   0x000000a8   Code   RO          230    i.Send_Request_Data  protocol.o
    0x08004e88   0x08004e88   0x00000008   Code   RO           24    i.SetSysClock       system_stm32f10x.o
    0x08004e90   0x08004e90   0x000000e0   Code   RO           25    i.SetSysClockTo72   system_stm32f10x.o
    0x08004f70   0x08004f70   0x00000018   Code   RO          316    i.Set_Auto_Report   app.o
    0x08004f88   0x08004f88   0x00000060   Code   RO         1937    i.Spi_Init          bsp_spi.o
    0x08004fe8   0x08004fe8   0x00000070   Code   RO         1939    i.Spi_gpio_init     bsp_spi.o
    0x08005058   0x08005058   0x00000028   Code   RO         2278    i.SysTick_CLKSourceConfig  misc.o
    0x08005080   0x08005080   0x00000060   Code   RO           27    i.SystemInit        system_stm32f10x.o
    0x080050e0   0x080050e0   0x0000000c   Code   RO          606    i.System_Enable     app_bat.o
    0x080050ec   0x080050ec   0x00000080   Code   RO         4489    i.TI1_Config        stm32f10x_tim.o
    0x0800516c   0x0800516c   0x00000098   Code   RO         4490    i.TI2_Config        stm32f10x_tim.o
    0x08005204   0x08005204   0x00000090   Code   RO         4491    i.TI3_Config        stm32f10x_tim.o
    0x08005294   0x08005294   0x00000098   Code   RO         4492    i.TI4_Config        stm32f10x_tim.o
    0x0800532c   0x0800532c   0x00000020   Code   RO         1303    i.TIM7_IRQHandler   bsp_timer.o
    0x0800534c   0x0800534c   0x00000058   Code   RO         1304    i.TIM7_Init         bsp_timer.o
    0x080053a4   0x080053a4   0x00000006   Code   RO         4499    i.TIM_ClearFlag     stm32f10x_tim.o
    0x080053aa   0x080053aa   0x00000006   Code   RO         4500    i.TIM_ClearITPendingBit  stm32f10x_tim.o
    0x080053b0   0x080053b0   0x00000018   Code   RO         4505    i.TIM_Cmd           stm32f10x_tim.o
    0x080053c8   0x080053c8   0x0000001e   Code   RO         4507    i.TIM_CtrlPWMOutputs  stm32f10x_tim.o
    0x080053e6   0x080053e6   0x00000012   Code   RO         4508    i.TIM_DMACmd        stm32f10x_tim.o
    0x080053f8   0x080053f8   0x000001e8   Code   RO         4510    i.TIM_DeInit        stm32f10x_tim.o
    0x080055e0   0x080055e0   0x00000042   Code   RO         4514    i.TIM_EncoderInterfaceConfig  stm32f10x_tim.o
    0x08005622   0x08005622   0x00000022   Code   RO         4526    i.TIM_GetITStatus   stm32f10x_tim.o
    0x08005644   0x08005644   0x000000ac   Code   RO         4528    i.TIM_ICInit        stm32f10x_tim.o
    0x080056f0   0x080056f0   0x00000012   Code   RO         4529    i.TIM_ICStructInit  stm32f10x_tim.o
    0x08005702   0x08005702   0x00000012   Code   RO         4530    i.TIM_ITConfig      stm32f10x_tim.o
    0x08005714   0x08005714   0x00000098   Code   RO         4534    i.TIM_OC1Init       stm32f10x_tim.o
    0x080057ac   0x080057ac   0x000000a4   Code   RO         4539    i.TIM_OC2Init       stm32f10x_tim.o
    0x08005850   0x08005850   0x000000a0   Code   RO         4544    i.TIM_OC3Init       stm32f10x_tim.o
    0x080058f0   0x080058f0   0x0000007c   Code   RO         4549    i.TIM_OC4Init       stm32f10x_tim.o
    0x0800596c   0x0800596c   0x00000014   Code   RO         4552    i.TIM_OCStructInit  stm32f10x_tim.o
    0x08005980   0x08005980   0x00000018   Code   RO         4555    i.TIM_SelectCCDMA   stm32f10x_tim.o
    0x08005998   0x08005998   0x00000004   Code   RO         4566    i.TIM_SetCompare1   stm32f10x_tim.o
    0x0800599c   0x0800599c   0x00000004   Code   RO         4567    i.TIM_SetCompare2   stm32f10x_tim.o
    0x080059a0   0x080059a0   0x00000004   Code   RO         4568    i.TIM_SetCompare3   stm32f10x_tim.o
    0x080059a4   0x080059a4   0x00000006   Code   RO         4569    i.TIM_SetCompare4   stm32f10x_tim.o
    0x080059aa   0x080059aa   0x00000004   Code   RO         4570    i.TIM_SetCounter    stm32f10x_tim.o
    0x080059ae   0x080059ae   0x00000012   Code   RO         4571    i.TIM_SetIC1Prescaler  stm32f10x_tim.o
    0x080059c0   0x080059c0   0x0000001a   Code   RO         4572    i.TIM_SetIC2Prescaler  stm32f10x_tim.o
    0x080059da   0x080059da   0x00000012   Code   RO         4573    i.TIM_SetIC3Prescaler  stm32f10x_tim.o
    0x080059ec   0x080059ec   0x0000001a   Code   RO         4574    i.TIM_SetIC4Prescaler  stm32f10x_tim.o
    0x08005a06   0x08005a06   0x00000002   PAD
    0x08005a08   0x08005a08   0x000000a4   Code   RO         4576    i.TIM_TimeBaseInit  stm32f10x_tim.o
    0x08005aac   0x08005aac   0x00000012   Code   RO         4577    i.TIM_TimeBaseStructInit  stm32f10x_tim.o
    0x08005abe   0x08005abe   0x00000002   PAD
    0x08005ac0   0x08005ac0   0x00000024   Code   RO         1326    i.USART1_IRQHandler  bsp_usart.o
    0x08005ae4   0x08005ae4   0x000000b0   Code   RO         1327    i.USART1_Init       bsp_usart.o
    0x08005b94   0x08005b94   0x0000001c   Code   RO         1328    i.USART1_Send_ArrayU8  bsp_usart.o
    0x08005bb0   0x08005bb0   0x00000020   Code   RO         1329    i.USART1_Send_U8    bsp_usart.o
    0x08005bd0   0x08005bd0   0x00000028   Code   RO         1331    i.USART2_IRQHandler  bsp_usart.o
    0x08005bf8   0x08005bf8   0x000000ac   Code   RO         1332    i.USART2_Init       bsp_usart.o
    0x08005ca4   0x08005ca4   0x00000024   Code   RO         1335    i.USART3_IRQHandler  bsp_usart.o
    0x08005cc8   0x08005cc8   0x000000a8   Code   RO         1336    i.USART3_Init       bsp_usart.o
    0x08005d70   0x08005d70   0x0000001c   Code   RO         1337    i.USART3_Send_ArrayU8  bsp_usart.o
    0x08005d8c   0x08005d8c   0x00000020   Code   RO         1338    i.USART3_Send_U8    bsp_usart.o
    0x08005dac   0x08005dac   0x00000012   Code   RO         5037    i.USART_ClearFlag   stm32f10x_usart.o
    0x08005dbe   0x08005dbe   0x00000018   Code   RO         5041    i.USART_Cmd         stm32f10x_usart.o
    0x08005dd6   0x08005dd6   0x0000001a   Code   RO         5044    i.USART_GetFlagStatus  stm32f10x_usart.o
    0x08005df0   0x08005df0   0x00000054   Code   RO         5045    i.USART_GetITStatus  stm32f10x_usart.o
    0x08005e44   0x08005e44   0x0000004a   Code   RO         5047    i.USART_ITConfig    stm32f10x_usart.o
    0x08005e8e   0x08005e8e   0x00000002   PAD
    0x08005e90   0x08005e90   0x000000d8   Code   RO         5048    i.USART_Init        stm32f10x_usart.o
    0x08005f68   0x08005f68   0x0000000a   Code   RO         5055    i.USART_ReceiveData  stm32f10x_usart.o
    0x08005f72   0x08005f72   0x00000008   Code   RO         5058    i.USART_SendData    stm32f10x_usart.o
    0x08005f7a   0x08005f7a   0x00000002   PAD
    0x08005f7c   0x08005f7c   0x00000010   Code   RO         2184    i.USB_LP_CAN1_RX0_IRQHandler  bsp_can.o
    0x08005f8c   0x08005f8c   0x0000002c   Code   RO          446    i.UartServo_Clear_Flag  app_uart_servo.o
    0x08005fb8   0x08005fb8   0x000000dc   Code   RO          447    i.UartServo_Ctrl    app_uart_servo.o
    0x08006094   0x08006094   0x00000056   Code   RO          448    i.UartServo_Get_Angle  app_uart_servo.o
    0x080060ea   0x080060ea   0x00000002   PAD
    0x080060ec   0x080060ec   0x00000014   Code   RO          449    i.UartServo_Get_Flag  app_uart_servo.o
    0x08006100   0x08006100   0x00000020   Code   RO          450    i.UartServo_Get_Offset  app_uart_servo.o
    0x08006120   0x08006120   0x0000000c   Code   RO          451    i.UartServo_Get_Read_State  app_uart_servo.o
    0x0800612c   0x0800612c   0x00000084   Code   RO          454    i.UartServo_Revice  app_uart_servo.o
    0x080061b0   0x080061b0   0x0000007c   Code   RO          455    i.UartServo_Rx_Parse  app_uart_servo.o
    0x0800622c   0x0800622c   0x00000058   Code   RO          456    i.UartServo_Send_ARM_Angle  app_uart_servo.o
    0x08006284   0x08006284   0x00000056   Code   RO          457    i.UartServo_Send_Offset_State  app_uart_servo.o
    0x080062da   0x080062da   0x0000005e   Code   RO          458    i.UartServo_Set_ID  app_uart_servo.o
    0x08006338   0x08006338   0x00000010   Code   RO          459    i.UartServo_Set_Offset  app_uart_servo.o
    0x08006348   0x08006348   0x0000000c   Code   RO          460    i.UartServo_Set_Read_State  app_uart_servo.o
    0x08006354   0x08006354   0x000000ac   Code   RO          461    i.UartServo_Set_Snyc_Buffer  app_uart_servo.o
    0x08006400   0x08006400   0x0000005a   Code   RO          462    i.UartServo_Set_Torque  app_uart_servo.o
    0x0800645a   0x0800645a   0x00000002   PAD
    0x0800645c   0x0800645c   0x0000018c   Code   RO          463    i.UartServo_Sync_Write  app_uart_servo.o
    0x080065e8   0x080065e8   0x00000096   Code   RO          464    i.UartServo_Verify_Offset  app_uart_servo.o
    0x0800667e   0x0800667e   0x00000002   PAD
    0x08006680   0x08006680   0x00000464   Code   RO          231    i.Upper_Data_Parse  protocol.o
    0x08006ae4   0x08006ae4   0x000000d0   Code   RO          232    i.Upper_Data_Receive  protocol.o
    0x08006bb4   0x08006bb4   0x00000020   Code   RO         8670    i.__0printf         mc_w.l(printfa.o)
    0x08006bd4   0x08006bd4   0x00000028   Code   RO         8672    i.__0sprintf        mc_w.l(printfa.o)
    0x08006bfc   0x08006bfc   0x00000028   Code   RO         8753    i.__ARM_fpclassify  m_ws.l(fpclassify.o)
    0x08006c24   0x08006c24   0x00000026   Code   RO         8755    i.__ARM_fpclassifyf  m_ws.l(fpclassifyf.o)
    0x08006c4a   0x08006c4a   0x000000aa   Code   RO         8771    i.__kernel_poly     m_ws.l(poly.o)
    0x08006cf4   0x08006cf4   0x00000006   Code   RO         8740    i.__mathlib_dbl_infnan  m_ws.l(dunder.o)
    0x08006cfa   0x08006cfa   0x00000004   Code   RO         8741    i.__mathlib_dbl_infnan2  m_ws.l(dunder.o)
    0x08006cfe   0x08006cfe   0x0000000c   Code   RO         8742    i.__mathlib_dbl_invalid  m_ws.l(dunder.o)
    0x08006d0a   0x08006d0a   0x00000002   PAD
    0x08006d0c   0x08006d0c   0x00000010   Code   RO         8745    i.__mathlib_dbl_underflow  m_ws.l(dunder.o)
    0x08006d1c   0x08006d1c   0x00000006   Code   RO         8758    i.__mathlib_flt_infnan  m_ws.l(funder.o)
    0x08006d22   0x08006d22   0x00000008   Code   RO         8760    i.__mathlib_flt_invalid  m_ws.l(funder.o)
    0x08006d2a   0x08006d2a   0x0000000a   Code   RO         8763    i.__mathlib_flt_underflow  m_ws.l(funder.o)
    0x08006d34   0x08006d34   0x00000168   Code   RO         8779    i.__mathlib_rredf2  m_ws.l(rredf.o)
    0x08006e9c   0x08006e9c   0x0000000e   Code   RO         8839    i.__scatterload_copy  mc_w.l(handlers.o)
    0x08006eaa   0x08006eaa   0x00000002   Code   RO         8840    i.__scatterload_null  mc_w.l(handlers.o)
    0x08006eac   0x08006eac   0x0000000e   Code   RO         8841    i.__scatterload_zeroinit  mc_w.l(handlers.o)
    0x08006eba   0x08006eba   0x00000002   PAD
    0x08006ebc   0x08006ebc   0x0000000c   Code   RO         8813    i.__set_errno       mc_w.l(errno.o)
    0x08006ec8   0x08006ec8   0x00000184   Code   RO         8677    i._fp_digits        mc_w.l(printfa.o)
    0x0800704c   0x0800704c   0x000006b4   Code   RO         8678    i._printf_core      mc_w.l(printfa.o)
    0x08007700   0x08007700   0x00000024   Code   RO         8679    i._printf_post_padding  mc_w.l(printfa.o)
    0x08007724   0x08007724   0x0000002e   Code   RO         8680    i._printf_pre_padding  mc_w.l(printfa.o)
    0x08007752   0x08007752   0x0000000a   Code   RO         8682    i._sputc            mc_w.l(printfa.o)
    0x0800775c   0x0800775c   0x0000000c   Code   RO         6384    i.activate_compass  inv_mems_base_driver.o
    0x08007768   0x08007768   0x00000118   Code   RO          957    i.app_rbg_gradient  app_rgb.o
    0x08007880   0x08007880   0x000000b4   Code   RO          958    i.app_rgb_battery   app_rgb.o
    0x08007934   0x08007934   0x00000158   Code   RO          959    i.app_rgb_breathing  app_rgb.o
    0x08007a8c   0x08007a8c   0x00000104   Code   RO          960    i.app_rgb_effects_handle  app_rgb.o
    0x08007b90   0x08007b90   0x0000000c   Code   RO          961    i.app_rgb_get_effect  app_rgb.o
    0x08007b9c   0x08007b9c   0x00000024   Code   RO          963    i.app_rgb_init      app_rgb.o
    0x08007bc0   0x08007bc0   0x00000094   Code   RO          964    i.app_rgb_marquee   app_rgb.o
    0x08007c54   0x08007c54   0x00000010   Code   RO          965    i.app_rgb_set_breathing_color  app_rgb.o
    0x08007c64   0x08007c64   0x00000020   Code   RO          966    i.app_rgb_set_effect  app_rgb.o
    0x08007c84   0x08007c84   0x00000134   Code   RO          967    i.app_rgb_starbright  app_rgb.o
    0x08007db8   0x08007db8   0x00000128   Code   RO          968    i.app_rgb_waterfall  app_rgb.o
    0x08007ee0   0x08007ee0   0x00000270   Code   RO         8302    i.asin              m_ws.l(asin.o)
    0x08008150   0x08008150   0x00000220   Code   RO         8312    i.atan              m_ws.l(atan.o)
    0x08008370   0x08008370   0x0000019c   Code   RO         8322    i.atan2             m_ws.l(atan2.o)
    0x0800850c   0x0800850c   0x00000104   Code   RO         7498    i.atan2_q15         ml_math_func.o
    0x08008610   0x08008610   0x00000082   Code   RO         6984    i.check_fifo_decoded_headers  inv_mems_mpu_fifo_control.o
    0x08008692   0x08008692   0x00000062   Code   RO         7438    i.check_reg_access_lp_disable  inv_mems_transport.o
    0x080086f4   0x080086f4   0x0000017c   Code   RO         8350    i.cosf              m_ws.l(cosf.o)
    0x08008870   0x08008870   0x0000003c   Code   RO         1054    i.delay_init        bsp.o
    0x080088ac   0x080088ac   0x0000003c   Code   RO         1055    i.delay_ms          bsp.o
    0x080088e8   0x080088e8   0x0000003c   Code   RO         1056    i.delay_us          bsp.o
    0x08008924   0x08008924   0x0000000c   Code   RO         6386    i.desactivate_compass  inv_mems_base_driver.o
    0x08008930   0x08008930   0x0000001c   Code   RO         6985    i.dmp_get_6quaternion  inv_mems_mpu_fifo_control.o
    0x0800894c   0x0800894c   0x0000001c   Code   RO         6986    i.dmp_get_9quaternion  inv_mems_mpu_fifo_control.o
    0x08008968   0x08008968   0x0000001c   Code   RO         6987    i.dmp_get_accel     inv_mems_mpu_fifo_control.o
    0x08008984   0x08008984   0x0000001c   Code   RO         6988    i.dmp_get_bac_state  inv_mems_mpu_fifo_control.o
    0x080089a0   0x080089a0   0x0000001c   Code   RO         6989    i.dmp_get_bac_ts    inv_mems_mpu_fifo_control.o
    0x080089bc   0x080089bc   0x0000001c   Code   RO         6990    i.dmp_get_calibrated_compass  inv_mems_mpu_fifo_control.o
    0x080089d8   0x080089d8   0x00000060   Code   RO         6991    i.dmp_get_fifo_all  inv_mems_mpu_fifo_control.o
    0x08008a38   0x08008a38   0x00000044   Code   RO         6992    i.dmp_get_fifo_length  inv_mems_mpu_fifo_control.o
    0x08008a7c   0x08008a7c   0x0000001c   Code   RO         6993    i.dmp_get_flip_pickup_state  inv_mems_mpu_fifo_control.o
    0x08008a98   0x08008a98   0x0000001c   Code   RO         6994    i.dmp_get_gmrvquaternion  inv_mems_mpu_fifo_control.o
    0x08008ab4   0x08008ab4   0x0000001c   Code   RO         6995    i.dmp_get_gyro_bias  inv_mems_mpu_fifo_control.o
    0x08008ad0   0x08008ad0   0x0000000c   Code   RO         6728    i.dmp_get_pedometer_get_all_steps  inv_mems_interface_mapping.o
    0x08008adc   0x08008adc   0x0000002c   Code   RO         6729    i.dmp_get_pedometer_num_of_steps  inv_mems_interface_mapping.o
    0x08008b08   0x08008b08   0x0000003e   Code   RO         5921    i.dmp_get_pedometer_num_of_steps_20648  dmp3default_20648.o
    0x08008b46   0x08008b46   0x00000002   PAD
    0x08008b48   0x08008b48   0x0000001c   Code   RO         6998    i.dmp_get_raw_compass  inv_mems_mpu_fifo_control.o
    0x08008b64   0x08008b64   0x0000002c   Code   RO         6999    i.dmp_get_raw_gyro  inv_mems_mpu_fifo_control.o
    0x08008b90   0x08008b90   0x0000004c   Code   RO         7001    i.dmp_read_fifo     inv_mems_mpu_fifo_control.o
    0x08008bdc   0x08008bdc   0x00000008   Code   RO         6731    i.dmp_reset_control_registers  inv_mems_interface_mapping.o
    0x08008be4   0x08008be4   0x0000004c   Code   RO         5923    i.dmp_reset_control_registers_20648  dmp3default_20648.o
    0x08008c30   0x08008c30   0x00000090   Code   RO         7002    i.dmp_reset_fifo    inv_mems_mpu_fifo_control.o
    0x08008cc0   0x08008cc0   0x00000008   Code   RO         6732    i.dmp_reset_odr_counters  inv_mems_interface_mapping.o
    0x08008cc8   0x08008cc8   0x0000008e   Code   RO         5924    i.dmp_reset_odr_counters_20648  dmp3default_20648.o
    0x08008d56   0x08008d56   0x00000004   Code   RO         6733    i.dmp_reset_pickup  inv_mems_interface_mapping.o
    0x08008d5a   0x08008d5a   0x0000000c   Code   RO         6734    i.dmp_set_FIFO_watermark  inv_mems_interface_mapping.o
    0x08008d66   0x08008d66   0x0000002a   Code   RO         5925    i.dmp_set_FIFO_watermark_20648  dmp3default_20648.o
    0x08008d90   0x08008d90   0x0000000c   Code   RO         6735    i.dmp_set_accel_cal_params  inv_mems_interface_mapping.o
    0x08008d9c   0x08008d9c   0x0000005c   Code   RO         5926    i.dmp_set_accel_cal_params_20648  dmp3default_20648.o
    0x08008df8   0x08008df8   0x0000000c   Code   RO         6736    i.dmp_set_accel_feedback_gain  inv_mems_interface_mapping.o
    0x08008e04   0x08008e04   0x0000002a   Code   RO         5927    i.dmp_set_accel_feedback_gain_20648  dmp3default_20648.o
    0x08008e2e   0x08008e2e   0x0000000c   Code   RO         6737    i.dmp_set_accel_fsr  inv_mems_interface_mapping.o
    0x08008e3a   0x08008e3a   0x00000064   Code   RO         5928    i.dmp_set_accel_fsr_20648  dmp3default_20648.o
    0x08008e9e   0x08008e9e   0x0000000c   Code   RO         6738    i.dmp_set_accel_scale2  inv_mems_interface_mapping.o
    0x08008eaa   0x08008eaa   0x00000064   Code   RO         5929    i.dmp_set_accel_scale2_20648  dmp3default_20648.o
    0x08008f0e   0x08008f0e   0x00000020   Code   RO         6739    i.dmp_set_bac_rate  inv_mems_interface_mapping.o
    0x08008f2e   0x08008f2e   0x0000006a   Code   RO         5930    i.dmp_set_bac_rate_20648  dmp3default_20648.o
    0x08008f98   0x08008f98   0x0000000c   Code   RO         6741    i.dmp_set_bias      inv_mems_interface_mapping.o
    0x08008fa4   0x08008fa4   0x000000f6   Code   RO         5932    i.dmp_set_bias_20648  dmp3default_20648.o
    0x0800909a   0x0800909a   0x0000000c   Code   RO         6744    i.dmp_set_compass_matrix  inv_mems_interface_mapping.o
    0x080090a6   0x080090a6   0x000000ea   Code   RO         5934    i.dmp_set_compass_matrix_20648  dmp3default_20648.o
    0x08009190   0x08009190   0x0000000c   Code   RO         6745    i.dmp_set_data_interrupt_control  inv_mems_interface_mapping.o
    0x0800919c   0x0800919c   0x00000028   Code   RO         5935    i.dmp_set_data_interrupt_control_20648  dmp3default_20648.o
    0x080091c4   0x080091c4   0x0000000c   Code   RO         6746    i.dmp_set_data_output_control1  inv_mems_interface_mapping.o
    0x080091d0   0x080091d0   0x00000020   Code   RO         5936    i.dmp_set_data_output_control1_20648  dmp3default_20648.o
    0x080091f0   0x080091f0   0x0000000c   Code   RO         6747    i.dmp_set_data_output_control2  inv_mems_interface_mapping.o
    0x080091fc   0x080091fc   0x00000020   Code   RO         5937    i.dmp_set_data_output_control2_20648  dmp3default_20648.o
    0x0800921c   0x0800921c   0x0000000c   Code   RO         6748    i.dmp_set_data_rdy_status  inv_mems_interface_mapping.o
    0x08009228   0x08009228   0x00000028   Code   RO         5938    i.dmp_set_data_rdy_status_20648  dmp3default_20648.o
    0x08009250   0x08009250   0x0000000c   Code   RO         6749    i.dmp_set_gyro_sf   inv_mems_interface_mapping.o
    0x0800925c   0x0800925c   0x00000020   Code   RO         5940    i.dmp_set_gyro_sf_20648  dmp3default_20648.o
    0x0800927c   0x0800927c   0x0000000c   Code   RO         6750    i.dmp_set_motion_event_control  inv_mems_interface_mapping.o
    0x08009288   0x08009288   0x00000020   Code   RO         5941    i.dmp_set_motion_event_control_20648  dmp3default_20648.o
    0x080092a8   0x080092a8   0x00000010   Code   RO         6752    i.dmp_set_sensor_rate  inv_mems_interface_mapping.o
    0x080092b8   0x080092b8   0x00000076   Code   RO         5943    i.dmp_set_sensor_rate_20648  dmp3default_20648.o
    0x0800932e   0x0800932e   0x00000006   Code   RO         6753    i.dmp_set_tilt_enable  inv_mems_interface_mapping.o
    0x08009334   0x08009334   0x00000074   Code   RO         7003    i.extract_sample_cnt  inv_mems_mpu_fifo_control.o
    0x080093a8   0x080093a8   0x00000704   Code   RO         8064    i.fifo_handler      icm20948.o
    0x08009aac   0x08009aac   0x00000024   Code   RO         1340    i.fputc             bsp_usart.o
    0x08009ad0   0x08009ad0   0x000000c0   Code   RO         6200    i.getMinDlyAccel    inv_mems_base_control.o
    0x08009b90   0x08009b90   0x0000004c   Code   RO         6201    i.getMinDlyCompass  inv_mems_base_control.o
    0x08009bdc   0x08009bdc   0x00000030   Code   RO         6202    i.getMinDlyGyro     inv_mems_base_control.o
    0x08009c0c   0x08009c0c   0x00000060   Code   RO         7499    i.get_highest_bit_position  ml_math_func.o
    0x08009c6c   0x08009c6c   0x00000140   Code   RO         7004    i.get_packet_size_and_samplecnt  inv_mems_mpu_fifo_control.o
    0x08009dac   0x08009dac   0x00000014   Code   RO         8065    i.get_tick_count    icm20948.o
    0x08009dc0   0x08009dc0   0x0000000c   Code   RO         8066    i.gyro_data_ready_cb  icm20948.o
    0x08009dcc   0x08009dcc   0x00000060   Code   RO         1469    i.i2cWrite          bsp_io_i2c.o
    0x08009e2c   0x08009e2c   0x0000003c   Code   RO         1470    i.i2c_scanf_addr    bsp_io_i2c.o
    0x08009e68   0x08009e68   0x0000001c   Code   RO         6203    i.inv_androidSensor_enabled  inv_mems_base_control.o
    0x08009e84   0x08009e84   0x00000050   Code   RO         7324    i.inv_apply_raw_compass_matrix  inv_mems_slave_compass.o
    0x08009ed4   0x08009ed4   0x00000090   Code   RO         7200    i.inv_check_accelgyro_self_test  inv_mems_mpu_selftest.o
    0x08009f64   0x08009f64   0x000001ac   Code   RO         7326    i.inv_compass_dmp_cal  inv_mems_slave_compass.o
    0x0800a110   0x0800a110   0x0000004a   Code   RO         7506    i.inv_compute_scalar_part  ml_math_func.o
    0x0800a15a   0x0800a15a   0x00000002   PAD
    0x0800a15c   0x0800a15c   0x000000a4   Code   RO         6204    i.inv_convert_androidSensor_to_control  inv_mems_base_control.o
    0x0800a200   0x0800a200   0x00000048   Code   RO         6617    i.inv_convert_dmp3_to_body  inv_mems_data_converter.o
    0x0800a248   0x0800a248   0x000000c4   Code   RO         6618    i.inv_convert_rotation_vector  inv_mems_data_converter.o
    0x0800a30c   0x0800a30c   0x00000054   Code   RO         6619    i.inv_convert_rotation_vector_1  inv_mems_data_converter.o
    0x0800a360   0x0800a360   0x00000026   Code   RO         7005    i.inv_decode_3_16bit_elements  inv_mems_mpu_fifo_control.o
    0x0800a386   0x0800a386   0x00000044   Code   RO         7006    i.inv_decode_3_32bit_elements  inv_mems_mpu_fifo_control.o
    0x0800a3ca   0x0800a3ca   0x000001f4   Code   RO         7007    i.inv_decode_one_ivory_fifo_packet  inv_mems_mpu_fifo_control.o
    0x0800a5be   0x0800a5be   0x00000010   Code   RO         6758    i.inv_dmpdriver_int16_to_big8  inv_mems_interface_mapping.o
    0x0800a5ce   0x0800a5ce   0x00000010   Code   RO         6759    i.inv_dmpdriver_int32_to_big8  inv_mems_interface_mapping.o
    0x0800a5de   0x0800a5de   0x00000014   Code   RO         6760    i.inv_dmpdriver_mems_firmware_load  inv_mems_interface_mapping.o
    0x0800a5f2   0x0800a5f2   0x00000014   Code   RO         6761    i.inv_dmpdriver_read_mems  inv_mems_interface_mapping.o
    0x0800a606   0x0800a606   0x00000014   Code   RO         6762    i.inv_dmpdriver_write_mems  inv_mems_interface_mapping.o
    0x0800a61a   0x0800a61a   0x000000b0   Code   RO         7201    i.inv_do_test_accelgyro  inv_mems_mpu_selftest.o
    0x0800a6ca   0x0800a6ca   0x00000002   PAD
    0x0800a6cc   0x0800a6cc   0x0000003c   Code   RO         6205    i.inv_enable_activity_classifier  inv_mems_base_control.o
    0x0800a708   0x0800a708   0x00000090   Code   RO         6389    i.inv_enable_mems_hw_sensors  inv_mems_base_driver.o
    0x0800a798   0x0800a798   0x0000005c   Code   RO         6208    i.inv_enable_sensor  inv_mems_base_control.o
    0x0800a7f4   0x0800a7f4   0x000003d8   Code   RO         6209    i.inv_enable_sensor_internal  inv_mems_base_control.o
    0x0800abcc   0x0800abcc   0x00000034   Code   RO         6210    i.inv_enable_tilt   inv_mems_base_control.o
    0x0800ac00   0x0800ac00   0x0000004c   Code   RO         7250    i.inv_execute_read_secondary  inv_mems_secondary_transport.o
    0x0800ac4c   0x0800ac4c   0x0000003c   Code   RO         7251    i.inv_execute_write_secondary  inv_mems_secondary_transport.o
    0x0800ac88   0x0800ac88   0x000000dc   Code   RO         7512    i.inv_fast_sqrt     ml_math_func.o
    0x0800ad64   0x0800ad64   0x0000000c   Code   RO         7008    i.inv_get_accel_accuracy  inv_mems_mpu_fifo_control.o
    0x0800ad70   0x0800ad70   0x0000000c   Code   RO         6390    i.inv_get_accel_divider  inv_mems_base_driver.o
    0x0800ad7c   0x0800ad7c   0x0000000c   Code   RO         6391    i.inv_get_accel_fullscale  inv_mems_base_driver.o
    0x0800ad88   0x0800ad88   0x0000000c   Code   RO         6213    i.inv_get_batch_mode_status  inv_mems_base_control.o
    0x0800ad94   0x0800ad94   0x0000000c   Code   RO         6392    i.inv_get_chip_power_state  inv_mems_base_driver.o
    0x0800ada0   0x0800ada0   0x0000000c   Code   RO         6763    i.inv_get_dmp_start_address  inv_mems_interface_mapping.o
    0x0800adac   0x0800adac   0x00000008   Code   RO         5947    i.inv_get_dmp_start_address_20648  dmp3default_20648.o
    0x0800adb4   0x0800adb4   0x0000000c   Code   RO         7009    i.inv_get_gmrv_accuracy  inv_mems_mpu_fifo_control.o
    0x0800adc0   0x0800adc0   0x0000000c   Code   RO         7010    i.inv_get_gyro_accuracy  inv_mems_mpu_fifo_control.o
    0x0800adcc   0x0800adcc   0x0000000c   Code   RO         6393    i.inv_get_gyro_divider  inv_mems_base_driver.o
    0x0800add8   0x0800add8   0x0000000c   Code   RO         6394    i.inv_get_gyro_fullscale  inv_mems_base_driver.o
    0x0800ade4   0x0800ade4   0x0000000c   Code   RO         7011    i.inv_get_mag_accuracy  inv_mems_mpu_fifo_control.o
    0x0800adf0   0x0800adf0   0x0000000c   Code   RO         7012    i.inv_get_rv_accuracy  inv_mems_mpu_fifo_control.o
    0x0800adfc   0x0800adfc   0x0000000e   Code   RO         6682    i.inv_get_tick_count  inv_mems_drv_hook.o
    0x0800ae0a   0x0800ae0a   0x00000040   Code   RO         7013    i.inv_identify_interrupt  inv_mems_mpu_fifo_control.o
    0x0800ae4a   0x0800ae4a   0x00000002   PAD
    0x0800ae4c   0x0800ae4c   0x0000005c   Code   RO         7252    i.inv_init_secondary  inv_mems_secondary_transport.o
    0x0800aea8   0x0800aea8   0x000001ac   Code   RO         6397    i.inv_initialize_lower_driver  inv_mems_base_driver.o
    0x0800b054   0x0800b054   0x0000000c   Code   RO         7519    i.inv_int16_to_big8  ml_math_func.o
    0x0800b060   0x0800b060   0x00000014   Code   RO         7520    i.inv_int32_to_big8  ml_math_func.o
    0x0800b074   0x0800b074   0x0000000c   Code   RO         6764    i.inv_load_firmware  inv_mems_interface_mapping.o
    0x0800b080   0x0800b080   0x00000018   Code   RO         5948    i.inv_load_firmware_20648  dmp3default_20648.o
    0x0800b098   0x0800b098   0x00000018   Code   RO         6398    i.inv_mems_allow_lpen_control  inv_mems_base_driver.o
    0x0800b0b0   0x0800b0b0   0x000000b8   Code   RO         6135    i.inv_mems_augmented_sensors_get_gravity  inv_mems_augmented_sensors.o
    0x0800b168   0x0800b168   0x00000038   Code   RO         6136    i.inv_mems_augmented_sensors_get_linearacceleration  inv_mems_augmented_sensors.o
    0x0800b1a0   0x0800b1a0   0x000000b0   Code   RO         6137    i.inv_mems_augmented_sensors_get_orientation  inv_mems_augmented_sensors.o
    0x0800b250   0x0800b250   0x00000358   Code   RO         6138    i.inv_mems_augmented_sensors_set_odr  inv_mems_augmented_sensors.o
    0x0800b5a8   0x0800b5a8   0x00000190   Code   RO         6139    i.inv_mems_augmented_sensors_update_odr  inv_mems_augmented_sensors.o
    0x0800b738   0x0800b738   0x0000000c   Code   RO         7327    i.inv_mems_compass_getstate  inv_mems_slave_compass.o
    0x0800b744   0x0800b744   0x00000038   Code   RO         7014    i.inv_mems_dmp_get_calibrated_gyro  inv_mems_mpu_fifo_control.o
    0x0800b77c   0x0800b77c   0x00000088   Code   RO         7015    i.inv_mems_fifo_pop  inv_mems_mpu_fifo_control.o
    0x0800b804   0x0800b804   0x00000050   Code   RO         7016    i.inv_mems_fifo_swmirror  inv_mems_mpu_fifo_control.o
    0x0800b854   0x0800b854   0x000000c0   Code   RO         6972    i.inv_mems_firmware_load  inv_mems_load_firmware.o
    0x0800b914   0x0800b914   0x0000000c   Code   RO         6399    i.inv_mems_get_compass_availability  inv_mems_base_driver.o
    0x0800b920   0x0800b920   0x0000000c   Code   RO         6400    i.inv_mems_get_lpen_control  inv_mems_base_driver.o
    0x0800b92c   0x0800b92c   0x0000000c   Code   RO         6401    i.inv_mems_get_pressure_availability  inv_mems_base_driver.o
    0x0800b938   0x0800b938   0x0000000c   Code   RO         7392    i.inv_mems_pressure_getstate  inv_mems_slave_pressure.o
    0x0800b944   0x0800b944   0x00000164   Code   RO         7393    i.inv_mems_pressure_resume_bmp  inv_mems_slave_pressure.o
    0x0800baa8   0x0800baa8   0x00000068   Code   RO         7395    i.inv_mems_pressure_suspend_bmp  inv_mems_slave_pressure.o
    0x0800bb10   0x0800bb10   0x0000000c   Code   RO         6402    i.inv_mems_prevent_lpen_control  inv_mems_base_driver.o
    0x0800bb1c   0x0800bb1c   0x000000d4   Code   RO         7202    i.inv_mems_run_selftest  inv_mems_mpu_selftest.o
    0x0800bbf0   0x0800bbf0   0x00000020   Code   RO         7253    i.inv_mems_secondary_disable_i2c  inv_mems_secondary_transport.o
    0x0800bc10   0x0800bc10   0x00000020   Code   RO         7254    i.inv_mems_secondary_enable_i2c  inv_mems_secondary_transport.o
    0x0800bc30   0x0800bc30   0x00000002   Code   RO         7255    i.inv_mems_secondary_restoreI2cOdr  inv_mems_secondary_transport.o
    0x0800bc32   0x0800bc32   0x00000002   Code   RO         7256    i.inv_mems_secondary_saveI2cOdr  inv_mems_secondary_transport.o
    0x0800bc34   0x0800bc34   0x00000028   Code   RO         7257    i.inv_mems_secondary_set_odr  inv_mems_secondary_transport.o
    0x0800bc5c   0x0800bc5c   0x00000018   Code   RO         7258    i.inv_mems_secondary_stop_channel  inv_mems_secondary_transport.o
    0x0800bc74   0x0800bc74   0x00000010   Code   RO         7530    i.inv_q15_mult      ml_math_func.o
    0x0800bc84   0x0800bc84   0x00000016   Code   RO         8068    i.inv_q16_to_float  icm20948.o
    0x0800bc9a   0x0800bc9a   0x00000012   Code   RO         7531    i.inv_q29_mult      ml_math_func.o
    0x0800bcac   0x0800bcac   0x00000012   Code   RO         7534    i.inv_q30_mult      ml_math_func.o
    0x0800bcbe   0x0800bcbe   0x00000018   Code   RO         7539    i.inv_q_invert      ml_math_func.o
    0x0800bcd6   0x0800bcd6   0x000000b2   Code   RO         7541    i.inv_q_mult        ml_math_func.o
    0x0800bd88   0x0800bd88   0x000000b6   Code   RO         6623    i.inv_q_mult_q_qi   inv_mems_data_converter.o
    0x0800be3e   0x0800be3e   0x00000042   Code   RO         7546    i.inv_q_rotate      ml_math_func.o
    0x0800be80   0x0800be80   0x00000026   Code   RO         7550    i.inv_qfix_mult     ml_math_func.o
    0x0800bea6   0x0800bea6   0x00000002   PAD
    0x0800bea8   0x0800bea8   0x00000040   Code   RO         6216    i.inv_reGenerate_sensorControl  inv_mems_base_control.o
    0x0800bee8   0x0800bee8   0x0000010c   Code   RO         7439    i.inv_read_mems     inv_mems_transport.o
    0x0800bff4   0x0800bff4   0x00000058   Code   RO         7440    i.inv_read_mems_reg  inv_mems_transport.o
    0x0800c04c   0x0800c04c   0x00000098   Code   RO         7441    i.inv_read_mems_reg_core  inv_mems_transport.o
    0x0800c0e4   0x0800c0e4   0x0000005c   Code   RO         7259    i.inv_read_secondary  inv_mems_secondary_transport.o
    0x0800c140   0x0800c140   0x00000120   Code   RO         7203    i.inv_recover_setting  inv_mems_mpu_selftest.o
    0x0800c260   0x0800c260   0x0000003c   Code   RO         6403    i.inv_reset_dmp_odr_counters  inv_mems_base_driver.o
    0x0800c29c   0x0800c29c   0x000000e4   Code   RO         7329    i.inv_resume_akm    inv_mems_slave_compass.o
    0x0800c380   0x0800c380   0x0000034e   Code   RO         7553    i.inv_rotation_to_quaternion  ml_math_func.o
    0x0800c6ce   0x0800c6ce   0x00000002   PAD
    0x0800c6d0   0x0800c6d0   0x000000f8   Code   RO         7204    i.inv_save_setting  inv_mems_mpu_selftest.o
    0x0800c7c8   0x0800c7c8   0x00000074   Code   RO         7205    i.inv_selftest_read_samples  inv_mems_mpu_selftest.o
    0x0800c83c   0x0800c83c   0x00000048   Code   RO         6683    i.inv_serial_interface_read_hook  inv_mems_drv_hook.o
    0x0800c884   0x0800c884   0x00000044   Code   RO         6684    i.inv_serial_interface_write_hook  inv_mems_drv_hook.o
    0x0800c8c8   0x0800c8c8   0x000000b0   Code   RO         6217    i.inv_set_accel_cal_params  inv_mems_base_control.o
    0x0800c978   0x0800c978   0x0000002c   Code   RO         6404    i.inv_set_accel_divider  inv_mems_base_driver.o
    0x0800c9a4   0x0800c9a4   0x00000030   Code   RO         6405    i.inv_set_accel_fullscale  inv_mems_base_driver.o
    0x0800c9d4   0x0800c9d4   0x00000048   Code   RO         6218    i.inv_set_accel_quaternion_gain  inv_mems_base_control.o
    0x0800ca1c   0x0800ca1c   0x00000054   Code   RO         7442    i.inv_set_bank      inv_mems_transport.o
    0x0800ca70   0x0800ca70   0x00000108   Code   RO         6406    i.inv_set_chip_power_state  inv_mems_base_driver.o
    0x0800cb78   0x0800cb78   0x00000010   Code   RO         6624    i.inv_set_chip_to_body  inv_mems_data_converter.o
    0x0800cb88   0x0800cb88   0x000000cc   Code   RO         6625    i.inv_set_chip_to_body_axis_quaternion  inv_mems_data_converter.o
    0x0800cc54   0x0800cc54   0x00000032   Code   RO         6407    i.inv_set_dmp_address  inv_mems_base_driver.o
    0x0800cc86   0x0800cc86   0x00000002   PAD
    0x0800cc88   0x0800cc88   0x00000018   Code   RO         6765    i.inv_set_dmp_stepcounter_update_offset  inv_mems_interface_mapping.o
    0x0800cca0   0x0800cca0   0x0000001c   Code   RO         6408    i.inv_set_gyro_divider  inv_mems_base_driver.o
    0x0800ccbc   0x0800ccbc   0x00000024   Code   RO         6409    i.inv_set_gyro_fullscale  inv_mems_base_driver.o
    0x0800cce0   0x0800cce0   0x0000012c   Code   RO         6410    i.inv_set_gyro_sf   inv_mems_base_driver.o
    0x0800ce0c   0x0800ce0c   0x00000268   Code   RO         6222    i.inv_set_hw_smplrt_dmp_odrs  inv_mems_base_control.o
    0x0800d074   0x0800d074   0x000000cc   Code   RO         6412    i.inv_set_mems_accel_fullscale  inv_mems_base_driver.o
    0x0800d140   0x0800d140   0x000000cc   Code   RO         6413    i.inv_set_mems_gyro_fullscale  inv_mems_base_driver.o
    0x0800d20c   0x0800d20c   0x000001b0   Code   RO         6223    i.inv_set_odr       inv_mems_base_control.o
    0x0800d3bc   0x0800d3bc   0x0000003c   Code   RO         6414    i.inv_set_secondary  inv_mems_base_driver.o
    0x0800d3f8   0x0800d3f8   0x0000001c   Code   RO         6415    i.inv_set_secondary_divider  inv_mems_base_driver.o
    0x0800d414   0x0800d414   0x0000003c   Code   RO         6417    i.inv_set_slave_compass_id  inv_mems_base_driver.o
    0x0800d450   0x0800d450   0x000001dc   Code   RO         7330    i.inv_setup_compass_akm  inv_mems_slave_compass.o
    0x0800d62c   0x0800d62c   0x00000108   Code   RO         7206    i.inv_setup_selftest  inv_mems_mpu_selftest.o
    0x0800d734   0x0800d734   0x0000001a   Code   RO         6685    i.inv_sleep         inv_mems_drv_hook.o
    0x0800d74e   0x0800d74e   0x0000001e   Code   RO         6686    i.inv_sleep_100us   inv_mems_drv_hook.o
    0x0800d76c   0x0800d76c   0x00000020   Code   RO         6419    i.inv_sleep_mems    inv_mems_base_driver.o
    0x0800d78c   0x0800d78c   0x0000003c   Code   RO         7331    i.inv_suspend_akm   inv_mems_slave_compass.o
    0x0800d7c8   0x0800d7c8   0x000000da   Code   RO         7556    i.inv_transpose_quaternion_to_rotation  ml_math_func.o
    0x0800d8a2   0x0800d8a2   0x00000002   PAD
    0x0800d8a4   0x0800d8a4   0x00000070   Code   RO         6420    i.inv_wakeup_mems   inv_mems_base_driver.o
    0x0800d914   0x0800d914   0x000000c4   Code   RO         7443    i.inv_write_mems    inv_mems_transport.o
    0x0800d9d8   0x0800d9d8   0x0000008c   Code   RO         7444    i.inv_write_mems_reg  inv_mems_transport.o
    0x0800da64   0x0800da64   0x0000006c   Code   RO         7260    i.inv_write_secondary  inv_mems_secondary_transport.o
    0x0800dad0   0x0800dad0   0x00000054   Code   RO         7445    i.inv_write_single_mems_reg  inv_mems_transport.o
    0x0800db24   0x0800db24   0x00000024   Code   RO         7446    i.inv_write_single_mems_reg_core  inv_mems_transport.o
    0x0800db48   0x0800db48   0x000000d4   Code   RO         7566    i.inverse_sqrt_q15  ml_math_func.o
    0x0800dc1c   0x0800dc1c   0x00000078   Code   RO          104    i.main              main.o
    0x0800dc94   0x0800dc94   0x00000034   Code   RO         7017    i.mpu_set_FIFO_RST_Diamond  inv_mems_mpu_fifo_control.o
    0x0800dcc8   0x0800dcc8   0x00000ab8   Code   RO         8069    i.process_sensor_output  icm20948.o
    0x0800e780   0x0800e780   0x00000098   Code   RO         5619    i.prvAddCurrentTaskToDelayedList  tasks.o
    0x0800e818   0x0800e818   0x000000b4   Code   RO         5620    i.prvAddNewTaskToReadyList  tasks.o
    0x0800e8cc   0x0800e8cc   0x00000048   Code   RO         5621    i.prvCheckTasksWaitingTermination  tasks.o
    0x0800e914   0x0800e914   0x00000012   Code   RO         5622    i.prvDeleteTCB      tasks.o
    0x0800e926   0x0800e926   0x00000002   PAD
    0x0800e928   0x0800e928   0x00000038   Code   RO         5314    i.prvHeapInit       heap_2.o
    0x0800e960   0x0800e960   0x00000028   Code   RO         5623    i.prvIdleTask       tasks.o
    0x0800e988   0x0800e988   0x0000008a   Code   RO         5624    i.prvInitialiseNewTask  tasks.o
    0x0800ea12   0x0800ea12   0x00000002   PAD
    0x0800ea14   0x0800ea14   0x00000068   Code   RO         5625    i.prvInitialiseTaskLists  tasks.o
    0x0800ea7c   0x0800ea7c   0x00000030   Code   RO         5626    i.prvResetNextTaskUnblockTime  tasks.o
    0x0800eaac   0x0800eaac   0x00000016   Code   RO         5398    i.prvTaskExitError  port.o
    0x0800eac2   0x0800eac2   0x00000002   PAD
    0x0800eac4   0x0800eac4   0x000000d0   Code   RO         5315    i.pvPortMalloc      heap_2.o
    0x0800eb94   0x0800eb94   0x00000024   Code   RO         5399    i.pxPortInitialiseStack  port.o
    0x0800ebb8   0x0800ebb8   0x00000044   Code   RO         7571    i.reciprocal_fun_q15  ml_math_func.o
    0x0800ebfc   0x0800ebfc   0x00000050   Code   RO          969    i.rgb_remix         app_rgb.o
    0x0800ec4c   0x0800ec4c   0x0000004c   Code   RO          970    i.rgb_remix_u8      app_rgb.o
    0x0800ec98   0x0800ec98   0x000002c4   Code   RO         8070    i.self_test         icm20948.o
    0x0800ef5c   0x0800ef5c   0x0000003e   Code   RO         6224    i.sensor_needs_compass  inv_mems_base_control.o
    0x0800ef9a   0x0800ef9a   0x00000016   Code   RO         6225    i.sensor_needs_pressure  inv_mems_base_control.o
    0x0800efb0   0x0800efb0   0x000003bc   Code   RO         8071    i.set_output_rates  icm20948.o
    0x0800f36c   0x0800f36c   0x00000188   Code   RO         8390    i.sinf              m_ws.l(sinf.o)
    0x0800f4f4   0x0800f4f4   0x0000004c   Code   RO         8398    i.sqrt              m_ws.l(sqrt.o)
    0x0800f540   0x0800f540   0x0000002c   Code   RO         8406    i.sqrtf             m_ws.l(sqrtf.o)
    0x0800f56c   0x0800f56c   0x00000014   Code   RO         1826    i.ssd1306_I2C_Write  bsp_ssd1306.o
    0x0800f580   0x0800f580   0x0000001c   Code   RO         1827    i.ssd1306_I2C_WriteMulti  bsp_ssd1306.o
    0x0800f59c   0x0800f59c   0x000000a4   Code   RO         7576    i.test_limits_and_scale  ml_math_func.o
    0x0800f640   0x0800f640   0x00000028   Code   RO         5361    i.uxListRemove      list.o
    0x0800f668   0x0800f668   0x0000001a   Code   RO         5362    i.vListInitialise   list.o
    0x0800f682   0x0800f682   0x00000006   Code   RO         5363    i.vListInitialiseItem  list.o
    0x0800f688   0x0800f688   0x00000034   Code   RO         5364    i.vListInsert       list.o
    0x0800f6bc   0x0800f6bc   0x00000018   Code   RO         5365    i.vListInsertEnd    list.o
    0x0800f6d4   0x0800f6d4   0x00000024   Code   RO         5401    i.vPortEnterCritical  port.o
    0x0800f6f8   0x0800f6f8   0x00000020   Code   RO         5402    i.vPortExitCritical  port.o
    0x0800f718   0x0800f718   0x00000040   Code   RO         5316    i.vPortFree         heap_2.o
    0x0800f758   0x0800f758   0x00000018   Code   RO         5403    i.vPortSetupTimerInterrupt  port.o
    0x0800f770   0x0800f770   0x00000034   Code   RO         5634    i.vTaskDelay        tasks.o
    0x0800f7a4   0x0800f7a4   0x0000006c   Code   RO         5646    i.vTaskStartScheduler  tasks.o
    0x0800f810   0x0800f810   0x00000010   Code   RO         5648    i.vTaskSuspendAll   tasks.o
    0x0800f820   0x0800f820   0x00000060   Code   RO         5649    i.vTaskSwitchContext  tasks.o
    0x0800f880   0x0800f880   0x00000034   Code   RO          317    i.vTask_App_Handle  app.o
    0x0800f8b4   0x0800f8b4   0x00000058   Code   RO          318    i.vTask_Auto_Report  app.o
    0x0800f90c   0x0800f90c   0x0000003c   Code   RO          319    i.vTask_Control     app.o
    0x0800f948   0x0800f948   0x00000020   Code   RO          320    i.vTask_IMU         app.o
    0x0800f968   0x0800f968   0x00000184   Code   RO          321    i.vTask_Key         app.o
    0x0800faec   0x0800faec   0x00000012   Code   RO          322    i.vTask_Speed       app.o
    0x0800fafe   0x0800fafe   0x00000002   PAD
    0x0800fb00   0x0800fb00   0x00000034   Code   RO         5404    i.xPortStartScheduler  port.o
    0x0800fb34   0x0800fb34   0x00000034   Code   RO         5405    i.xPortSysTickHandler  port.o
    0x0800fb68   0x0800fb68   0x00000060   Code   RO         5652    i.xTaskCreate       tasks.o
    0x0800fbc8   0x0800fbc8   0x0000011c   Code   RO         5660    i.xTaskIncrementTick  tasks.o
    0x0800fce4   0x0800fce4   0x000000e8   Code   RO         5662    i.xTaskResumeAll    tasks.o
    0x0800fdcc   0x0800fdcc   0x0000000e   Data   RO          821    .constdata          app_flash.o
    0x0800fdda   0x0800fdda   0x00000002   PAD
    0x0800fddc   0x0800fddc   0x00000090   Data   RO         1582    .constdata          bsp_motor.o
    0x0800fe6c   0x0800fe6c   0x00002814   Data   RO         1796    .constdata          oled_fonts.o
    0x08012680   0x08012680   0x000037aa   Data   RO         5949    .constdata          dmp3default_20648.o
    0x08015e2a   0x08015e2a   0x000000f4   Data   RO         6227    .constdata          inv_mems_base_control.o
    0x08015f1e   0x08015f1e   0x00000200   Data   RO         7208    .constdata          inv_mems_mpu_selftest.o
    0x0801611e   0x0801611e   0x00000048   Data   RO         7334    .constdata          inv_mems_slave_compass.o
    0x08016166   0x08016166   0x00000002   PAD
    0x08016168   0x08016168   0x0000000c   Data   RO         8073    .constdata          icm20948.o
    0x08016174   0x08016174   0x00000004   PAD
    0x08016178   0x08016178   0x00000050   Data   RO         8303    .constdata          m_ws.l(asin.o)
    0x080161c8   0x080161c8   0x00000098   Data   RO         8313    .constdata          m_ws.l(atan.o)
    0x08016260   0x08016260   0x00000008   Data   RO         8773    .constdata          m_ws.l(qnan.o)
    0x08016268   0x08016268   0x00000020   Data   RO         8780    .constdata          m_ws.l(rredf.o)
    0x08016288   0x08016288   0x0000004b   Data   RO         8074    .conststring        icm20948.o
    0x080162d3   0x080162d3   0x00000001   PAD
    0x080162d4   0x080162d4   0x00000020   Data   RO         8837    Region$$Table       anon$$obj.o


    Execution Region RW_IRAM1 (Exec base: 0x20000000, Load base: 0x080162f4, Size: 0x00006328, Max: 0x0000c000, ABSOLUTE, COMPRESSED[0x0000009c])

    Exec Addr    Load Addr    Size         Type   Attr      Idx    E Section Name        Object

    0x20000000   COMPRESSED   0x00000008   Data   RW          234    .data               protocol.o
    0x20000008   COMPRESSED   0x0000000d   Data   RW          323    .data               app.o
    0x20000015   COMPRESSED   0x00000001   PAD
    0x20000016   COMPRESSED   0x0000001a   Data   RW          466    .data               app_uart_servo.o
    0x20000030   COMPRESSED   0x0000000f   Data   RW          607    .data               app_bat.o
    0x2000003f   COMPRESSED   0x00000001   PAD
    0x20000040   COMPRESSED   0x00000025   Data   RW          647    .data               app_motion.o
    0x20000065   COMPRESSED   0x00000003   PAD
    0x20000068   COMPRESSED   0x00000020   Data   RW          722    .data               app_pid.o
    0x20000088   COMPRESSED   0x00000004   Data   RW          907    .data               app_sbus.o
    0x2000008c   COMPRESSED   0x00000010   Data   RW          934    .data               app_mecanum.o
    0x2000009c   COMPRESSED   0x00000019   Data   RW          972    .data               app_rgb.o
    0x200000b5   COMPRESSED   0x00000001   PAD
    0x200000b6   COMPRESSED   0x00000006   Data   RW         1057    .data               bsp.o
    0x200000bc   COMPRESSED   0x00000003   Data   RW         1193    .data               bsp_beep.o
    0x200000bf   COMPRESSED   0x00000001   Data   RW         1583    .data               bsp_motor.o
    0x200000c0   COMPRESSED   0x00000004   Data   RW         1621    .data               bsp_key.o
    0x200000c4   COMPRESSED   0x00000010   Data   RW         1659    .data               bsp_encoder.o
    0x200000d4   COMPRESSED   0x00000008   Data   RW         1714    .data               bsp_pwmservo.o
    0x200000dc   COMPRESSED   0x00000018   Data   RW         1797    .data               oled_fonts.o
    0x200000f4   COMPRESSED   0x00000006   Data   RW         1829    .data               bsp_ssd1306.o
    0x200000fa   COMPRESSED   0x00000008   Data   RW         2185    .data               bsp_can.o
    0x20000102   COMPRESSED   0x00000014   Data   RW         3895    .data               stm32f10x_rcc.o
    0x20000116   COMPRESSED   0x00000002   PAD
    0x20000118   COMPRESSED   0x00000018   Data   RW         5320    .data               heap_2.o
    0x20000130   COMPRESSED   0x00000004   Data   RW         5406    .data               port.o
    0x20000134   COMPRESSED   0x00000040   Data   RW         5665    .data               tasks.o
    0x20000174   COMPRESSED   0x00000002   Data   RW         5950    .data               dmp3default_20648.o
    0x20000176   COMPRESSED   0x00000014   Data   RW         6140    .data               inv_mems_augmented_sensors.o
    0x2000018a   COMPRESSED   0x00000002   PAD
    0x2000018c   COMPRESSED   0x0000006c   Data   RW         6228    .data               inv_mems_base_control.o
    0x200001f8   COMPRESSED   0x0000000c   Data   RW         6422    .data               inv_mems_base_driver.o
    0x20000204   COMPRESSED   0x00000010   Data   RW         6626    .data               inv_mems_data_converter.o
    0x20000214   COMPRESSED   0x00000008   Data   RW         6766    .data               inv_mems_interface_mapping.o
    0x2000021c   COMPRESSED   0x00000008   Data   RW         7019    .data               inv_mems_mpu_fifo_control.o
    0x20000224   COMPRESSED   0x00000006   Data   RW         7209    .data               inv_mems_mpu_selftest.o
    0x2000022a   COMPRESSED   0x00000002   PAD
    0x2000022c   COMPRESSED   0x00000013   Data   RW         7335    .data               inv_mems_slave_compass.o
    0x2000023f   COMPRESSED   0x00000001   PAD
    0x20000240   COMPRESSED   0x00000008   Data   RW         7397    .data               inv_mems_slave_pressure.o
    0x20000248   COMPRESSED   0x00000003   Data   RW         7447    .data               inv_mems_transport.o
    0x2000024b   COMPRESSED   0x00000001   PAD
    0x2000024c   COMPRESSED   0x00000014   Data   RW         7577    .data               ml_math_func.o
    0x20000260   COMPRESSED   0x000000f4   Data   RW         8075    .data               icm20948.o
    0x20000354   COMPRESSED   0x00000004   Data   RW         8423    .data               mc_w.l(rand.o)
    0x20000358   COMPRESSED   0x00000004   Data   RW         8804    .data               mc_w.l(stdout.o)
    0x2000035c   COMPRESSED   0x00000004   Data   RW         8814    .data               mc_w.l(errno.o)
    0x20000360        -       0x00000014   Zero   RW          233    .bss                protocol.o
    0x20000374        -       0x0000000c   Zero   RW          465    .bss                app_uart_servo.o
    0x20000380        -       0x00000074   Zero   RW          646    .bss                app_motion.o
    0x200003f4        -       0x00000090   Zero   RW          721    .bss                app_pid.o
    0x20000484        -       0x00000070   Zero   RW          906    .bss                app_sbus.o
    0x200004f4        -       0x000000db   Zero   RW          971    .bss                app_rgb.o
    0x200005cf   COMPRESSED   0x00000001   PAD
    0x200005d0        -       0x00000800   Zero   RW         1247    .bss                bsp_flash.o
    0x20000dd0        -       0x00000080   Zero   RW         1471    .bss                bsp_io_i2c.o
    0x20000e50        -       0x0000000c   Zero   RW         1713    .bss                bsp_pwmservo.o
    0x20000e5c        -       0x00000200   Zero   RW         1828    .bss                bsp_ssd1306.o
    0x2000105c        -       0x000001de   Zero   RW         2240    .bss                bsp_rgb.o
    0x2000123a        -       0x00004400   Zero   RW         5319    .bss                heap_2.o
    0x2000563a   COMPRESSED   0x00000002   PAD
    0x2000563c        -       0x000000c8   Zero   RW         5664    .bss                tasks.o
    0x20005704        -       0x0000004a   Zero   RW         6226    .bss                inv_mems_base_control.o
    0x2000574e        -       0x00000012   Zero   RW         6421    .bss                inv_mems_base_driver.o
    0x20005760        -       0x000004ac   Zero   RW         7018    .bss                inv_mems_mpu_fifo_control.o
    0x20005c0c        -       0x00000012   Zero   RW         7207    .bss                inv_mems_mpu_selftest.o
    0x20005c1e        -       0x00000020   Zero   RW         7261    .bss                inv_mems_secondary_transport.o
    0x20005c3e   COMPRESSED   0x00000002   PAD
    0x20005c40        -       0x00000024   Zero   RW         7333    .bss                inv_mems_slave_compass.o
    0x20005c64        -       0x000002c4   Zero   RW         8072    .bss                icm20948.o
    0x20005f28        -       0x00000400   Zero   RW            1    STACK               startup_stm32f10x_hd.o


==============================================================================

Image component sizes


      Code (inc. data)   RO Data    RW Data    ZI Data      Debug   Object Name

      1110        234          0         13          0      13638   app.o
       172         44          0         15          0       2148   app_bat.o
      1058         84         14          0          0       8849   app_flash.o
       492         32          0         16          0       1679   app_mecanum.o
      1040        106          0         37        116       6062   app_motion.o
       120          6          0          0          0       2132   app_oled.o
       680         62          0         32        144       5165   app_pid.o
      2068        150          0         25        219      10031   app_rgb.o
       580         44          0          4        112       2639   app_sbus.o
      1774         74          0         26         12      12370   app_uart_servo.o
       716         72          0          6          0       7770   bsp.o
       320         24          0          0          0       2643   bsp_adc.o
       236         44          0          3          0       3337   bsp_beep.o
       440         26          0          8          0       3993   bsp_can.o
      1088         90          0         16          0       4646   bsp_encoder.o
       586         42          0          0       2048       5953   bsp_flash.o
       626         60          0          0        128       4922   bsp_io_i2c.o
       196         20          0          4          0       1747   bsp_key.o
       748         44        144          1          0       2775   bsp_motor.o
       568         42          0          8         12       2850   bsp_pwmservo.o
       548         48          0          0        478       3530   bsp_rgb.o
       296         16          0          0          0       1892   bsp_spi.o
       858         32          0          6        512       5993   bsp_ssd1306.o
       120         10          0          0          0        938   bsp_timer.o
       784         50          0          0          0       6432   bsp_usart.o
         0          0          0          0          0       4508   core_cm3.o
      1600         30      14250          2          0      34676   dmp3default_20648.o
       328         40          0         24      17408       3223   heap_2.o
      7946       1808         87        244        708      18360   icm20948.o
      1672         92          0         20          0       4959   inv_mems_augmented_sensors.o
      3312        322        244        108         74      16300   inv_mems_base_control.o
      2258        162          0         12         18      17381   inv_mems_base_driver.o
       754         28          0         16          0       4743   inv_mems_data_converter.o
       234         10          0          0          0       3977   inv_mems_drv_hook.o
       426         16          0          8          0      17055   inv_mems_interface_mapping.o
       192          0          0          0          0       1169   inv_mems_load_firmware.o
      2328        128          0          8       1196      21901   inv_mems_mpu_fifo_control.o
      1448         46        512          6         18       6782   inv_mems_mpu_selftest.o
       560         34          0          0         32       7550   inv_mems_secondary_transport.o
      1284        156         72         19         36       7951   inv_mems_slave_compass.o
       472         24          0          8          0       3184   inv_mems_slave_pressure.o
      1146         28          0          3          0       7676   inv_mems_transport.o
       148          0          0          0          0       2906   list.o
       120         80          0          0          0     226215   main.o
       172         22          0          0          0       1793   misc.o
      2548         34          0         20          0      12509   ml_math_func.o
         0          0      10260         24          0       1059   oled_fonts.o
       404         48          0          4          0       8240   port.o
      1640         86          0          8         20      10009   protocol.o
        36          8        304          0       1024        788   startup_stm32f10x_hd.o
       486         24          0          0          0       7834   stm32f10x_adc.o
       916         12          0          0          0       4844   stm32f10x_can.o
       492         26          0          0          0       4663   stm32f10x_dma.o
       200         18          0          0          0       1848   stm32f10x_exti.o
       512         10          0          0          0       4660   stm32f10x_gpio.o
       396         56          0         20          0       6135   stm32f10x_rcc.o
       112          0          0          0          0       3442   stm32f10x_spi.o
      2392        264          0          0          0      18357   stm32f10x_tim.o
       460          6          0          0          0       6139   stm32f10x_usart.o
       328         28          0          0          0      61633   system_stm32f10x.o
      1636        264          0         64        200      23615   tasks.o

    ----------------------------------------------------------------------
     56242       5366      25928        852      24520     712218   Object Totals
         0          0         32          0          0          0   (incl. Generated)
        60          0          9         14          5          0   (incl. Padding)

    ----------------------------------------------------------------------

      Code (inc. data)   RO Data    RW Data    ZI Data      Debug   Library Member Name

       624         52         80          0          0        168   asin.o
       544         70        152          0          0        124   atan.o
       412         38          0          0          0        144   atan2.o
       380         52          0          0          0        124   cosf.o
        38          6          0          0          0        272   dunder.o
        40          0          0          0          0         68   fpclassify.o
        38          0          0          0          0         68   fpclassifyf.o
        24          0          0          0          0        204   funder.o
       170          0          0          0          0         96   poly.o
         0          0          8          0          0          0   qnan.o
       360         16         32          0          0         88   rredf.o
       392         54          0          0          0        124   sinf.o
        76          0          0          0          0         84   sqrt.o
        44          0          0          0          0         80   sqrtf.o
        86          0          0          0          0          0   __dczerorl2.o
         0          0          0          0          0          0   entry.o
         0          0          0          0          0          0   entry10a.o
         0          0          0          0          0          0   entry11a.o
         4          0          0          0          0          0   entry12b.o
         8          4          0          0          0          0   entry2.o
         4          0          0          0          0          0   entry5.o
         0          0          0          0          0          0   entry7b.o
         0          0          0          0          0          0   entry8b.o
         8          4          0          0          0          0   entry9a.o
        12          6          0          4          0         68   errno.o
        30          0          0          0          0          0   handlers.o
        36          8          0          0          0         68   init.o
         0          0          0          0          0          0   iusefp.o
        98          0          0          0          0         84   ldiv.o
        30          0          0          0          0         68   llshl.o
        36          0          0          0          0         68   llsshr.o
        32          0          0          0          0         68   llushr.o
        26          0          0          0          0         80   memcmp.o
        64          0          0          0          0         76   memmovea.o
        36          0          0          0          0        108   memseta.o
      2268         96          0          0          0        616   printfa.o
        36         10          0          4          0        136   rand.o
         0          0          0          4          0          0   stdout.o
        44          0          0          0          0         80   uidiv.o
        98          0          0          0          0         92   uldiv.o
        48          0          0          0          0         68   cdcmple.o
        48          0          0          0          0         68   cdrcmple.o
        20          0          0          0          0         68   cfcmple.o
        20          0          0          0          0         68   cfrcmple.o
        56          0          0          0          0         88   d2f.o
       334          0          0          0          0        148   dadd.o
       222          0          0          0          0        100   ddiv.o
       186          0          0          0          0        176   depilogue.o
        48          0          0          0          0         68   dfixul.o
        34          0          0          0          0         76   dflti.o
        26          0          0          0          0         76   dfltui.o
       228          0          0          0          0         96   dmul.o
        46          0          0          0          0         80   dscalb.o
       162          0          0          0          0        100   dsqrt.o
        38          0          0          0          0         68   f2d.o
       176          0          0          0          0        140   fadd.o
       124          0          0          0          0         88   fdiv.o
       110          0          0          0          0        168   fepilogue.o
        50          0          0          0          0         68   ffixi.o
        40          0          0          0          0         68   ffixui.o
        18          0          0          0          0         68   fflti.o
        10          0          0          0          0         68   ffltui.o
       100          0          0          0          0         76   fmul.o
        60          0          0          0          0         76   frnd.o
        24          0          0          0          0         68   fscalb.o
        94          0          0          0          0         96   fsqrt.o

    ----------------------------------------------------------------------
      8426        416        272         12          0       5588   Library Totals
         6          0          0          0          0          0   (incl. Padding)

    ----------------------------------------------------------------------

      Code (inc. data)   RO Data    RW Data    ZI Data      Debug   Library Name

      3142        288        272          0          0       1644   m_ws.l
      2956        128          0         12          0       1612   mc_w.l
      2322          0          0          0          0       2332   mf_w.l

    ----------------------------------------------------------------------
      8426        416        272         12          0       5588   Library Totals

    ----------------------------------------------------------------------

==============================================================================


      Code (inc. data)   RO Data    RW Data    ZI Data      Debug   

     64668       5782      26200        864      24520     687410   Grand Totals
     64668       5782      26200        156      24520     687410   ELF Image Totals (compressed)
     64668       5782      26200        156          0          0   ROM Totals

==============================================================================

    Total RO  Size (Code + RO Data)                90868 (  88.74kB)
    Total RW  Size (RW Data + ZI Data)             25384 (  24.79kB)
    Total ROM Size (Code + RO Data + RW Data)      91024 (  88.89kB)

==============================================================================

