<!doctype html public "-//w3c//dtd html 4.0 transitional//en">
<html><head>
<title>Static Call Graph - [.\output\rosmaster.axf]</title></head>
<body><HR>
<H1>Static Call Graph for image .\output\rosmaster.axf</H1><HR>
<BR><P>#&#060CALLGRAPH&#062# ARM Linker, 5060750: Last Updated: Sat Sep 23 22:20:08 2023
<BR><P>
<H3>Maximum Stack Usage =        560 bytes + Unknown(Cycles, Untraceable Function Pointers)</H3><H3>
Call chain for Maximum Stack Depth:</H3>
vTask_IMU &rArr; ICM20948_Read_Data_Handle &rArr; fifo_handler &rArr; process_sensor_output &rArr; atan2 &rArr; atan &rArr; __kernel_poly &rArr; __aeabi_dmul &rArr; _double_epilogue &rArr; _double_round
<P>
<H3>
Mutually Recursive functions
</H3> <LI><a href="#[1]">NMI_Handler</a>&nbsp;&nbsp;&nbsp;&rArr;&nbsp;&nbsp;&nbsp;<a href="#[1]">NMI_Handler</a><BR>
 <LI><a href="#[2]">HardFault_Handler</a>&nbsp;&nbsp;&nbsp;&rArr;&nbsp;&nbsp;&nbsp;<a href="#[2]">HardFault_Handler</a><BR>
 <LI><a href="#[3]">MemManage_Handler</a>&nbsp;&nbsp;&nbsp;&rArr;&nbsp;&nbsp;&nbsp;<a href="#[3]">MemManage_Handler</a><BR>
 <LI><a href="#[4]">BusFault_Handler</a>&nbsp;&nbsp;&nbsp;&rArr;&nbsp;&nbsp;&nbsp;<a href="#[4]">BusFault_Handler</a><BR>
 <LI><a href="#[5]">UsageFault_Handler</a>&nbsp;&nbsp;&nbsp;&rArr;&nbsp;&nbsp;&nbsp;<a href="#[5]">UsageFault_Handler</a><BR>
 <LI><a href="#[7]">DebugMon_Handler</a>&nbsp;&nbsp;&nbsp;&rArr;&nbsp;&nbsp;&nbsp;<a href="#[7]">DebugMon_Handler</a><BR>
 <LI><a href="#[1c]">ADC1_2_IRQHandler</a>&nbsp;&nbsp;&nbsp;&rArr;&nbsp;&nbsp;&nbsp;<a href="#[1c]">ADC1_2_IRQHandler</a><BR>
</UL>
<P>
<H3>
Function Pointers
</H3><UL>
 <LI><a href="#[1c]">ADC1_2_IRQHandler</a> from startup_stm32f10x_hd.o(.text) referenced from startup_stm32f10x_hd.o(RESET)
 <LI><a href="#[39]">ADC3_IRQHandler</a> from startup_stm32f10x_hd.o(.text) referenced from startup_stm32f10x_hd.o(RESET)
 <LI><a href="#[4]">BusFault_Handler</a> from startup_stm32f10x_hd.o(.text) referenced from startup_stm32f10x_hd.o(RESET)
 <LI><a href="#[1f]">CAN1_RX1_IRQHandler</a> from startup_stm32f10x_hd.o(.text) referenced from startup_stm32f10x_hd.o(RESET)
 <LI><a href="#[20]">CAN1_SCE_IRQHandler</a> from startup_stm32f10x_hd.o(.text) referenced from startup_stm32f10x_hd.o(RESET)
 <LI><a href="#[15]">DMA1_Channel1_IRQHandler</a> from startup_stm32f10x_hd.o(.text) referenced from startup_stm32f10x_hd.o(RESET)
 <LI><a href="#[16]">DMA1_Channel2_IRQHandler</a> from startup_stm32f10x_hd.o(.text) referenced from startup_stm32f10x_hd.o(RESET)
 <LI><a href="#[17]">DMA1_Channel3_IRQHandler</a> from startup_stm32f10x_hd.o(.text) referenced from startup_stm32f10x_hd.o(RESET)
 <LI><a href="#[18]">DMA1_Channel4_IRQHandler</a> from startup_stm32f10x_hd.o(.text) referenced from startup_stm32f10x_hd.o(RESET)
 <LI><a href="#[19]">DMA1_Channel5_IRQHandler</a> from startup_stm32f10x_hd.o(.text) referenced from startup_stm32f10x_hd.o(RESET)
 <LI><a href="#[1a]">DMA1_Channel6_IRQHandler</a> from startup_stm32f10x_hd.o(.text) referenced from startup_stm32f10x_hd.o(RESET)
 <LI><a href="#[1b]">DMA1_Channel7_IRQHandler</a> from startup_stm32f10x_hd.o(.text) referenced from startup_stm32f10x_hd.o(RESET)
 <LI><a href="#[42]">DMA2_Channel1_IRQHandler</a> from startup_stm32f10x_hd.o(.text) referenced from startup_stm32f10x_hd.o(RESET)
 <LI><a href="#[43]">DMA2_Channel2_IRQHandler</a> from startup_stm32f10x_hd.o(.text) referenced from startup_stm32f10x_hd.o(RESET)
 <LI><a href="#[44]">DMA2_Channel3_IRQHandler</a> from startup_stm32f10x_hd.o(.text) referenced from startup_stm32f10x_hd.o(RESET)
 <LI><a href="#[45]">DMA2_Channel4_5_IRQHandler</a> from startup_stm32f10x_hd.o(.text) referenced from startup_stm32f10x_hd.o(RESET)
 <LI><a href="#[7]">DebugMon_Handler</a> from startup_stm32f10x_hd.o(.text) referenced from startup_stm32f10x_hd.o(RESET)
 <LI><a href="#[10]">EXTI0_IRQHandler</a> from startup_stm32f10x_hd.o(.text) referenced from startup_stm32f10x_hd.o(RESET)
 <LI><a href="#[32]">EXTI15_10_IRQHandler</a> from startup_stm32f10x_hd.o(.text) referenced from startup_stm32f10x_hd.o(RESET)
 <LI><a href="#[11]">EXTI1_IRQHandler</a> from startup_stm32f10x_hd.o(.text) referenced from startup_stm32f10x_hd.o(RESET)
 <LI><a href="#[12]">EXTI2_IRQHandler</a> from startup_stm32f10x_hd.o(.text) referenced from startup_stm32f10x_hd.o(RESET)
 <LI><a href="#[13]">EXTI3_IRQHandler</a> from startup_stm32f10x_hd.o(.text) referenced from startup_stm32f10x_hd.o(RESET)
 <LI><a href="#[14]">EXTI4_IRQHandler</a> from inv_mems_drv_hook.o(i.EXTI4_IRQHandler) referenced from startup_stm32f10x_hd.o(RESET)
 <LI><a href="#[21]">EXTI9_5_IRQHandler</a> from startup_stm32f10x_hd.o(.text) referenced from startup_stm32f10x_hd.o(RESET)
 <LI><a href="#[e]">FLASH_IRQHandler</a> from startup_stm32f10x_hd.o(.text) referenced from startup_stm32f10x_hd.o(RESET)
 <LI><a href="#[3a]">FSMC_IRQHandler</a> from startup_stm32f10x_hd.o(.text) referenced from startup_stm32f10x_hd.o(RESET)
 <LI><a href="#[2]">HardFault_Handler</a> from startup_stm32f10x_hd.o(.text) referenced from startup_stm32f10x_hd.o(RESET)
 <LI><a href="#[2a]">I2C1_ER_IRQHandler</a> from startup_stm32f10x_hd.o(.text) referenced from startup_stm32f10x_hd.o(RESET)
 <LI><a href="#[29]">I2C1_EV_IRQHandler</a> from startup_stm32f10x_hd.o(.text) referenced from startup_stm32f10x_hd.o(RESET)
 <LI><a href="#[2c]">I2C2_ER_IRQHandler</a> from startup_stm32f10x_hd.o(.text) referenced from startup_stm32f10x_hd.o(RESET)
 <LI><a href="#[2b]">I2C2_EV_IRQHandler</a> from startup_stm32f10x_hd.o(.text) referenced from startup_stm32f10x_hd.o(RESET)
 <LI><a href="#[3]">MemManage_Handler</a> from startup_stm32f10x_hd.o(.text) referenced from startup_stm32f10x_hd.o(RESET)
 <LI><a href="#[1]">NMI_Handler</a> from startup_stm32f10x_hd.o(.text) referenced from startup_stm32f10x_hd.o(RESET)
 <LI><a href="#[b]">PVD_IRQHandler</a> from startup_stm32f10x_hd.o(.text) referenced from startup_stm32f10x_hd.o(RESET)
 <LI><a href="#[f]">RCC_IRQHandler</a> from startup_stm32f10x_hd.o(.text) referenced from startup_stm32f10x_hd.o(RESET)
 <LI><a href="#[33]">RTCAlarm_IRQHandler</a> from startup_stm32f10x_hd.o(.text) referenced from startup_stm32f10x_hd.o(RESET)
 <LI><a href="#[d]">RTC_IRQHandler</a> from startup_stm32f10x_hd.o(.text) referenced from startup_stm32f10x_hd.o(RESET)
 <LI><a href="#[0]">Reset_Handler</a> from startup_stm32f10x_hd.o(.text) referenced from startup_stm32f10x_hd.o(RESET)
 <LI><a href="#[3b]">SDIO_IRQHandler</a> from startup_stm32f10x_hd.o(.text) referenced from startup_stm32f10x_hd.o(RESET)
 <LI><a href="#[2d]">SPI1_IRQHandler</a> from startup_stm32f10x_hd.o(.text) referenced from startup_stm32f10x_hd.o(RESET)
 <LI><a href="#[2e]">SPI2_IRQHandler</a> from startup_stm32f10x_hd.o(.text) referenced from startup_stm32f10x_hd.o(RESET)
 <LI><a href="#[3d]">SPI3_IRQHandler</a> from startup_stm32f10x_hd.o(.text) referenced from startup_stm32f10x_hd.o(RESET)
 <LI><a href="#[47]">SystemInit</a> from system_stm32f10x.o(i.SystemInit) referenced from startup_stm32f10x_hd.o(.text)
 <LI><a href="#[c]">TAMPER_IRQHandler</a> from startup_stm32f10x_hd.o(.text) referenced from startup_stm32f10x_hd.o(RESET)
 <LI><a href="#[22]">TIM1_BRK_IRQHandler</a> from startup_stm32f10x_hd.o(.text) referenced from startup_stm32f10x_hd.o(RESET)
 <LI><a href="#[25]">TIM1_CC_IRQHandler</a> from startup_stm32f10x_hd.o(.text) referenced from startup_stm32f10x_hd.o(RESET)
 <LI><a href="#[24]">TIM1_TRG_COM_IRQHandler</a> from startup_stm32f10x_hd.o(.text) referenced from startup_stm32f10x_hd.o(RESET)
 <LI><a href="#[23]">TIM1_UP_IRQHandler</a> from startup_stm32f10x_hd.o(.text) referenced from startup_stm32f10x_hd.o(RESET)
 <LI><a href="#[26]">TIM2_IRQHandler</a> from startup_stm32f10x_hd.o(.text) referenced from startup_stm32f10x_hd.o(RESET)
 <LI><a href="#[27]">TIM3_IRQHandler</a> from startup_stm32f10x_hd.o(.text) referenced from startup_stm32f10x_hd.o(RESET)
 <LI><a href="#[28]">TIM4_IRQHandler</a> from startup_stm32f10x_hd.o(.text) referenced from startup_stm32f10x_hd.o(RESET)
 <LI><a href="#[3c]">TIM5_IRQHandler</a> from startup_stm32f10x_hd.o(.text) referenced from startup_stm32f10x_hd.o(RESET)
 <LI><a href="#[40]">TIM6_IRQHandler</a> from startup_stm32f10x_hd.o(.text) referenced from startup_stm32f10x_hd.o(RESET)
 <LI><a href="#[41]">TIM7_IRQHandler</a> from bsp_timer.o(i.TIM7_IRQHandler) referenced from startup_stm32f10x_hd.o(RESET)
 <LI><a href="#[35]">TIM8_BRK_IRQHandler</a> from startup_stm32f10x_hd.o(.text) referenced from startup_stm32f10x_hd.o(RESET)
 <LI><a href="#[38]">TIM8_CC_IRQHandler</a> from startup_stm32f10x_hd.o(.text) referenced from startup_stm32f10x_hd.o(RESET)
 <LI><a href="#[37]">TIM8_TRG_COM_IRQHandler</a> from startup_stm32f10x_hd.o(.text) referenced from startup_stm32f10x_hd.o(RESET)
 <LI><a href="#[36]">TIM8_UP_IRQHandler</a> from startup_stm32f10x_hd.o(.text) referenced from startup_stm32f10x_hd.o(RESET)
 <LI><a href="#[3e]">UART4_IRQHandler</a> from startup_stm32f10x_hd.o(.text) referenced from startup_stm32f10x_hd.o(RESET)
 <LI><a href="#[3f]">UART5_IRQHandler</a> from startup_stm32f10x_hd.o(.text) referenced from startup_stm32f10x_hd.o(RESET)
 <LI><a href="#[2f]">USART1_IRQHandler</a> from bsp_usart.o(i.USART1_IRQHandler) referenced from startup_stm32f10x_hd.o(RESET)
 <LI><a href="#[30]">USART2_IRQHandler</a> from bsp_usart.o(i.USART2_IRQHandler) referenced from startup_stm32f10x_hd.o(RESET)
 <LI><a href="#[31]">USART3_IRQHandler</a> from bsp_usart.o(i.USART3_IRQHandler) referenced from startup_stm32f10x_hd.o(RESET)
 <LI><a href="#[34]">USBWakeUp_IRQHandler</a> from startup_stm32f10x_hd.o(.text) referenced from startup_stm32f10x_hd.o(RESET)
 <LI><a href="#[1d]">USB_HP_CAN1_TX_IRQHandler</a> from startup_stm32f10x_hd.o(.text) referenced from startup_stm32f10x_hd.o(RESET)
 <LI><a href="#[1e]">USB_LP_CAN1_RX0_IRQHandler</a> from bsp_can.o(i.USB_LP_CAN1_RX0_IRQHandler) referenced from startup_stm32f10x_hd.o(RESET)
 <LI><a href="#[5]">UsageFault_Handler</a> from startup_stm32f10x_hd.o(.text) referenced from startup_stm32f10x_hd.o(RESET)
 <LI><a href="#[a]">WWDG_IRQHandler</a> from startup_stm32f10x_hd.o(.text) referenced from startup_stm32f10x_hd.o(RESET)
 <LI><a href="#[48]">__main</a> from entry.o(.ARM.Collect$$$$00000000) referenced from startup_stm32f10x_hd.o(.text)
 <LI><a href="#[51]">_sputc</a> from printfa.o(i._sputc) referenced from printfa.o(i.__0sprintf)
 <LI><a href="#[50]">fputc</a> from bsp_usart.o(i.fputc) referenced from printfa.o(i.__0printf)
 <LI><a href="#[46]">main</a> from main.o(i.main) referenced from entry9a.o(.ARM.Collect$$$$0000000B)
 <LI><a href="#[53]">prvIdleTask</a> from tasks.o(i.prvIdleTask) referenced from tasks.o(i.vTaskStartScheduler)
 <LI><a href="#[52]">prvTaskExitError</a> from port.o(i.prvTaskExitError) referenced from port.o(i.pxPortInitialiseStack)
 <LI><a href="#[6]">vPortSVCHandler</a> from port.o(.emb_text) referenced from startup_stm32f10x_hd.o(RESET)
 <LI><a href="#[4d]">vTask_App_Handle</a> from app.o(i.vTask_App_Handle) referenced from app.o(i.App_Start_FreeRTOS)
 <LI><a href="#[4c]">vTask_Auto_Report</a> from app.o(i.vTask_Auto_Report) referenced from app.o(i.App_Start_FreeRTOS)
 <LI><a href="#[4a]">vTask_Control</a> from app.o(i.vTask_Control) referenced from app.o(i.App_Start_FreeRTOS)
 <LI><a href="#[4e]">vTask_IMU</a> from app.o(i.vTask_IMU) referenced from app.o(i.App_Start_FreeRTOS)
 <LI><a href="#[4b]">vTask_Key</a> from app.o(i.vTask_Key) referenced from app.o(i.App_Start_FreeRTOS)
 <LI><a href="#[4f]">vTask_OLED</a> from app.o(i.vTask_OLED) referenced from app.o(i.App_Start_FreeRTOS)
 <LI><a href="#[49]">vTask_Speed</a> from app.o(i.vTask_Speed) referenced from app.o(i.App_Start_FreeRTOS)
 <LI><a href="#[8]">xPortPendSVHandler</a> from port.o(.emb_text) referenced from startup_stm32f10x_hd.o(RESET)
 <LI><a href="#[9]">xPortSysTickHandler</a> from port.o(i.xPortSysTickHandler) referenced from startup_stm32f10x_hd.o(RESET)
</UL>
<P>
<H3>
Global Symbols
</H3>
<P><STRONG><a name="[48]"></a>__main</STRONG> (Thumb, 0 bytes, Stack size unknown bytes, entry.o(.ARM.Collect$$$$00000000))
<BR>[Address Reference Count : 1]<UL><LI> startup_stm32f10x_hd.o(.text)
</UL>
<P><STRONG><a name="[311]"></a>_main_stk</STRONG> (Thumb, 0 bytes, Stack size unknown bytes, entry2.o(.ARM.Collect$$$$00000001))

<P><STRONG><a name="[54]"></a>_main_scatterload</STRONG> (Thumb, 0 bytes, Stack size unknown bytes, entry5.o(.ARM.Collect$$$$00000004))
<BR><BR>[Calls]<UL><LI><a href="#[55]">&gt;&gt;</a>&nbsp;&nbsp;&nbsp;__scatterload
</UL>

<P><STRONG><a name="[79]"></a>__main_after_scatterload</STRONG> (Thumb, 0 bytes, Stack size unknown bytes, entry5.o(.ARM.Collect$$$$00000004))
<BR><BR>[Called By]<UL><LI><a href="#[55]">&gt;&gt;</a>&nbsp;&nbsp;&nbsp;__scatterload
</UL>

<P><STRONG><a name="[312]"></a>_main_clock</STRONG> (Thumb, 0 bytes, Stack size unknown bytes, entry7b.o(.ARM.Collect$$$$00000008))

<P><STRONG><a name="[313]"></a>_main_cpp_init</STRONG> (Thumb, 0 bytes, Stack size unknown bytes, entry8b.o(.ARM.Collect$$$$0000000A))

<P><STRONG><a name="[314]"></a>_main_init</STRONG> (Thumb, 0 bytes, Stack size unknown bytes, entry9a.o(.ARM.Collect$$$$0000000B))

<P><STRONG><a name="[315]"></a>__rt_final_cpp</STRONG> (Thumb, 0 bytes, Stack size unknown bytes, entry10a.o(.ARM.Collect$$$$0000000D))

<P><STRONG><a name="[316]"></a>__rt_final_exit</STRONG> (Thumb, 0 bytes, Stack size unknown bytes, entry11a.o(.ARM.Collect$$$$0000000F))

<P><STRONG><a name="[6]"></a>vPortSVCHandler</STRONG> (Thumb, 32 bytes, Stack size 0 bytes, port.o(.emb_text))
<BR>[Address Reference Count : 1]<UL><LI> startup_stm32f10x_hd.o(RESET)
</UL>
<P><STRONG><a name="[30e]"></a>__asm___6_port_c_39a90d8d__prvStartFirstTask</STRONG> (Thumb, 28 bytes, Stack size 0 bytes, port.o(.emb_text))
<BR><BR>[Called By]<UL><LI><a href="#[301]">&gt;&gt;</a>&nbsp;&nbsp;&nbsp;xPortStartScheduler
</UL>

<P><STRONG><a name="[8]"></a>xPortPendSVHandler</STRONG> (Thumb, 72 bytes, Stack size 0 bytes, port.o(.emb_text))
<BR><BR>[Calls]<UL><LI><a href="#[56]">&gt;&gt;</a>&nbsp;&nbsp;&nbsp;vTaskSwitchContext
</UL>
<BR>[Address Reference Count : 1]<UL><LI> startup_stm32f10x_hd.o(RESET)
</UL>
<P><STRONG><a name="[317]"></a>vPortGetIPSR</STRONG> (Thumb, 6 bytes, Stack size 0 bytes, port.o(.emb_text), UNUSED)

<P><STRONG><a name="[0]"></a>Reset_Handler</STRONG> (Thumb, 8 bytes, Stack size 0 bytes, startup_stm32f10x_hd.o(.text))
<BR>[Address Reference Count : 1]<UL><LI> startup_stm32f10x_hd.o(RESET)
</UL>
<P><STRONG><a name="[1]"></a>NMI_Handler</STRONG> (Thumb, 2 bytes, Stack size 0 bytes, startup_stm32f10x_hd.o(.text))
<BR><BR>[Calls]<UL><LI><a href="#[1]">&gt;&gt;</a>&nbsp;&nbsp;&nbsp;NMI_Handler
</UL>
<BR>[Called By]<UL><LI><a href="#[1]">&gt;&gt;</a>&nbsp;&nbsp;&nbsp;NMI_Handler
</UL>
<BR>[Address Reference Count : 1]<UL><LI> startup_stm32f10x_hd.o(RESET)
</UL>
<P><STRONG><a name="[2]"></a>HardFault_Handler</STRONG> (Thumb, 2 bytes, Stack size 0 bytes, startup_stm32f10x_hd.o(.text))
<BR><BR>[Calls]<UL><LI><a href="#[2]">&gt;&gt;</a>&nbsp;&nbsp;&nbsp;HardFault_Handler
</UL>
<BR>[Called By]<UL><LI><a href="#[2]">&gt;&gt;</a>&nbsp;&nbsp;&nbsp;HardFault_Handler
</UL>
<BR>[Address Reference Count : 1]<UL><LI> startup_stm32f10x_hd.o(RESET)
</UL>
<P><STRONG><a name="[3]"></a>MemManage_Handler</STRONG> (Thumb, 2 bytes, Stack size 0 bytes, startup_stm32f10x_hd.o(.text))
<BR><BR>[Calls]<UL><LI><a href="#[3]">&gt;&gt;</a>&nbsp;&nbsp;&nbsp;MemManage_Handler
</UL>
<BR>[Called By]<UL><LI><a href="#[3]">&gt;&gt;</a>&nbsp;&nbsp;&nbsp;MemManage_Handler
</UL>
<BR>[Address Reference Count : 1]<UL><LI> startup_stm32f10x_hd.o(RESET)
</UL>
<P><STRONG><a name="[4]"></a>BusFault_Handler</STRONG> (Thumb, 2 bytes, Stack size 0 bytes, startup_stm32f10x_hd.o(.text))
<BR><BR>[Calls]<UL><LI><a href="#[4]">&gt;&gt;</a>&nbsp;&nbsp;&nbsp;BusFault_Handler
</UL>
<BR>[Called By]<UL><LI><a href="#[4]">&gt;&gt;</a>&nbsp;&nbsp;&nbsp;BusFault_Handler
</UL>
<BR>[Address Reference Count : 1]<UL><LI> startup_stm32f10x_hd.o(RESET)
</UL>
<P><STRONG><a name="[5]"></a>UsageFault_Handler</STRONG> (Thumb, 2 bytes, Stack size 0 bytes, startup_stm32f10x_hd.o(.text))
<BR><BR>[Calls]<UL><LI><a href="#[5]">&gt;&gt;</a>&nbsp;&nbsp;&nbsp;UsageFault_Handler
</UL>
<BR>[Called By]<UL><LI><a href="#[5]">&gt;&gt;</a>&nbsp;&nbsp;&nbsp;UsageFault_Handler
</UL>
<BR>[Address Reference Count : 1]<UL><LI> startup_stm32f10x_hd.o(RESET)
</UL>
<P><STRONG><a name="[57]"></a>SVC_Handler</STRONG> (Thumb, 2 bytes, Stack size 0 bytes, startup_stm32f10x_hd.o(.text), UNUSED)
<BR><BR>[Calls]<UL><LI><a href="#[57]">&gt;&gt;</a>&nbsp;&nbsp;&nbsp;SVC_Handler
</UL>
<BR>[Called By]<UL><LI><a href="#[57]">&gt;&gt;</a>&nbsp;&nbsp;&nbsp;SVC_Handler
</UL>

<P><STRONG><a name="[7]"></a>DebugMon_Handler</STRONG> (Thumb, 2 bytes, Stack size 0 bytes, startup_stm32f10x_hd.o(.text))
<BR><BR>[Calls]<UL><LI><a href="#[7]">&gt;&gt;</a>&nbsp;&nbsp;&nbsp;DebugMon_Handler
</UL>
<BR>[Called By]<UL><LI><a href="#[7]">&gt;&gt;</a>&nbsp;&nbsp;&nbsp;DebugMon_Handler
</UL>
<BR>[Address Reference Count : 1]<UL><LI> startup_stm32f10x_hd.o(RESET)
</UL>
<P><STRONG><a name="[58]"></a>PendSV_Handler</STRONG> (Thumb, 2 bytes, Stack size 0 bytes, startup_stm32f10x_hd.o(.text), UNUSED)
<BR><BR>[Calls]<UL><LI><a href="#[58]">&gt;&gt;</a>&nbsp;&nbsp;&nbsp;PendSV_Handler
</UL>
<BR>[Called By]<UL><LI><a href="#[58]">&gt;&gt;</a>&nbsp;&nbsp;&nbsp;PendSV_Handler
</UL>

<P><STRONG><a name="[59]"></a>SysTick_Handler</STRONG> (Thumb, 2 bytes, Stack size 0 bytes, startup_stm32f10x_hd.o(.text), UNUSED)
<BR><BR>[Calls]<UL><LI><a href="#[59]">&gt;&gt;</a>&nbsp;&nbsp;&nbsp;SysTick_Handler
</UL>
<BR>[Called By]<UL><LI><a href="#[59]">&gt;&gt;</a>&nbsp;&nbsp;&nbsp;SysTick_Handler
</UL>

<P><STRONG><a name="[1c]"></a>ADC1_2_IRQHandler</STRONG> (Thumb, 0 bytes, Stack size 0 bytes, startup_stm32f10x_hd.o(.text))
<BR><BR>[Calls]<UL><LI><a href="#[1c]">&gt;&gt;</a>&nbsp;&nbsp;&nbsp;ADC1_2_IRQHandler
</UL>
<BR>[Called By]<UL><LI><a href="#[1c]">&gt;&gt;</a>&nbsp;&nbsp;&nbsp;ADC1_2_IRQHandler
</UL>
<BR>[Address Reference Count : 1]<UL><LI> startup_stm32f10x_hd.o(RESET)
</UL>
<P><STRONG><a name="[39]"></a>ADC3_IRQHandler</STRONG> (Thumb, 0 bytes, Stack size 0 bytes, startup_stm32f10x_hd.o(.text))
<BR>[Address Reference Count : 1]<UL><LI> startup_stm32f10x_hd.o(RESET)
</UL>
<P><STRONG><a name="[1f]"></a>CAN1_RX1_IRQHandler</STRONG> (Thumb, 0 bytes, Stack size 0 bytes, startup_stm32f10x_hd.o(.text))
<BR>[Address Reference Count : 1]<UL><LI> startup_stm32f10x_hd.o(RESET)
</UL>
<P><STRONG><a name="[20]"></a>CAN1_SCE_IRQHandler</STRONG> (Thumb, 0 bytes, Stack size 0 bytes, startup_stm32f10x_hd.o(.text))
<BR>[Address Reference Count : 1]<UL><LI> startup_stm32f10x_hd.o(RESET)
</UL>
<P><STRONG><a name="[15]"></a>DMA1_Channel1_IRQHandler</STRONG> (Thumb, 0 bytes, Stack size 0 bytes, startup_stm32f10x_hd.o(.text))
<BR>[Address Reference Count : 1]<UL><LI> startup_stm32f10x_hd.o(RESET)
</UL>
<P><STRONG><a name="[16]"></a>DMA1_Channel2_IRQHandler</STRONG> (Thumb, 0 bytes, Stack size 0 bytes, startup_stm32f10x_hd.o(.text))
<BR>[Address Reference Count : 1]<UL><LI> startup_stm32f10x_hd.o(RESET)
</UL>
<P><STRONG><a name="[17]"></a>DMA1_Channel3_IRQHandler</STRONG> (Thumb, 0 bytes, Stack size 0 bytes, startup_stm32f10x_hd.o(.text))
<BR>[Address Reference Count : 1]<UL><LI> startup_stm32f10x_hd.o(RESET)
</UL>
<P><STRONG><a name="[18]"></a>DMA1_Channel4_IRQHandler</STRONG> (Thumb, 0 bytes, Stack size 0 bytes, startup_stm32f10x_hd.o(.text))
<BR>[Address Reference Count : 1]<UL><LI> startup_stm32f10x_hd.o(RESET)
</UL>
<P><STRONG><a name="[19]"></a>DMA1_Channel5_IRQHandler</STRONG> (Thumb, 0 bytes, Stack size 0 bytes, startup_stm32f10x_hd.o(.text))
<BR>[Address Reference Count : 1]<UL><LI> startup_stm32f10x_hd.o(RESET)
</UL>
<P><STRONG><a name="[1a]"></a>DMA1_Channel6_IRQHandler</STRONG> (Thumb, 0 bytes, Stack size 0 bytes, startup_stm32f10x_hd.o(.text))
<BR>[Address Reference Count : 1]<UL><LI> startup_stm32f10x_hd.o(RESET)
</UL>
<P><STRONG><a name="[1b]"></a>DMA1_Channel7_IRQHandler</STRONG> (Thumb, 0 bytes, Stack size 0 bytes, startup_stm32f10x_hd.o(.text))
<BR>[Address Reference Count : 1]<UL><LI> startup_stm32f10x_hd.o(RESET)
</UL>
<P><STRONG><a name="[42]"></a>DMA2_Channel1_IRQHandler</STRONG> (Thumb, 0 bytes, Stack size 0 bytes, startup_stm32f10x_hd.o(.text))
<BR>[Address Reference Count : 1]<UL><LI> startup_stm32f10x_hd.o(RESET)
</UL>
<P><STRONG><a name="[43]"></a>DMA2_Channel2_IRQHandler</STRONG> (Thumb, 0 bytes, Stack size 0 bytes, startup_stm32f10x_hd.o(.text))
<BR>[Address Reference Count : 1]<UL><LI> startup_stm32f10x_hd.o(RESET)
</UL>
<P><STRONG><a name="[44]"></a>DMA2_Channel3_IRQHandler</STRONG> (Thumb, 0 bytes, Stack size 0 bytes, startup_stm32f10x_hd.o(.text))
<BR>[Address Reference Count : 1]<UL><LI> startup_stm32f10x_hd.o(RESET)
</UL>
<P><STRONG><a name="[45]"></a>DMA2_Channel4_5_IRQHandler</STRONG> (Thumb, 0 bytes, Stack size 0 bytes, startup_stm32f10x_hd.o(.text))
<BR>[Address Reference Count : 1]<UL><LI> startup_stm32f10x_hd.o(RESET)
</UL>
<P><STRONG><a name="[10]"></a>EXTI0_IRQHandler</STRONG> (Thumb, 0 bytes, Stack size 0 bytes, startup_stm32f10x_hd.o(.text))
<BR>[Address Reference Count : 1]<UL><LI> startup_stm32f10x_hd.o(RESET)
</UL>
<P><STRONG><a name="[32]"></a>EXTI15_10_IRQHandler</STRONG> (Thumb, 0 bytes, Stack size 0 bytes, startup_stm32f10x_hd.o(.text))
<BR>[Address Reference Count : 1]<UL><LI> startup_stm32f10x_hd.o(RESET)
</UL>
<P><STRONG><a name="[11]"></a>EXTI1_IRQHandler</STRONG> (Thumb, 0 bytes, Stack size 0 bytes, startup_stm32f10x_hd.o(.text))
<BR>[Address Reference Count : 1]<UL><LI> startup_stm32f10x_hd.o(RESET)
</UL>
<P><STRONG><a name="[12]"></a>EXTI2_IRQHandler</STRONG> (Thumb, 0 bytes, Stack size 0 bytes, startup_stm32f10x_hd.o(.text))
<BR>[Address Reference Count : 1]<UL><LI> startup_stm32f10x_hd.o(RESET)
</UL>
<P><STRONG><a name="[13]"></a>EXTI3_IRQHandler</STRONG> (Thumb, 0 bytes, Stack size 0 bytes, startup_stm32f10x_hd.o(.text))
<BR>[Address Reference Count : 1]<UL><LI> startup_stm32f10x_hd.o(RESET)
</UL>
<P><STRONG><a name="[21]"></a>EXTI9_5_IRQHandler</STRONG> (Thumb, 0 bytes, Stack size 0 bytes, startup_stm32f10x_hd.o(.text))
<BR>[Address Reference Count : 1]<UL><LI> startup_stm32f10x_hd.o(RESET)
</UL>
<P><STRONG><a name="[e]"></a>FLASH_IRQHandler</STRONG> (Thumb, 0 bytes, Stack size 0 bytes, startup_stm32f10x_hd.o(.text))
<BR>[Address Reference Count : 1]<UL><LI> startup_stm32f10x_hd.o(RESET)
</UL>
<P><STRONG><a name="[3a]"></a>FSMC_IRQHandler</STRONG> (Thumb, 0 bytes, Stack size 0 bytes, startup_stm32f10x_hd.o(.text))
<BR>[Address Reference Count : 1]<UL><LI> startup_stm32f10x_hd.o(RESET)
</UL>
<P><STRONG><a name="[2a]"></a>I2C1_ER_IRQHandler</STRONG> (Thumb, 0 bytes, Stack size 0 bytes, startup_stm32f10x_hd.o(.text))
<BR>[Address Reference Count : 1]<UL><LI> startup_stm32f10x_hd.o(RESET)
</UL>
<P><STRONG><a name="[29]"></a>I2C1_EV_IRQHandler</STRONG> (Thumb, 0 bytes, Stack size 0 bytes, startup_stm32f10x_hd.o(.text))
<BR>[Address Reference Count : 1]<UL><LI> startup_stm32f10x_hd.o(RESET)
</UL>
<P><STRONG><a name="[2c]"></a>I2C2_ER_IRQHandler</STRONG> (Thumb, 0 bytes, Stack size 0 bytes, startup_stm32f10x_hd.o(.text))
<BR>[Address Reference Count : 1]<UL><LI> startup_stm32f10x_hd.o(RESET)
</UL>
<P><STRONG><a name="[2b]"></a>I2C2_EV_IRQHandler</STRONG> (Thumb, 0 bytes, Stack size 0 bytes, startup_stm32f10x_hd.o(.text))
<BR>[Address Reference Count : 1]<UL><LI> startup_stm32f10x_hd.o(RESET)
</UL>
<P><STRONG><a name="[b]"></a>PVD_IRQHandler</STRONG> (Thumb, 0 bytes, Stack size 0 bytes, startup_stm32f10x_hd.o(.text))
<BR>[Address Reference Count : 1]<UL><LI> startup_stm32f10x_hd.o(RESET)
</UL>
<P><STRONG><a name="[f]"></a>RCC_IRQHandler</STRONG> (Thumb, 0 bytes, Stack size 0 bytes, startup_stm32f10x_hd.o(.text))
<BR>[Address Reference Count : 1]<UL><LI> startup_stm32f10x_hd.o(RESET)
</UL>
<P><STRONG><a name="[33]"></a>RTCAlarm_IRQHandler</STRONG> (Thumb, 0 bytes, Stack size 0 bytes, startup_stm32f10x_hd.o(.text))
<BR>[Address Reference Count : 1]<UL><LI> startup_stm32f10x_hd.o(RESET)
</UL>
<P><STRONG><a name="[d]"></a>RTC_IRQHandler</STRONG> (Thumb, 0 bytes, Stack size 0 bytes, startup_stm32f10x_hd.o(.text))
<BR>[Address Reference Count : 1]<UL><LI> startup_stm32f10x_hd.o(RESET)
</UL>
<P><STRONG><a name="[3b]"></a>SDIO_IRQHandler</STRONG> (Thumb, 0 bytes, Stack size 0 bytes, startup_stm32f10x_hd.o(.text))
<BR>[Address Reference Count : 1]<UL><LI> startup_stm32f10x_hd.o(RESET)
</UL>
<P><STRONG><a name="[2d]"></a>SPI1_IRQHandler</STRONG> (Thumb, 0 bytes, Stack size 0 bytes, startup_stm32f10x_hd.o(.text))
<BR>[Address Reference Count : 1]<UL><LI> startup_stm32f10x_hd.o(RESET)
</UL>
<P><STRONG><a name="[2e]"></a>SPI2_IRQHandler</STRONG> (Thumb, 0 bytes, Stack size 0 bytes, startup_stm32f10x_hd.o(.text))
<BR>[Address Reference Count : 1]<UL><LI> startup_stm32f10x_hd.o(RESET)
</UL>
<P><STRONG><a name="[3d]"></a>SPI3_IRQHandler</STRONG> (Thumb, 0 bytes, Stack size 0 bytes, startup_stm32f10x_hd.o(.text))
<BR>[Address Reference Count : 1]<UL><LI> startup_stm32f10x_hd.o(RESET)
</UL>
<P><STRONG><a name="[c]"></a>TAMPER_IRQHandler</STRONG> (Thumb, 0 bytes, Stack size 0 bytes, startup_stm32f10x_hd.o(.text))
<BR>[Address Reference Count : 1]<UL><LI> startup_stm32f10x_hd.o(RESET)
</UL>
<P><STRONG><a name="[22]"></a>TIM1_BRK_IRQHandler</STRONG> (Thumb, 0 bytes, Stack size 0 bytes, startup_stm32f10x_hd.o(.text))
<BR>[Address Reference Count : 1]<UL><LI> startup_stm32f10x_hd.o(RESET)
</UL>
<P><STRONG><a name="[25]"></a>TIM1_CC_IRQHandler</STRONG> (Thumb, 0 bytes, Stack size 0 bytes, startup_stm32f10x_hd.o(.text))
<BR>[Address Reference Count : 1]<UL><LI> startup_stm32f10x_hd.o(RESET)
</UL>
<P><STRONG><a name="[24]"></a>TIM1_TRG_COM_IRQHandler</STRONG> (Thumb, 0 bytes, Stack size 0 bytes, startup_stm32f10x_hd.o(.text))
<BR>[Address Reference Count : 1]<UL><LI> startup_stm32f10x_hd.o(RESET)
</UL>
<P><STRONG><a name="[23]"></a>TIM1_UP_IRQHandler</STRONG> (Thumb, 0 bytes, Stack size 0 bytes, startup_stm32f10x_hd.o(.text))
<BR>[Address Reference Count : 1]<UL><LI> startup_stm32f10x_hd.o(RESET)
</UL>
<P><STRONG><a name="[26]"></a>TIM2_IRQHandler</STRONG> (Thumb, 0 bytes, Stack size 0 bytes, startup_stm32f10x_hd.o(.text))
<BR>[Address Reference Count : 1]<UL><LI> startup_stm32f10x_hd.o(RESET)
</UL>
<P><STRONG><a name="[27]"></a>TIM3_IRQHandler</STRONG> (Thumb, 0 bytes, Stack size 0 bytes, startup_stm32f10x_hd.o(.text))
<BR>[Address Reference Count : 1]<UL><LI> startup_stm32f10x_hd.o(RESET)
</UL>
<P><STRONG><a name="[28]"></a>TIM4_IRQHandler</STRONG> (Thumb, 0 bytes, Stack size 0 bytes, startup_stm32f10x_hd.o(.text))
<BR>[Address Reference Count : 1]<UL><LI> startup_stm32f10x_hd.o(RESET)
</UL>
<P><STRONG><a name="[3c]"></a>TIM5_IRQHandler</STRONG> (Thumb, 0 bytes, Stack size 0 bytes, startup_stm32f10x_hd.o(.text))
<BR>[Address Reference Count : 1]<UL><LI> startup_stm32f10x_hd.o(RESET)
</UL>
<P><STRONG><a name="[40]"></a>TIM6_IRQHandler</STRONG> (Thumb, 0 bytes, Stack size 0 bytes, startup_stm32f10x_hd.o(.text))
<BR>[Address Reference Count : 1]<UL><LI> startup_stm32f10x_hd.o(RESET)
</UL>
<P><STRONG><a name="[35]"></a>TIM8_BRK_IRQHandler</STRONG> (Thumb, 0 bytes, Stack size 0 bytes, startup_stm32f10x_hd.o(.text))
<BR>[Address Reference Count : 1]<UL><LI> startup_stm32f10x_hd.o(RESET)
</UL>
<P><STRONG><a name="[38]"></a>TIM8_CC_IRQHandler</STRONG> (Thumb, 0 bytes, Stack size 0 bytes, startup_stm32f10x_hd.o(.text))
<BR>[Address Reference Count : 1]<UL><LI> startup_stm32f10x_hd.o(RESET)
</UL>
<P><STRONG><a name="[37]"></a>TIM8_TRG_COM_IRQHandler</STRONG> (Thumb, 0 bytes, Stack size 0 bytes, startup_stm32f10x_hd.o(.text))
<BR>[Address Reference Count : 1]<UL><LI> startup_stm32f10x_hd.o(RESET)
</UL>
<P><STRONG><a name="[36]"></a>TIM8_UP_IRQHandler</STRONG> (Thumb, 0 bytes, Stack size 0 bytes, startup_stm32f10x_hd.o(.text))
<BR>[Address Reference Count : 1]<UL><LI> startup_stm32f10x_hd.o(RESET)
</UL>
<P><STRONG><a name="[3e]"></a>UART4_IRQHandler</STRONG> (Thumb, 0 bytes, Stack size 0 bytes, startup_stm32f10x_hd.o(.text))
<BR>[Address Reference Count : 1]<UL><LI> startup_stm32f10x_hd.o(RESET)
</UL>
<P><STRONG><a name="[3f]"></a>UART5_IRQHandler</STRONG> (Thumb, 0 bytes, Stack size 0 bytes, startup_stm32f10x_hd.o(.text))
<BR>[Address Reference Count : 1]<UL><LI> startup_stm32f10x_hd.o(RESET)
</UL>
<P><STRONG><a name="[34]"></a>USBWakeUp_IRQHandler</STRONG> (Thumb, 0 bytes, Stack size 0 bytes, startup_stm32f10x_hd.o(.text))
<BR>[Address Reference Count : 1]<UL><LI> startup_stm32f10x_hd.o(RESET)
</UL>
<P><STRONG><a name="[1d]"></a>USB_HP_CAN1_TX_IRQHandler</STRONG> (Thumb, 0 bytes, Stack size 0 bytes, startup_stm32f10x_hd.o(.text))
<BR>[Address Reference Count : 1]<UL><LI> startup_stm32f10x_hd.o(RESET)
</UL>
<P><STRONG><a name="[a]"></a>WWDG_IRQHandler</STRONG> (Thumb, 0 bytes, Stack size 0 bytes, startup_stm32f10x_hd.o(.text))
<BR>[Address Reference Count : 1]<UL><LI> startup_stm32f10x_hd.o(RESET)
</UL>
<P><STRONG><a name="[5a]"></a>__aeabi_uldivmod</STRONG> (Thumb, 98 bytes, Stack size 40 bytes, uldiv.o(.text))
<BR><BR>[Stack]<UL><LI>Max Depth = 40<LI>Call Chain = __aeabi_uldivmod
</UL>
<BR>[Calls]<UL><LI><a href="#[5b]">&gt;&gt;</a>&nbsp;&nbsp;&nbsp;__aeabi_llsr
<LI><a href="#[5c]">&gt;&gt;</a>&nbsp;&nbsp;&nbsp;__aeabi_llsl
</UL>
<BR>[Called By]<UL><LI><a href="#[2a2]">&gt;&gt;</a>&nbsp;&nbsp;&nbsp;inv_set_gyro_sf
<LI><a href="#[202]">&gt;&gt;</a>&nbsp;&nbsp;&nbsp;_printf_core
<LI><a href="#[210]">&gt;&gt;</a>&nbsp;&nbsp;&nbsp;_fp_digits
<LI><a href="#[5d]">&gt;&gt;</a>&nbsp;&nbsp;&nbsp;__aeabi_ldivmod
</UL>

<P><STRONG><a name="[5d]"></a>__aeabi_ldivmod</STRONG> (Thumb, 98 bytes, Stack size 24 bytes, ldiv.o(.text))
<BR><BR>[Stack]<UL><LI>Max Depth = 64<LI>Call Chain = __aeabi_ldivmod &rArr; __aeabi_uldivmod
</UL>
<BR>[Calls]<UL><LI><a href="#[5a]">&gt;&gt;</a>&nbsp;&nbsp;&nbsp;__aeabi_uldivmod
</UL>
<BR>[Called By]<UL><LI><a href="#[147]">&gt;&gt;</a>&nbsp;&nbsp;&nbsp;fifo_handler
</UL>

<P><STRONG><a name="[68]"></a>__aeabi_lasr</STRONG> (Thumb, 36 bytes, Stack size 0 bytes, llsshr.o(.text))
<BR><BR>[Called By]<UL><LI><a href="#[67]">&gt;&gt;</a>&nbsp;&nbsp;&nbsp;__aeabi_dadd
<LI><a href="#[2ba]">&gt;&gt;</a>&nbsp;&nbsp;&nbsp;inv_qfix_mult
</UL>

<P><STRONG><a name="[318]"></a>_ll_sshift_r</STRONG> (Thumb, 0 bytes, Stack size 0 bytes, llsshr.o(.text), UNUSED)

<P><STRONG><a name="[215]"></a>rand</STRONG> (Thumb, 20 bytes, Stack size 0 bytes, rand.o(.text))
<BR><BR>[Called By]<UL><LI><a href="#[217]">&gt;&gt;</a>&nbsp;&nbsp;&nbsp;rgb_remix_u8
<LI><a href="#[21e]">&gt;&gt;</a>&nbsp;&nbsp;&nbsp;app_rgb_starbright
<LI><a href="#[21d]">&gt;&gt;</a>&nbsp;&nbsp;&nbsp;app_rgb_marquee
<LI><a href="#[214]">&gt;&gt;</a>&nbsp;&nbsp;&nbsp;app_rbg_gradient
</UL>

<P><STRONG><a name="[319]"></a>srand</STRONG> (Thumb, 6 bytes, Stack size 0 bytes, rand.o(.text), UNUSED)

<P><STRONG><a name="[31a]"></a>___aeabi_memcpy8$move</STRONG> (Thumb, 0 bytes, Stack size 8 bytes, memmovea.o(.text), UNUSED)

<P><STRONG><a name="[1c5]"></a>__aeabi_memcpy</STRONG> (Thumb, 64 bytes, Stack size 8 bytes, memmovea.o(.text))
<BR><BR>[Stack]<UL><LI>Max Depth = 8<LI>Call Chain = __aeabi_memcpy
</UL>
<BR>[Called By]<UL><LI><a href="#[88]">&gt;&gt;</a>&nbsp;&nbsp;&nbsp;USART1_Send_ArrayU8
<LI><a href="#[1c4]">&gt;&gt;</a>&nbsp;&nbsp;&nbsp;SBUS_Reveive
</UL>

<P><STRONG><a name="[145]"></a>__aeabi_memcpy4</STRONG> (Thumb, 0 bytes, Stack size 8 bytes, memmovea.o(.text))
<BR><BR>[Stack]<UL><LI>Max Depth = 8<LI>Call Chain = __aeabi_memcpy4
</UL>
<BR>[Called By]<UL><LI><a href="#[e2]">&gt;&gt;</a>&nbsp;&nbsp;&nbsp;MOTOR_GPIO_Init
<LI><a href="#[144]">&gt;&gt;</a>&nbsp;&nbsp;&nbsp;ICM20948_Get_Data
</UL>

<P><STRONG><a name="[2bd]"></a>__aeabi_memmove</STRONG> (Thumb, 0 bytes, Stack size 8 bytes, memmovea.o(.text))
<BR><BR>[Stack]<UL><LI>Max Depth = 8<LI>Call Chain = __aeabi_memmove
</UL>
<BR>[Called By]<UL><LI><a href="#[251]">&gt;&gt;</a>&nbsp;&nbsp;&nbsp;inv_mems_fifo_pop
</UL>

<P><STRONG><a name="[31b]"></a>__aeabi_memmove4</STRONG> (Thumb, 0 bytes, Stack size 8 bytes, memmovea.o(.text), UNUSED)

<P><STRONG><a name="[31c]"></a>__aeabi_memmove8</STRONG> (Thumb, 0 bytes, Stack size 8 bytes, memmovea.o(.text), UNUSED)

<P><STRONG><a name="[5f]"></a>__aeabi_memset</STRONG> (Thumb, 14 bytes, Stack size 0 bytes, memseta.o(.text))
<BR><BR>[Called By]<UL><LI><a href="#[19d]">&gt;&gt;</a>&nbsp;&nbsp;&nbsp;SSD1306_Fill
<LI><a href="#[60]">&gt;&gt;</a>&nbsp;&nbsp;&nbsp;_memset$wrapper
<LI><a href="#[5e]">&gt;&gt;</a>&nbsp;&nbsp;&nbsp;__aeabi_memclr
</UL>

<P><STRONG><a name="[31d]"></a>__aeabi_memset4</STRONG> (Thumb, 0 bytes, Stack size 0 bytes, memseta.o(.text), UNUSED)

<P><STRONG><a name="[31e]"></a>__aeabi_memset8</STRONG> (Thumb, 0 bytes, Stack size 0 bytes, memseta.o(.text), UNUSED)

<P><STRONG><a name="[5e]"></a>__aeabi_memclr</STRONG> (Thumb, 4 bytes, Stack size 0 bytes, memseta.o(.text))
<BR><BR>[Calls]<UL><LI><a href="#[5f]">&gt;&gt;</a>&nbsp;&nbsp;&nbsp;__aeabi_memset
</UL>
<BR>[Called By]<UL><LI><a href="#[14d]">&gt;&gt;</a>&nbsp;&nbsp;&nbsp;inv_initialize_lower_driver
</UL>

<P><STRONG><a name="[115]"></a>__aeabi_memclr4</STRONG> (Thumb, 0 bytes, Stack size 0 bytes, memseta.o(.text))
<BR><BR>[Called By]<UL><LI><a href="#[167]">&gt;&gt;</a>&nbsp;&nbsp;&nbsp;MPU9250_Send_Raw_Data
<LI><a href="#[149]">&gt;&gt;</a>&nbsp;&nbsp;&nbsp;ICM20948_Send_Raw_Data
<LI><a href="#[114]">&gt;&gt;</a>&nbsp;&nbsp;&nbsp;Encoder_Send_Count_Now
<LI><a href="#[1d3]">&gt;&gt;</a>&nbsp;&nbsp;&nbsp;UartServo_Send_ARM_Angle_Array
<LI><a href="#[147]">&gt;&gt;</a>&nbsp;&nbsp;&nbsp;fifo_handler
<LI><a href="#[282]">&gt;&gt;</a>&nbsp;&nbsp;&nbsp;inv_mems_firmware_load
</UL>

<P><STRONG><a name="[31f]"></a>__aeabi_memclr8</STRONG> (Thumb, 0 bytes, Stack size 0 bytes, memseta.o(.text), UNUSED)

<P><STRONG><a name="[60]"></a>_memset$wrapper</STRONG> (Thumb, 18 bytes, Stack size 8 bytes, memseta.o(.text), UNUSED)
<BR><BR>[Calls]<UL><LI><a href="#[5f]">&gt;&gt;</a>&nbsp;&nbsp;&nbsp;__aeabi_memset
</UL>

<P><STRONG><a name="[2be]"></a>memcmp</STRONG> (Thumb, 26 bytes, Stack size 12 bytes, memcmp.o(.text), UNUSED)
<BR><BR>[Called By]<UL><LI><a href="#[282]">&gt;&gt;</a>&nbsp;&nbsp;&nbsp;inv_mems_firmware_load
</UL>

<P><STRONG><a name="[61]"></a>__aeabi_fadd</STRONG> (Thumb, 164 bytes, Stack size 16 bytes, fadd.o(.text))
<BR><BR>[Stack]<UL><LI>Max Depth = 20<LI>Call Chain = __aeabi_fadd &rArr; _float_epilogue
</UL>
<BR>[Calls]<UL><LI><a href="#[63]">&gt;&gt;</a>&nbsp;&nbsp;&nbsp;_float_round
<LI><a href="#[62]">&gt;&gt;</a>&nbsp;&nbsp;&nbsp;_float_epilogue
</UL>
<BR>[Called By]<UL><LI><a href="#[64]">&gt;&gt;</a>&nbsp;&nbsp;&nbsp;__aeabi_fsub
<LI><a href="#[65]">&gt;&gt;</a>&nbsp;&nbsp;&nbsp;__aeabi_frsub
<LI><a href="#[140]">&gt;&gt;</a>&nbsp;&nbsp;&nbsp;PID_Yaw_Calc
<LI><a href="#[1aa]">&gt;&gt;</a>&nbsp;&nbsp;&nbsp;PID_Incre_Calc
<LI><a href="#[176]">&gt;&gt;</a>&nbsp;&nbsp;&nbsp;Mecanum_Ctrl
<LI><a href="#[13c]">&gt;&gt;</a>&nbsp;&nbsp;&nbsp;Fourwheel_Ctrl
<LI><a href="#[17f]">&gt;&gt;</a>&nbsp;&nbsp;&nbsp;Motion_Get_Speed
<LI><a href="#[163]">&gt;&gt;</a>&nbsp;&nbsp;&nbsp;get_attitude_angle
<LI><a href="#[26d]">&gt;&gt;</a>&nbsp;&nbsp;&nbsp;process_sensor_output
<LI><a href="#[147]">&gt;&gt;</a>&nbsp;&nbsp;&nbsp;fifo_handler
<LI><a href="#[2cf]">&gt;&gt;</a>&nbsp;&nbsp;&nbsp;inv_rotation_to_quaternion
<LI><a href="#[2dc]">&gt;&gt;</a>&nbsp;&nbsp;&nbsp;sinf
<LI><a href="#[22b]">&gt;&gt;</a>&nbsp;&nbsp;&nbsp;cosf
<LI><a href="#[85]">&gt;&gt;</a>&nbsp;&nbsp;&nbsp;atanf
<LI><a href="#[20f]">&gt;&gt;</a>&nbsp;&nbsp;&nbsp;__mathlib_rredf2
</UL>

<P><STRONG><a name="[64]"></a>__aeabi_fsub</STRONG> (Thumb, 6 bytes, Stack size 0 bytes, fadd.o(.text))
<BR><BR>[Stack]<UL><LI>Max Depth = 20<LI>Call Chain = __aeabi_fsub &rArr; __aeabi_fadd &rArr; _float_epilogue
</UL>
<BR>[Calls]<UL><LI><a href="#[61]">&gt;&gt;</a>&nbsp;&nbsp;&nbsp;__aeabi_fadd
</UL>
<BR>[Called By]<UL><LI><a href="#[1a9]">&gt;&gt;</a>&nbsp;&nbsp;&nbsp;OLED_Show_YAW
<LI><a href="#[4f]">&gt;&gt;</a>&nbsp;&nbsp;&nbsp;vTask_OLED
<LI><a href="#[140]">&gt;&gt;</a>&nbsp;&nbsp;&nbsp;PID_Yaw_Calc
<LI><a href="#[1aa]">&gt;&gt;</a>&nbsp;&nbsp;&nbsp;PID_Incre_Calc
<LI><a href="#[176]">&gt;&gt;</a>&nbsp;&nbsp;&nbsp;Mecanum_Ctrl
<LI><a href="#[13c]">&gt;&gt;</a>&nbsp;&nbsp;&nbsp;Fourwheel_Ctrl
<LI><a href="#[17f]">&gt;&gt;</a>&nbsp;&nbsp;&nbsp;Motion_Get_Speed
<LI><a href="#[163]">&gt;&gt;</a>&nbsp;&nbsp;&nbsp;get_attitude_angle
<LI><a href="#[26d]">&gt;&gt;</a>&nbsp;&nbsp;&nbsp;process_sensor_output
<LI><a href="#[147]">&gt;&gt;</a>&nbsp;&nbsp;&nbsp;fifo_handler
<LI><a href="#[2cf]">&gt;&gt;</a>&nbsp;&nbsp;&nbsp;inv_rotation_to_quaternion
<LI><a href="#[2dc]">&gt;&gt;</a>&nbsp;&nbsp;&nbsp;sinf
<LI><a href="#[22b]">&gt;&gt;</a>&nbsp;&nbsp;&nbsp;cosf
<LI><a href="#[85]">&gt;&gt;</a>&nbsp;&nbsp;&nbsp;atanf
<LI><a href="#[20f]">&gt;&gt;</a>&nbsp;&nbsp;&nbsp;__mathlib_rredf2
</UL>

<P><STRONG><a name="[65]"></a>__aeabi_frsub</STRONG> (Thumb, 6 bytes, Stack size 0 bytes, fadd.o(.text))
<BR><BR>[Stack]<UL><LI>Max Depth = 20<LI>Call Chain = __aeabi_frsub &rArr; __aeabi_fadd &rArr; _float_epilogue
</UL>
<BR>[Calls]<UL><LI><a href="#[61]">&gt;&gt;</a>&nbsp;&nbsp;&nbsp;__aeabi_fadd
</UL>
<BR>[Called By]<UL><LI><a href="#[140]">&gt;&gt;</a>&nbsp;&nbsp;&nbsp;PID_Yaw_Calc
<LI><a href="#[1aa]">&gt;&gt;</a>&nbsp;&nbsp;&nbsp;PID_Incre_Calc
<LI><a href="#[271]">&gt;&gt;</a>&nbsp;&nbsp;&nbsp;q_rsqrt
<LI><a href="#[163]">&gt;&gt;</a>&nbsp;&nbsp;&nbsp;get_attitude_angle
<LI><a href="#[26d]">&gt;&gt;</a>&nbsp;&nbsp;&nbsp;process_sensor_output
<LI><a href="#[2dc]">&gt;&gt;</a>&nbsp;&nbsp;&nbsp;sinf
<LI><a href="#[22b]">&gt;&gt;</a>&nbsp;&nbsp;&nbsp;cosf
<LI><a href="#[20f]">&gt;&gt;</a>&nbsp;&nbsp;&nbsp;__mathlib_rredf2
</UL>

<P><STRONG><a name="[7e]"></a>__aeabi_fmul</STRONG> (Thumb, 100 bytes, Stack size 8 bytes, fmul.o(.text))
<BR><BR>[Stack]<UL><LI>Max Depth = 8<LI>Call Chain = __aeabi_fmul
</UL>
<BR>[Called By]<UL><LI><a href="#[164]">&gt;&gt;</a>&nbsp;&nbsp;&nbsp;MPU9250_Send_Attitude_Data
<LI><a href="#[149]">&gt;&gt;</a>&nbsp;&nbsp;&nbsp;ICM20948_Send_Raw_Data
<LI><a href="#[148]">&gt;&gt;</a>&nbsp;&nbsp;&nbsp;ICM20948_Send_Attitude_Data
<LI><a href="#[4f]">&gt;&gt;</a>&nbsp;&nbsp;&nbsp;vTask_OLED
<LI><a href="#[1ab]">&gt;&gt;</a>&nbsp;&nbsp;&nbsp;PID_Send_Parm_Active
<LI><a href="#[12d]">&gt;&gt;</a>&nbsp;&nbsp;&nbsp;Flash_Set_Yaw_PID
<LI><a href="#[12a]">&gt;&gt;</a>&nbsp;&nbsp;&nbsp;Flash_Set_PID
<LI><a href="#[a2]">&gt;&gt;</a>&nbsp;&nbsp;&nbsp;App_Clear_Yaw
<LI><a href="#[8f]">&gt;&gt;</a>&nbsp;&nbsp;&nbsp;Ackerman_Steering_with_car
<LI><a href="#[140]">&gt;&gt;</a>&nbsp;&nbsp;&nbsp;PID_Yaw_Calc
<LI><a href="#[1aa]">&gt;&gt;</a>&nbsp;&nbsp;&nbsp;PID_Incre_Calc
<LI><a href="#[178]">&gt;&gt;</a>&nbsp;&nbsp;&nbsp;Mecanum_Yaw_Calc
<LI><a href="#[176]">&gt;&gt;</a>&nbsp;&nbsp;&nbsp;Mecanum_Ctrl
<LI><a href="#[13f]">&gt;&gt;</a>&nbsp;&nbsp;&nbsp;Fourwheel_Yaw_Calc
<LI><a href="#[13c]">&gt;&gt;</a>&nbsp;&nbsp;&nbsp;Fourwheel_Ctrl
<LI><a href="#[7c]">&gt;&gt;</a>&nbsp;&nbsp;&nbsp;Ackerman_Ctrl
<LI><a href="#[17f]">&gt;&gt;</a>&nbsp;&nbsp;&nbsp;Motion_Get_Speed
<LI><a href="#[96]">&gt;&gt;</a>&nbsp;&nbsp;&nbsp;Adc_Get_Battery_Volotage
<LI><a href="#[c2]">&gt;&gt;</a>&nbsp;&nbsp;&nbsp;Bat_State
<LI><a href="#[271]">&gt;&gt;</a>&nbsp;&nbsp;&nbsp;q_rsqrt
<LI><a href="#[163]">&gt;&gt;</a>&nbsp;&nbsp;&nbsp;get_attitude_angle
<LI><a href="#[97]">&gt;&gt;</a>&nbsp;&nbsp;&nbsp;Adc_Get_Measure_Volotage
<LI><a href="#[14c]">&gt;&gt;</a>&nbsp;&nbsp;&nbsp;inv_set_chip_to_body_axis_quaternion
<LI><a href="#[255]">&gt;&gt;</a>&nbsp;&nbsp;&nbsp;inv_convert_dmp3_to_body
<LI><a href="#[26d]">&gt;&gt;</a>&nbsp;&nbsp;&nbsp;process_sensor_output
<LI><a href="#[147]">&gt;&gt;</a>&nbsp;&nbsp;&nbsp;fifo_handler
<LI><a href="#[2dc]">&gt;&gt;</a>&nbsp;&nbsp;&nbsp;sinf
<LI><a href="#[22b]">&gt;&gt;</a>&nbsp;&nbsp;&nbsp;cosf
<LI><a href="#[85]">&gt;&gt;</a>&nbsp;&nbsp;&nbsp;atanf
<LI><a href="#[20f]">&gt;&gt;</a>&nbsp;&nbsp;&nbsp;__mathlib_rredf2
</UL>

<P><STRONG><a name="[66]"></a>__aeabi_fdiv</STRONG> (Thumb, 124 bytes, Stack size 8 bytes, fdiv.o(.text))
<BR><BR>[Stack]<UL><LI>Max Depth = 8<LI>Call Chain = __aeabi_fdiv
</UL>
<BR>[Calls]<UL><LI><a href="#[63]">&gt;&gt;</a>&nbsp;&nbsp;&nbsp;_float_round
</UL>
<BR>[Called By]<UL><LI><a href="#[1a5]">&gt;&gt;</a>&nbsp;&nbsp;&nbsp;OLED_Show_Motor_Speed
<LI><a href="#[176]">&gt;&gt;</a>&nbsp;&nbsp;&nbsp;Mecanum_Ctrl
<LI><a href="#[13c]">&gt;&gt;</a>&nbsp;&nbsp;&nbsp;Fourwheel_Ctrl
<LI><a href="#[7c]">&gt;&gt;</a>&nbsp;&nbsp;&nbsp;Ackerman_Ctrl
<LI><a href="#[17f]">&gt;&gt;</a>&nbsp;&nbsp;&nbsp;Motion_Get_Speed
<LI><a href="#[14c]">&gt;&gt;</a>&nbsp;&nbsp;&nbsp;inv_set_chip_to_body_axis_quaternion
<LI><a href="#[154]">&gt;&gt;</a>&nbsp;&nbsp;&nbsp;set_output_rates
<LI><a href="#[14f]">&gt;&gt;</a>&nbsp;&nbsp;&nbsp;self_test
<LI><a href="#[2cf]">&gt;&gt;</a>&nbsp;&nbsp;&nbsp;inv_rotation_to_quaternion
<LI><a href="#[85]">&gt;&gt;</a>&nbsp;&nbsp;&nbsp;atanf
<LI><a href="#[20d]">&gt;&gt;</a>&nbsp;&nbsp;&nbsp;__mathlib_flt_invalid
</UL>

<P><STRONG><a name="[182]"></a>__ARM_scalbnf</STRONG> (Thumb, 24 bytes, Stack size 0 bytes, fscalb.o(.text))
<BR><BR>[Called By]<UL><LI><a href="#[1aa]">&gt;&gt;</a>&nbsp;&nbsp;&nbsp;PID_Incre_Calc
<LI><a href="#[17f]">&gt;&gt;</a>&nbsp;&nbsp;&nbsp;Motion_Get_Speed
<LI><a href="#[271]">&gt;&gt;</a>&nbsp;&nbsp;&nbsp;q_rsqrt
<LI><a href="#[163]">&gt;&gt;</a>&nbsp;&nbsp;&nbsp;get_attitude_angle
<LI><a href="#[14c]">&gt;&gt;</a>&nbsp;&nbsp;&nbsp;inv_set_chip_to_body_axis_quaternion
<LI><a href="#[25f]">&gt;&gt;</a>&nbsp;&nbsp;&nbsp;inv_convert_rotation_vector
<LI><a href="#[26d]">&gt;&gt;</a>&nbsp;&nbsp;&nbsp;process_sensor_output
<LI><a href="#[147]">&gt;&gt;</a>&nbsp;&nbsp;&nbsp;fifo_handler
<LI><a href="#[262]">&gt;&gt;</a>&nbsp;&nbsp;&nbsp;inv_q16_to_float
<LI><a href="#[2cf]">&gt;&gt;</a>&nbsp;&nbsp;&nbsp;inv_rotation_to_quaternion
<LI><a href="#[20f]">&gt;&gt;</a>&nbsp;&nbsp;&nbsp;__mathlib_rredf2
<LI><a href="#[20e]">&gt;&gt;</a>&nbsp;&nbsp;&nbsp;__mathlib_flt_underflow
<LI><a href="#[20c]">&gt;&gt;</a>&nbsp;&nbsp;&nbsp;__mathlib_flt_infnan
</UL>

<P><STRONG><a name="[320]"></a>scalbnf</STRONG> (Thumb, 0 bytes, Stack size 0 bytes, fscalb.o(.text), UNUSED)

<P><STRONG><a name="[67]"></a>__aeabi_dadd</STRONG> (Thumb, 322 bytes, Stack size 48 bytes, dadd.o(.text))
<BR><BR>[Stack]<UL><LI>Max Depth = 88<LI>Call Chain = __aeabi_dadd &rArr; _double_epilogue &rArr; _double_round
</UL>
<BR>[Calls]<UL><LI><a href="#[68]">&gt;&gt;</a>&nbsp;&nbsp;&nbsp;__aeabi_lasr
<LI><a href="#[5c]">&gt;&gt;</a>&nbsp;&nbsp;&nbsp;__aeabi_llsl
<LI><a href="#[6a]">&gt;&gt;</a>&nbsp;&nbsp;&nbsp;_double_round
<LI><a href="#[69]">&gt;&gt;</a>&nbsp;&nbsp;&nbsp;_double_epilogue
</UL>
<BR>[Called By]<UL><LI><a href="#[8f]">&gt;&gt;</a>&nbsp;&nbsp;&nbsp;Ackerman_Steering_with_car
<LI><a href="#[6c]">&gt;&gt;</a>&nbsp;&nbsp;&nbsp;__aeabi_drsub
<LI><a href="#[7c]">&gt;&gt;</a>&nbsp;&nbsp;&nbsp;Ackerman_Ctrl
<LI><a href="#[6b]">&gt;&gt;</a>&nbsp;&nbsp;&nbsp;__aeabi_dsub
<LI><a href="#[210]">&gt;&gt;</a>&nbsp;&nbsp;&nbsp;_fp_digits
<LI><a href="#[223]">&gt;&gt;</a>&nbsp;&nbsp;&nbsp;atan
<LI><a href="#[220]">&gt;&gt;</a>&nbsp;&nbsp;&nbsp;asin
<LI><a href="#[206]">&gt;&gt;</a>&nbsp;&nbsp;&nbsp;__kernel_tan
<LI><a href="#[204]">&gt;&gt;</a>&nbsp;&nbsp;&nbsp;__ieee754_rem_pio2
<LI><a href="#[205]">&gt;&gt;</a>&nbsp;&nbsp;&nbsp;__kernel_poly
<LI><a href="#[20a]">&gt;&gt;</a>&nbsp;&nbsp;&nbsp;__mathlib_dbl_infnan2
</UL>

<P><STRONG><a name="[6b]"></a>__aeabi_dsub</STRONG> (Thumb, 6 bytes, Stack size 0 bytes, dadd.o(.text))
<BR><BR>[Stack]<UL><LI>Max Depth = 88<LI>Call Chain = __aeabi_dsub &rArr; __aeabi_dadd &rArr; _double_epilogue &rArr; _double_round
</UL>
<BR>[Calls]<UL><LI><a href="#[67]">&gt;&gt;</a>&nbsp;&nbsp;&nbsp;__aeabi_dadd
</UL>
<BR>[Called By]<UL><LI><a href="#[224]">&gt;&gt;</a>&nbsp;&nbsp;&nbsp;atan2
<LI><a href="#[223]">&gt;&gt;</a>&nbsp;&nbsp;&nbsp;atan
<LI><a href="#[220]">&gt;&gt;</a>&nbsp;&nbsp;&nbsp;asin
<LI><a href="#[206]">&gt;&gt;</a>&nbsp;&nbsp;&nbsp;__kernel_tan
<LI><a href="#[204]">&gt;&gt;</a>&nbsp;&nbsp;&nbsp;__ieee754_rem_pio2
</UL>

<P><STRONG><a name="[6c]"></a>__aeabi_drsub</STRONG> (Thumb, 6 bytes, Stack size 0 bytes, dadd.o(.text))
<BR><BR>[Stack]<UL><LI>Max Depth = 88<LI>Call Chain = __aeabi_drsub &rArr; __aeabi_dadd &rArr; _double_epilogue &rArr; _double_round
</UL>
<BR>[Calls]<UL><LI><a href="#[67]">&gt;&gt;</a>&nbsp;&nbsp;&nbsp;__aeabi_dadd
</UL>
<BR>[Called By]<UL><LI><a href="#[8f]">&gt;&gt;</a>&nbsp;&nbsp;&nbsp;Ackerman_Steering_with_car
<LI><a href="#[7c]">&gt;&gt;</a>&nbsp;&nbsp;&nbsp;Ackerman_Ctrl
<LI><a href="#[224]">&gt;&gt;</a>&nbsp;&nbsp;&nbsp;atan2
<LI><a href="#[223]">&gt;&gt;</a>&nbsp;&nbsp;&nbsp;atan
<LI><a href="#[220]">&gt;&gt;</a>&nbsp;&nbsp;&nbsp;asin
<LI><a href="#[206]">&gt;&gt;</a>&nbsp;&nbsp;&nbsp;__kernel_tan
<LI><a href="#[204]">&gt;&gt;</a>&nbsp;&nbsp;&nbsp;__ieee754_rem_pio2
</UL>

<P><STRONG><a name="[6d]"></a>__aeabi_dmul</STRONG> (Thumb, 228 bytes, Stack size 48 bytes, dmul.o(.text))
<BR><BR>[Stack]<UL><LI>Max Depth = 88<LI>Call Chain = __aeabi_dmul &rArr; _double_epilogue &rArr; _double_round
</UL>
<BR>[Calls]<UL><LI><a href="#[69]">&gt;&gt;</a>&nbsp;&nbsp;&nbsp;_double_epilogue
</UL>
<BR>[Called By]<UL><LI><a href="#[1c2]">&gt;&gt;</a>&nbsp;&nbsp;&nbsp;SBUS_Handle
<LI><a href="#[8f]">&gt;&gt;</a>&nbsp;&nbsp;&nbsp;Ackerman_Steering_with_car
<LI><a href="#[1ff]">&gt;&gt;</a>&nbsp;&nbsp;&nbsp;Upper_Data_Parse
<LI><a href="#[fe]">&gt;&gt;</a>&nbsp;&nbsp;&nbsp;Upper_CAN_Execute_Command
<LI><a href="#[7c]">&gt;&gt;</a>&nbsp;&nbsp;&nbsp;Ackerman_Ctrl
<LI><a href="#[210]">&gt;&gt;</a>&nbsp;&nbsp;&nbsp;_fp_digits
<LI><a href="#[223]">&gt;&gt;</a>&nbsp;&nbsp;&nbsp;atan
<LI><a href="#[220]">&gt;&gt;</a>&nbsp;&nbsp;&nbsp;asin
<LI><a href="#[206]">&gt;&gt;</a>&nbsp;&nbsp;&nbsp;__kernel_tan
<LI><a href="#[204]">&gt;&gt;</a>&nbsp;&nbsp;&nbsp;__ieee754_rem_pio2
<LI><a href="#[205]">&gt;&gt;</a>&nbsp;&nbsp;&nbsp;__kernel_poly
</UL>

<P><STRONG><a name="[6e]"></a>__aeabi_ddiv</STRONG> (Thumb, 222 bytes, Stack size 32 bytes, ddiv.o(.text))
<BR><BR>[Stack]<UL><LI>Max Depth = 40<LI>Call Chain = __aeabi_ddiv &rArr; _double_round
</UL>
<BR>[Calls]<UL><LI><a href="#[6a]">&gt;&gt;</a>&nbsp;&nbsp;&nbsp;_double_round
</UL>
<BR>[Called By]<UL><LI><a href="#[1a8]">&gt;&gt;</a>&nbsp;&nbsp;&nbsp;OLED_Show_Voltage
<LI><a href="#[8f]">&gt;&gt;</a>&nbsp;&nbsp;&nbsp;Ackerman_Steering_with_car
<LI><a href="#[1ff]">&gt;&gt;</a>&nbsp;&nbsp;&nbsp;Upper_Data_Parse
<LI><a href="#[fe]">&gt;&gt;</a>&nbsp;&nbsp;&nbsp;Upper_CAN_Execute_Command
<LI><a href="#[12c]">&gt;&gt;</a>&nbsp;&nbsp;&nbsp;Flash_Read_Yaw_PID
<LI><a href="#[129]">&gt;&gt;</a>&nbsp;&nbsp;&nbsp;Flash_Read_PID
<LI><a href="#[7c]">&gt;&gt;</a>&nbsp;&nbsp;&nbsp;Ackerman_Ctrl
<LI><a href="#[210]">&gt;&gt;</a>&nbsp;&nbsp;&nbsp;_fp_digits
<LI><a href="#[224]">&gt;&gt;</a>&nbsp;&nbsp;&nbsp;atan2
<LI><a href="#[223]">&gt;&gt;</a>&nbsp;&nbsp;&nbsp;atan
<LI><a href="#[220]">&gt;&gt;</a>&nbsp;&nbsp;&nbsp;asin
<LI><a href="#[206]">&gt;&gt;</a>&nbsp;&nbsp;&nbsp;__kernel_tan
<LI><a href="#[20b]">&gt;&gt;</a>&nbsp;&nbsp;&nbsp;__mathlib_dbl_invalid
</UL>

<P><STRONG><a name="[82]"></a>__ARM_scalbn</STRONG> (Thumb, 46 bytes, Stack size 16 bytes, dscalb.o(.text))
<BR><BR>[Stack]<UL><LI>Max Depth = 16<LI>Call Chain = __ARM_scalbn
</UL>
<BR>[Called By]<UL><LI><a href="#[8f]">&gt;&gt;</a>&nbsp;&nbsp;&nbsp;Ackerman_Steering_with_car
<LI><a href="#[7c]">&gt;&gt;</a>&nbsp;&nbsp;&nbsp;Ackerman_Ctrl
<LI><a href="#[223]">&gt;&gt;</a>&nbsp;&nbsp;&nbsp;atan
<LI><a href="#[220]">&gt;&gt;</a>&nbsp;&nbsp;&nbsp;asin
<LI><a href="#[206]">&gt;&gt;</a>&nbsp;&nbsp;&nbsp;__kernel_tan
<LI><a href="#[204]">&gt;&gt;</a>&nbsp;&nbsp;&nbsp;__ieee754_rem_pio2
<LI><a href="#[208]">&gt;&gt;</a>&nbsp;&nbsp;&nbsp;__mathlib_dbl_underflow
<LI><a href="#[209]">&gt;&gt;</a>&nbsp;&nbsp;&nbsp;__mathlib_dbl_infnan
</UL>

<P><STRONG><a name="[321]"></a>scalbn</STRONG> (Thumb, 0 bytes, Stack size 16 bytes, dscalb.o(.text), UNUSED)

<P><STRONG><a name="[6f]"></a>__aeabi_i2f</STRONG> (Thumb, 18 bytes, Stack size 0 bytes, fflti.o(.text))
<BR><BR>[Stack]<UL><LI>Max Depth = 4<LI>Call Chain = __aeabi_i2f &rArr; _float_epilogue
</UL>
<BR>[Calls]<UL><LI><a href="#[62]">&gt;&gt;</a>&nbsp;&nbsp;&nbsp;_float_epilogue
</UL>
<BR>[Called By]<UL><LI><a href="#[8f]">&gt;&gt;</a>&nbsp;&nbsp;&nbsp;Ackerman_Steering_with_car
<LI><a href="#[176]">&gt;&gt;</a>&nbsp;&nbsp;&nbsp;Mecanum_Ctrl
<LI><a href="#[13c]">&gt;&gt;</a>&nbsp;&nbsp;&nbsp;Fourwheel_Ctrl
<LI><a href="#[7c]">&gt;&gt;</a>&nbsp;&nbsp;&nbsp;Ackerman_Ctrl
<LI><a href="#[83]">&gt;&gt;</a>&nbsp;&nbsp;&nbsp;Motion_Set_Speed
<LI><a href="#[17f]">&gt;&gt;</a>&nbsp;&nbsp;&nbsp;Motion_Get_Speed
<LI><a href="#[163]">&gt;&gt;</a>&nbsp;&nbsp;&nbsp;get_attitude_angle
<LI><a href="#[14c]">&gt;&gt;</a>&nbsp;&nbsp;&nbsp;inv_set_chip_to_body_axis_quaternion
<LI><a href="#[25f]">&gt;&gt;</a>&nbsp;&nbsp;&nbsp;inv_convert_rotation_vector
<LI><a href="#[255]">&gt;&gt;</a>&nbsp;&nbsp;&nbsp;inv_convert_dmp3_to_body
<LI><a href="#[14f]">&gt;&gt;</a>&nbsp;&nbsp;&nbsp;self_test
<LI><a href="#[147]">&gt;&gt;</a>&nbsp;&nbsp;&nbsp;fifo_handler
<LI><a href="#[262]">&gt;&gt;</a>&nbsp;&nbsp;&nbsp;inv_q16_to_float
<LI><a href="#[20f]">&gt;&gt;</a>&nbsp;&nbsp;&nbsp;__mathlib_rredf2
</UL>

<P><STRONG><a name="[70]"></a>__aeabi_ui2f</STRONG> (Thumb, 10 bytes, Stack size 0 bytes, ffltui.o(.text))
<BR><BR>[Stack]<UL><LI>Max Depth = 4<LI>Call Chain = __aeabi_ui2f &rArr; _float_epilogue
</UL>
<BR>[Calls]<UL><LI><a href="#[62]">&gt;&gt;</a>&nbsp;&nbsp;&nbsp;_float_epilogue
</UL>
<BR>[Called By]<UL><LI><a href="#[178]">&gt;&gt;</a>&nbsp;&nbsp;&nbsp;Mecanum_Yaw_Calc
<LI><a href="#[13f]">&gt;&gt;</a>&nbsp;&nbsp;&nbsp;Fourwheel_Yaw_Calc
<LI><a href="#[97]">&gt;&gt;</a>&nbsp;&nbsp;&nbsp;Adc_Get_Measure_Volotage
<LI><a href="#[147]">&gt;&gt;</a>&nbsp;&nbsp;&nbsp;fifo_handler
<LI><a href="#[20f]">&gt;&gt;</a>&nbsp;&nbsp;&nbsp;__mathlib_rredf2
</UL>

<P><STRONG><a name="[71]"></a>__aeabi_i2d</STRONG> (Thumb, 34 bytes, Stack size 16 bytes, dflti.o(.text))
<BR><BR>[Stack]<UL><LI>Max Depth = 56<LI>Call Chain = __aeabi_i2d &rArr; _double_epilogue &rArr; _double_round
</UL>
<BR>[Calls]<UL><LI><a href="#[69]">&gt;&gt;</a>&nbsp;&nbsp;&nbsp;_double_epilogue
</UL>
<BR>[Called By]<UL><LI><a href="#[1c2]">&gt;&gt;</a>&nbsp;&nbsp;&nbsp;SBUS_Handle
<LI><a href="#[8f]">&gt;&gt;</a>&nbsp;&nbsp;&nbsp;Ackerman_Steering_with_car
<LI><a href="#[1ff]">&gt;&gt;</a>&nbsp;&nbsp;&nbsp;Upper_Data_Parse
<LI><a href="#[fe]">&gt;&gt;</a>&nbsp;&nbsp;&nbsp;Upper_CAN_Execute_Command
<LI><a href="#[7c]">&gt;&gt;</a>&nbsp;&nbsp;&nbsp;Ackerman_Ctrl
<LI><a href="#[206]">&gt;&gt;</a>&nbsp;&nbsp;&nbsp;__kernel_tan
<LI><a href="#[204]">&gt;&gt;</a>&nbsp;&nbsp;&nbsp;__ieee754_rem_pio2
</UL>

<P><STRONG><a name="[72]"></a>__aeabi_ui2d</STRONG> (Thumb, 26 bytes, Stack size 16 bytes, dfltui.o(.text))
<BR><BR>[Stack]<UL><LI>Max Depth = 56<LI>Call Chain = __aeabi_ui2d &rArr; _double_epilogue &rArr; _double_round
</UL>
<BR>[Calls]<UL><LI><a href="#[69]">&gt;&gt;</a>&nbsp;&nbsp;&nbsp;_double_epilogue
</UL>
<BR>[Called By]<UL><LI><a href="#[1a8]">&gt;&gt;</a>&nbsp;&nbsp;&nbsp;OLED_Show_Voltage
<LI><a href="#[1ff]">&gt;&gt;</a>&nbsp;&nbsp;&nbsp;Upper_Data_Parse
<LI><a href="#[12c]">&gt;&gt;</a>&nbsp;&nbsp;&nbsp;Flash_Read_Yaw_PID
<LI><a href="#[129]">&gt;&gt;</a>&nbsp;&nbsp;&nbsp;Flash_Read_PID
<LI><a href="#[204]">&gt;&gt;</a>&nbsp;&nbsp;&nbsp;__ieee754_rem_pio2
</UL>

<P><STRONG><a name="[86]"></a>__aeabi_f2iz</STRONG> (Thumb, 50 bytes, Stack size 0 bytes, ffixi.o(.text))
<BR><BR>[Called By]<UL><LI><a href="#[1a9]">&gt;&gt;</a>&nbsp;&nbsp;&nbsp;OLED_Show_YAW
<LI><a href="#[1a5]">&gt;&gt;</a>&nbsp;&nbsp;&nbsp;OLED_Show_Motor_Speed
<LI><a href="#[186]">&gt;&gt;</a>&nbsp;&nbsp;&nbsp;Motion_Handle
<LI><a href="#[164]">&gt;&gt;</a>&nbsp;&nbsp;&nbsp;MPU9250_Send_Attitude_Data
<LI><a href="#[149]">&gt;&gt;</a>&nbsp;&nbsp;&nbsp;ICM20948_Send_Raw_Data
<LI><a href="#[148]">&gt;&gt;</a>&nbsp;&nbsp;&nbsp;ICM20948_Send_Attitude_Data
<LI><a href="#[1ab]">&gt;&gt;</a>&nbsp;&nbsp;&nbsp;PID_Send_Parm_Active
<LI><a href="#[178]">&gt;&gt;</a>&nbsp;&nbsp;&nbsp;Mecanum_Yaw_Calc
<LI><a href="#[176]">&gt;&gt;</a>&nbsp;&nbsp;&nbsp;Mecanum_Ctrl
<LI><a href="#[13f]">&gt;&gt;</a>&nbsp;&nbsp;&nbsp;Fourwheel_Yaw_Calc
<LI><a href="#[13c]">&gt;&gt;</a>&nbsp;&nbsp;&nbsp;Fourwheel_Ctrl
<LI><a href="#[7c]">&gt;&gt;</a>&nbsp;&nbsp;&nbsp;Ackerman_Ctrl
<LI><a href="#[17f]">&gt;&gt;</a>&nbsp;&nbsp;&nbsp;Motion_Get_Speed
<LI><a href="#[c2]">&gt;&gt;</a>&nbsp;&nbsp;&nbsp;Bat_State
<LI><a href="#[14c]">&gt;&gt;</a>&nbsp;&nbsp;&nbsp;inv_set_chip_to_body_axis_quaternion
<LI><a href="#[14f]">&gt;&gt;</a>&nbsp;&nbsp;&nbsp;self_test
<LI><a href="#[147]">&gt;&gt;</a>&nbsp;&nbsp;&nbsp;fifo_handler
<LI><a href="#[2cf]">&gt;&gt;</a>&nbsp;&nbsp;&nbsp;inv_rotation_to_quaternion
<LI><a href="#[2dc]">&gt;&gt;</a>&nbsp;&nbsp;&nbsp;sinf
<LI><a href="#[22b]">&gt;&gt;</a>&nbsp;&nbsp;&nbsp;cosf
</UL>

<P><STRONG><a name="[136]"></a>__aeabi_f2uiz</STRONG> (Thumb, 40 bytes, Stack size 0 bytes, ffixui.o(.text))
<BR><BR>[Called By]<UL><LI><a href="#[12d]">&gt;&gt;</a>&nbsp;&nbsp;&nbsp;Flash_Set_Yaw_PID
<LI><a href="#[12a]">&gt;&gt;</a>&nbsp;&nbsp;&nbsp;Flash_Set_PID
<LI><a href="#[154]">&gt;&gt;</a>&nbsp;&nbsp;&nbsp;set_output_rates
</UL>

<P><STRONG><a name="[73]"></a>__aeabi_d2iz</STRONG> (Thumb, 62 bytes, Stack size 16 bytes, dfixi.o(.text))
<BR><BR>[Stack]<UL><LI>Max Depth = 16<LI>Call Chain = __aeabi_d2iz
</UL>
<BR>[Calls]<UL><LI><a href="#[5b]">&gt;&gt;</a>&nbsp;&nbsp;&nbsp;__aeabi_llsr
</UL>
<BR>[Called By]<UL><LI><a href="#[1c2]">&gt;&gt;</a>&nbsp;&nbsp;&nbsp;SBUS_Handle
<LI><a href="#[8f]">&gt;&gt;</a>&nbsp;&nbsp;&nbsp;Ackerman_Steering_with_car
<LI><a href="#[1ff]">&gt;&gt;</a>&nbsp;&nbsp;&nbsp;Upper_Data_Parse
<LI><a href="#[fe]">&gt;&gt;</a>&nbsp;&nbsp;&nbsp;Upper_CAN_Execute_Command
<LI><a href="#[7c]">&gt;&gt;</a>&nbsp;&nbsp;&nbsp;Ackerman_Ctrl
<LI><a href="#[206]">&gt;&gt;</a>&nbsp;&nbsp;&nbsp;__kernel_tan
<LI><a href="#[204]">&gt;&gt;</a>&nbsp;&nbsp;&nbsp;__ieee754_rem_pio2
</UL>

<P><STRONG><a name="[80]"></a>__aeabi_f2d</STRONG> (Thumb, 38 bytes, Stack size 0 bytes, f2d.o(.text))
<BR><BR>[Called By]<UL><LI><a href="#[8f]">&gt;&gt;</a>&nbsp;&nbsp;&nbsp;Ackerman_Steering_with_car
<LI><a href="#[128]">&gt;&gt;</a>&nbsp;&nbsp;&nbsp;Flash_PID_Init
<LI><a href="#[140]">&gt;&gt;</a>&nbsp;&nbsp;&nbsp;PID_Yaw_Calc
<LI><a href="#[7c]">&gt;&gt;</a>&nbsp;&nbsp;&nbsp;Ackerman_Ctrl
<LI><a href="#[163]">&gt;&gt;</a>&nbsp;&nbsp;&nbsp;get_attitude_angle
<LI><a href="#[26d]">&gt;&gt;</a>&nbsp;&nbsp;&nbsp;process_sensor_output
</UL>

<P><STRONG><a name="[322]"></a>__aeabi_cdcmpeq</STRONG> (Thumb, 0 bytes, Stack size 0 bytes, cdcmple.o(.text), UNUSED)

<P><STRONG><a name="[1ad]"></a>__aeabi_cdcmple</STRONG> (Thumb, 48 bytes, Stack size 0 bytes, cdcmple.o(.text))
<BR><BR>[Called By]<UL><LI><a href="#[140]">&gt;&gt;</a>&nbsp;&nbsp;&nbsp;PID_Yaw_Calc
</UL>

<P><STRONG><a name="[1ac]"></a>__aeabi_cdrcmple</STRONG> (Thumb, 48 bytes, Stack size 0 bytes, cdrcmple.o(.text))
<BR><BR>[Called By]<UL><LI><a href="#[140]">&gt;&gt;</a>&nbsp;&nbsp;&nbsp;PID_Yaw_Calc
<LI><a href="#[210]">&gt;&gt;</a>&nbsp;&nbsp;&nbsp;_fp_digits
</UL>

<P><STRONG><a name="[74]"></a>__aeabi_d2f</STRONG> (Thumb, 56 bytes, Stack size 8 bytes, d2f.o(.text))
<BR><BR>[Stack]<UL><LI>Max Depth = 8<LI>Call Chain = __aeabi_d2f
</UL>
<BR>[Calls]<UL><LI><a href="#[63]">&gt;&gt;</a>&nbsp;&nbsp;&nbsp;_float_round
</UL>
<BR>[Called By]<UL><LI><a href="#[1ff]">&gt;&gt;</a>&nbsp;&nbsp;&nbsp;Upper_Data_Parse
<LI><a href="#[12c]">&gt;&gt;</a>&nbsp;&nbsp;&nbsp;Flash_Read_Yaw_PID
<LI><a href="#[129]">&gt;&gt;</a>&nbsp;&nbsp;&nbsp;Flash_Read_PID
<LI><a href="#[140]">&gt;&gt;</a>&nbsp;&nbsp;&nbsp;PID_Yaw_Calc
<LI><a href="#[163]">&gt;&gt;</a>&nbsp;&nbsp;&nbsp;get_attitude_angle
<LI><a href="#[26d]">&gt;&gt;</a>&nbsp;&nbsp;&nbsp;process_sensor_output
</UL>

<P><STRONG><a name="[2d1]"></a>__aeabi_cfrcmple</STRONG> (Thumb, 20 bytes, Stack size 0 bytes, cfrcmple.o(.text))
<BR><BR>[Called By]<UL><LI><a href="#[2cf]">&gt;&gt;</a>&nbsp;&nbsp;&nbsp;inv_rotation_to_quaternion
</UL>

<P><STRONG><a name="[323]"></a>__aeabi_uidiv</STRONG> (Thumb, 0 bytes, Stack size 12 bytes, uidiv.o(.text), UNUSED)

<P><STRONG><a name="[213]"></a>__aeabi_uidivmod</STRONG> (Thumb, 44 bytes, Stack size 12 bytes, uidiv.o(.text), UNUSED)
<BR><BR>[Called By]<UL><LI><a href="#[202]">&gt;&gt;</a>&nbsp;&nbsp;&nbsp;_printf_core
</UL>

<P><STRONG><a name="[5c]"></a>__aeabi_llsl</STRONG> (Thumb, 30 bytes, Stack size 0 bytes, llshl.o(.text))
<BR><BR>[Called By]<UL><LI><a href="#[67]">&gt;&gt;</a>&nbsp;&nbsp;&nbsp;__aeabi_dadd
<LI><a href="#[78]">&gt;&gt;</a>&nbsp;&nbsp;&nbsp;__aeabi_d2ulz
<LI><a href="#[5a]">&gt;&gt;</a>&nbsp;&nbsp;&nbsp;__aeabi_uldivmod
<LI><a href="#[69]">&gt;&gt;</a>&nbsp;&nbsp;&nbsp;_double_epilogue
</UL>

<P><STRONG><a name="[324]"></a>_ll_shift_l</STRONG> (Thumb, 0 bytes, Stack size 0 bytes, llshl.o(.text), UNUSED)

<P><STRONG><a name="[5b]"></a>__aeabi_llsr</STRONG> (Thumb, 32 bytes, Stack size 0 bytes, llushr.o(.text))
<BR><BR>[Called By]<UL><LI><a href="#[73]">&gt;&gt;</a>&nbsp;&nbsp;&nbsp;__aeabi_d2iz
<LI><a href="#[78]">&gt;&gt;</a>&nbsp;&nbsp;&nbsp;__aeabi_d2ulz
<LI><a href="#[5a]">&gt;&gt;</a>&nbsp;&nbsp;&nbsp;__aeabi_uldivmod
<LI><a href="#[77]">&gt;&gt;</a>&nbsp;&nbsp;&nbsp;_dsqrt
<LI><a href="#[69]">&gt;&gt;</a>&nbsp;&nbsp;&nbsp;_double_epilogue
</UL>

<P><STRONG><a name="[325]"></a>_ll_ushift_r</STRONG> (Thumb, 0 bytes, Stack size 0 bytes, llushr.o(.text), UNUSED)

<P><STRONG><a name="[326]"></a>__I$use$fp</STRONG> (Thumb, 0 bytes, Stack size 0 bytes, iusefp.o(.text), UNUSED)

<P><STRONG><a name="[63]"></a>_float_round</STRONG> (Thumb, 18 bytes, Stack size 0 bytes, fepilogue.o(.text))
<BR><BR>[Called By]<UL><LI><a href="#[74]">&gt;&gt;</a>&nbsp;&nbsp;&nbsp;__aeabi_d2f
<LI><a href="#[61]">&gt;&gt;</a>&nbsp;&nbsp;&nbsp;__aeabi_fadd
<LI><a href="#[66]">&gt;&gt;</a>&nbsp;&nbsp;&nbsp;__aeabi_fdiv
<LI><a href="#[75]">&gt;&gt;</a>&nbsp;&nbsp;&nbsp;_fsqrt
<LI><a href="#[76]">&gt;&gt;</a>&nbsp;&nbsp;&nbsp;_frnd
</UL>

<P><STRONG><a name="[62]"></a>_float_epilogue</STRONG> (Thumb, 92 bytes, Stack size 4 bytes, fepilogue.o(.text))
<BR><BR>[Stack]<UL><LI>Max Depth = 4<LI>Call Chain = _float_epilogue
</UL>
<BR>[Called By]<UL><LI><a href="#[70]">&gt;&gt;</a>&nbsp;&nbsp;&nbsp;__aeabi_ui2f
<LI><a href="#[6f]">&gt;&gt;</a>&nbsp;&nbsp;&nbsp;__aeabi_i2f
<LI><a href="#[61]">&gt;&gt;</a>&nbsp;&nbsp;&nbsp;__aeabi_fadd
</UL>

<P><STRONG><a name="[75]"></a>_fsqrt</STRONG> (Thumb, 94 bytes, Stack size 16 bytes, fsqrt.o(.text))
<BR><BR>[Stack]<UL><LI>Max Depth = 16<LI>Call Chain = _fsqrt
</UL>
<BR>[Calls]<UL><LI><a href="#[63]">&gt;&gt;</a>&nbsp;&nbsp;&nbsp;_float_round
</UL>
<BR>[Called By]<UL><LI><a href="#[2d0]">&gt;&gt;</a>&nbsp;&nbsp;&nbsp;sqrtf
</UL>

<P><STRONG><a name="[76]"></a>_frnd</STRONG> (Thumb, 60 bytes, Stack size 8 bytes, frnd.o(.text))
<BR><BR>[Stack]<UL><LI>Max Depth = 8<LI>Call Chain = _frnd
</UL>
<BR>[Calls]<UL><LI><a href="#[63]">&gt;&gt;</a>&nbsp;&nbsp;&nbsp;_float_round
</UL>
<BR>[Called By]<UL><LI><a href="#[2dc]">&gt;&gt;</a>&nbsp;&nbsp;&nbsp;sinf
<LI><a href="#[22b]">&gt;&gt;</a>&nbsp;&nbsp;&nbsp;cosf
</UL>

<P><STRONG><a name="[6a]"></a>_double_round</STRONG> (Thumb, 30 bytes, Stack size 8 bytes, depilogue.o(.text))
<BR><BR>[Stack]<UL><LI>Max Depth = 8<LI>Call Chain = _double_round
</UL>
<BR>[Called By]<UL><LI><a href="#[6e]">&gt;&gt;</a>&nbsp;&nbsp;&nbsp;__aeabi_ddiv
<LI><a href="#[67]">&gt;&gt;</a>&nbsp;&nbsp;&nbsp;__aeabi_dadd
<LI><a href="#[77]">&gt;&gt;</a>&nbsp;&nbsp;&nbsp;_dsqrt
<LI><a href="#[69]">&gt;&gt;</a>&nbsp;&nbsp;&nbsp;_double_epilogue
</UL>

<P><STRONG><a name="[69]"></a>_double_epilogue</STRONG> (Thumb, 156 bytes, Stack size 32 bytes, depilogue.o(.text))
<BR><BR>[Stack]<UL><LI>Max Depth = 40<LI>Call Chain = _double_epilogue &rArr; _double_round
</UL>
<BR>[Calls]<UL><LI><a href="#[5b]">&gt;&gt;</a>&nbsp;&nbsp;&nbsp;__aeabi_llsr
<LI><a href="#[5c]">&gt;&gt;</a>&nbsp;&nbsp;&nbsp;__aeabi_llsl
<LI><a href="#[6a]">&gt;&gt;</a>&nbsp;&nbsp;&nbsp;_double_round
</UL>
<BR>[Called By]<UL><LI><a href="#[72]">&gt;&gt;</a>&nbsp;&nbsp;&nbsp;__aeabi_ui2d
<LI><a href="#[71]">&gt;&gt;</a>&nbsp;&nbsp;&nbsp;__aeabi_i2d
<LI><a href="#[6d]">&gt;&gt;</a>&nbsp;&nbsp;&nbsp;__aeabi_dmul
<LI><a href="#[67]">&gt;&gt;</a>&nbsp;&nbsp;&nbsp;__aeabi_dadd
</UL>

<P><STRONG><a name="[77]"></a>_dsqrt</STRONG> (Thumb, 162 bytes, Stack size 32 bytes, dsqrt.o(.text))
<BR><BR>[Stack]<UL><LI>Max Depth = 40<LI>Call Chain = _dsqrt &rArr; _double_round
</UL>
<BR>[Calls]<UL><LI><a href="#[5b]">&gt;&gt;</a>&nbsp;&nbsp;&nbsp;__aeabi_llsr
<LI><a href="#[6a]">&gt;&gt;</a>&nbsp;&nbsp;&nbsp;_double_round
</UL>
<BR>[Called By]<UL><LI><a href="#[222]">&gt;&gt;</a>&nbsp;&nbsp;&nbsp;sqrt
</UL>

<P><STRONG><a name="[78]"></a>__aeabi_d2ulz</STRONG> (Thumb, 48 bytes, Stack size 0 bytes, dfixul.o(.text), UNUSED)
<BR><BR>[Calls]<UL><LI><a href="#[5b]">&gt;&gt;</a>&nbsp;&nbsp;&nbsp;__aeabi_llsr
<LI><a href="#[5c]">&gt;&gt;</a>&nbsp;&nbsp;&nbsp;__aeabi_llsl
</UL>
<BR>[Called By]<UL><LI><a href="#[210]">&gt;&gt;</a>&nbsp;&nbsp;&nbsp;_fp_digits
</UL>

<P><STRONG><a name="[55]"></a>__scatterload</STRONG> (Thumb, 28 bytes, Stack size 0 bytes, init.o(.text))
<BR><BR>[Calls]<UL><LI><a href="#[79]">&gt;&gt;</a>&nbsp;&nbsp;&nbsp;__main_after_scatterload
</UL>
<BR>[Called By]<UL><LI><a href="#[54]">&gt;&gt;</a>&nbsp;&nbsp;&nbsp;_main_scatterload
</UL>

<P><STRONG><a name="[327]"></a>__scatterload_rt2</STRONG> (Thumb, 0 bytes, Stack size 0 bytes, init.o(.text), UNUSED)

<P><STRONG><a name="[328]"></a>__decompress</STRONG> (Thumb, 0 bytes, Stack size unknown bytes, __dczerorl2.o(.text), UNUSED)

<P><STRONG><a name="[329]"></a>__decompress1</STRONG> (Thumb, 86 bytes, Stack size unknown bytes, __dczerorl2.o(.text), UNUSED)

<P><STRONG><a name="[9d]"></a>ADC_Cmd</STRONG> (Thumb, 24 bytes, Stack size 0 bytes, stm32f10x_adc.o(i.ADC_Cmd))
<BR><BR>[Called By]<UL><LI><a href="#[98]">&gt;&gt;</a>&nbsp;&nbsp;&nbsp;Adc_Init
</UL>

<P><STRONG><a name="[7a]"></a>ADC_DeInit</STRONG> (Thumb, 88 bytes, Stack size 8 bytes, stm32f10x_adc.o(i.ADC_DeInit))
<BR><BR>[Stack]<UL><LI>Max Depth = 8<LI>Call Chain = ADC_DeInit
</UL>
<BR>[Calls]<UL><LI><a href="#[7b]">&gt;&gt;</a>&nbsp;&nbsp;&nbsp;RCC_APB2PeriphResetCmd
</UL>
<BR>[Called By]<UL><LI><a href="#[98]">&gt;&gt;</a>&nbsp;&nbsp;&nbsp;Adc_Init
</UL>

<P><STRONG><a name="[a1]"></a>ADC_GetCalibrationStatus</STRONG> (Thumb, 14 bytes, Stack size 0 bytes, stm32f10x_adc.o(i.ADC_GetCalibrationStatus))
<BR><BR>[Called By]<UL><LI><a href="#[98]">&gt;&gt;</a>&nbsp;&nbsp;&nbsp;Adc_Init
</UL>

<P><STRONG><a name="[94]"></a>ADC_GetConversionValue</STRONG> (Thumb, 6 bytes, Stack size 0 bytes, stm32f10x_adc.o(i.ADC_GetConversionValue))
<BR><BR>[Called By]<UL><LI><a href="#[90]">&gt;&gt;</a>&nbsp;&nbsp;&nbsp;Adc_Get
</UL>

<P><STRONG><a name="[93]"></a>ADC_GetFlagStatus</STRONG> (Thumb, 14 bytes, Stack size 0 bytes, stm32f10x_adc.o(i.ADC_GetFlagStatus))
<BR><BR>[Called By]<UL><LI><a href="#[90]">&gt;&gt;</a>&nbsp;&nbsp;&nbsp;Adc_Get
</UL>

<P><STRONG><a name="[9f]"></a>ADC_GetResetCalibrationStatus</STRONG> (Thumb, 14 bytes, Stack size 0 bytes, stm32f10x_adc.o(i.ADC_GetResetCalibrationStatus))
<BR><BR>[Called By]<UL><LI><a href="#[98]">&gt;&gt;</a>&nbsp;&nbsp;&nbsp;Adc_Init
</UL>

<P><STRONG><a name="[9c]"></a>ADC_Init</STRONG> (Thumb, 62 bytes, Stack size 8 bytes, stm32f10x_adc.o(i.ADC_Init))
<BR><BR>[Stack]<UL><LI>Max Depth = 8<LI>Call Chain = ADC_Init
</UL>
<BR>[Called By]<UL><LI><a href="#[98]">&gt;&gt;</a>&nbsp;&nbsp;&nbsp;Adc_Init
</UL>

<P><STRONG><a name="[91]"></a>ADC_RegularChannelConfig</STRONG> (Thumb, 116 bytes, Stack size 16 bytes, stm32f10x_adc.o(i.ADC_RegularChannelConfig))
<BR><BR>[Stack]<UL><LI>Max Depth = 16<LI>Call Chain = ADC_RegularChannelConfig
</UL>
<BR>[Called By]<UL><LI><a href="#[90]">&gt;&gt;</a>&nbsp;&nbsp;&nbsp;Adc_Get
</UL>

<P><STRONG><a name="[9e]"></a>ADC_ResetCalibration</STRONG> (Thumb, 10 bytes, Stack size 0 bytes, stm32f10x_adc.o(i.ADC_ResetCalibration))
<BR><BR>[Called By]<UL><LI><a href="#[98]">&gt;&gt;</a>&nbsp;&nbsp;&nbsp;Adc_Init
</UL>

<P><STRONG><a name="[92]"></a>ADC_SoftwareStartConvCmd</STRONG> (Thumb, 24 bytes, Stack size 0 bytes, stm32f10x_adc.o(i.ADC_SoftwareStartConvCmd))
<BR><BR>[Called By]<UL><LI><a href="#[90]">&gt;&gt;</a>&nbsp;&nbsp;&nbsp;Adc_Get
</UL>

<P><STRONG><a name="[a0]"></a>ADC_StartCalibration</STRONG> (Thumb, 10 bytes, Stack size 0 bytes, stm32f10x_adc.o(i.ADC_StartCalibration))
<BR><BR>[Called By]<UL><LI><a href="#[98]">&gt;&gt;</a>&nbsp;&nbsp;&nbsp;Adc_Init
</UL>

<P><STRONG><a name="[7c]"></a>Ackerman_Ctrl</STRONG> (Thumb, 364 bytes, Stack size 40 bytes, app_ackerman.o(i.Ackerman_Ctrl))
<BR><BR>[Stack]<UL><LI>Max Depth = 288<LI>Call Chain = Ackerman_Ctrl &rArr; tan &rArr; __ieee754_rem_pio2 &rArr; __aeabi_dmul &rArr; _double_epilogue &rArr; _double_round
</UL>
<BR>[Calls]<UL><LI><a href="#[7e]">&gt;&gt;</a>&nbsp;&nbsp;&nbsp;__aeabi_fmul
<LI><a href="#[71]">&gt;&gt;</a>&nbsp;&nbsp;&nbsp;__aeabi_i2d
<LI><a href="#[6d]">&gt;&gt;</a>&nbsp;&nbsp;&nbsp;__aeabi_dmul
<LI><a href="#[6e]">&gt;&gt;</a>&nbsp;&nbsp;&nbsp;__aeabi_ddiv
<LI><a href="#[73]">&gt;&gt;</a>&nbsp;&nbsp;&nbsp;__aeabi_d2iz
<LI><a href="#[84]">&gt;&gt;</a>&nbsp;&nbsp;&nbsp;Motion_Stop
<LI><a href="#[7f]">&gt;&gt;</a>&nbsp;&nbsp;&nbsp;Ackerman_Steering
<LI><a href="#[6c]">&gt;&gt;</a>&nbsp;&nbsp;&nbsp;__aeabi_drsub
<LI><a href="#[67]">&gt;&gt;</a>&nbsp;&nbsp;&nbsp;__aeabi_dadd
<LI><a href="#[82]">&gt;&gt;</a>&nbsp;&nbsp;&nbsp;__ARM_scalbn
<LI><a href="#[7d]">&gt;&gt;</a>&nbsp;&nbsp;&nbsp;Math_Limit_int
<LI><a href="#[6f]">&gt;&gt;</a>&nbsp;&nbsp;&nbsp;__aeabi_i2f
<LI><a href="#[83]">&gt;&gt;</a>&nbsp;&nbsp;&nbsp;Motion_Set_Speed
<LI><a href="#[66]">&gt;&gt;</a>&nbsp;&nbsp;&nbsp;__aeabi_fdiv
<LI><a href="#[86]">&gt;&gt;</a>&nbsp;&nbsp;&nbsp;__aeabi_f2iz
<LI><a href="#[80]">&gt;&gt;</a>&nbsp;&nbsp;&nbsp;__aeabi_f2d
<LI><a href="#[81]">&gt;&gt;</a>&nbsp;&nbsp;&nbsp;tan
<LI><a href="#[85]">&gt;&gt;</a>&nbsp;&nbsp;&nbsp;atanf
</UL>
<BR>[Called By]<UL><LI><a href="#[1c2]">&gt;&gt;</a>&nbsp;&nbsp;&nbsp;SBUS_Handle
<LI><a href="#[17b]">&gt;&gt;</a>&nbsp;&nbsp;&nbsp;Motion_Ctrl
<LI><a href="#[8c]">&gt;&gt;</a>&nbsp;&nbsp;&nbsp;Ackerman_State
</UL>

<P><STRONG><a name="[8e]"></a>Ackerman_Get_Default_Angle</STRONG> (Thumb, 6 bytes, Stack size 0 bytes, app_ackerman.o(i.Ackerman_Get_Default_Angle))
<BR><BR>[Called By]<UL><LI><a href="#[123]">&gt;&gt;</a>&nbsp;&nbsp;&nbsp;Motion_Set_Car_Type
<LI><a href="#[7f]">&gt;&gt;</a>&nbsp;&nbsp;&nbsp;Ackerman_Steering
</UL>

<P><STRONG><a name="[183]"></a>Ackerman_Get_Steer_Angle</STRONG> (Thumb, 10 bytes, Stack size 0 bytes, app_ackerman.o(i.Ackerman_Get_Steer_Angle))
<BR><BR>[Called By]<UL><LI><a href="#[17f]">&gt;&gt;</a>&nbsp;&nbsp;&nbsp;Motion_Get_Speed
</UL>

<P><STRONG><a name="[87]"></a>Ackerman_Send_Default_Angle</STRONG> (Thumb, 80 bytes, Stack size 16 bytes, app_ackerman.o(i.Ackerman_Send_Default_Angle))
<BR><BR>[Stack]<UL><LI>Max Depth = 40<LI>Call Chain = Ackerman_Send_Default_Angle &rArr; USART1_Send_ArrayU8 &rArr; __aeabi_memcpy
</UL>
<BR>[Calls]<UL><LI><a href="#[88]">&gt;&gt;</a>&nbsp;&nbsp;&nbsp;USART1_Send_ArrayU8
</UL>
<BR>[Called By]<UL><LI><a href="#[1cf]">&gt;&gt;</a>&nbsp;&nbsp;&nbsp;Send_Request_Data
</UL>

<P><STRONG><a name="[89]"></a>Ackerman_Set_Default_Angle</STRONG> (Thumb, 36 bytes, Stack size 16 bytes, app_ackerman.o(i.Ackerman_Set_Default_Angle))
<BR><BR>[Stack]<UL><LI>Max Depth = 112<LI>Call Chain = Ackerman_Set_Default_Angle &rArr; Flash_Set_AKM_Angle &rArr; Flash_Write &rArr; Flash_Write_NoCheck &rArr; Flash_WriteHalfWord &rArr; Flash_WaitDone
</UL>
<BR>[Calls]<UL><LI><a href="#[8a]">&gt;&gt;</a>&nbsp;&nbsp;&nbsp;PwmServo_Set_Angle
<LI><a href="#[8b]">&gt;&gt;</a>&nbsp;&nbsp;&nbsp;Flash_Set_AKM_Angle
</UL>
<BR>[Called By]<UL><LI><a href="#[1ff]">&gt;&gt;</a>&nbsp;&nbsp;&nbsp;Upper_Data_Parse
<LI><a href="#[fe]">&gt;&gt;</a>&nbsp;&nbsp;&nbsp;Upper_CAN_Execute_Command
<LI><a href="#[118]">&gt;&gt;</a>&nbsp;&nbsp;&nbsp;Flash_AKM_Angle_Init
</UL>

<P><STRONG><a name="[8c]"></a>Ackerman_State</STRONG> (Thumb, 234 bytes, Stack size 24 bytes, app_ackerman.o(i.Ackerman_State))
<BR><BR>[Stack]<UL><LI>Max Depth = 312<LI>Call Chain = Ackerman_State &rArr; Ackerman_Ctrl &rArr; tan &rArr; __ieee754_rem_pio2 &rArr; __aeabi_dmul &rArr; _double_epilogue &rArr; _double_round
</UL>
<BR>[Calls]<UL><LI><a href="#[84]">&gt;&gt;</a>&nbsp;&nbsp;&nbsp;Motion_Stop
<LI><a href="#[7f]">&gt;&gt;</a>&nbsp;&nbsp;&nbsp;Ackerman_Steering
<LI><a href="#[7c]">&gt;&gt;</a>&nbsp;&nbsp;&nbsp;Ackerman_Ctrl
<LI><a href="#[8d]">&gt;&gt;</a>&nbsp;&nbsp;&nbsp;Motion_Set_Yaw_Adjust
</UL>
<BR>[Called By]<UL><LI><a href="#[17c]">&gt;&gt;</a>&nbsp;&nbsp;&nbsp;Motion_Ctrl_State
</UL>

<P><STRONG><a name="[7f]"></a>Ackerman_Steering</STRONG> (Thumb, 34 bytes, Stack size 8 bytes, app_ackerman.o(i.Ackerman_Steering))
<BR><BR>[Stack]<UL><LI>Max Depth = 8<LI>Call Chain = Ackerman_Steering
</UL>
<BR>[Calls]<UL><LI><a href="#[8a]">&gt;&gt;</a>&nbsp;&nbsp;&nbsp;PwmServo_Set_Angle
<LI><a href="#[7d]">&gt;&gt;</a>&nbsp;&nbsp;&nbsp;Math_Limit_int
<LI><a href="#[8e]">&gt;&gt;</a>&nbsp;&nbsp;&nbsp;Ackerman_Get_Default_Angle
</UL>
<BR>[Called By]<UL><LI><a href="#[1c2]">&gt;&gt;</a>&nbsp;&nbsp;&nbsp;SBUS_Handle
<LI><a href="#[8f]">&gt;&gt;</a>&nbsp;&nbsp;&nbsp;Ackerman_Steering_with_car
<LI><a href="#[1ff]">&gt;&gt;</a>&nbsp;&nbsp;&nbsp;Upper_Data_Parse
<LI><a href="#[fe]">&gt;&gt;</a>&nbsp;&nbsp;&nbsp;Upper_CAN_Execute_Command
<LI><a href="#[8c]">&gt;&gt;</a>&nbsp;&nbsp;&nbsp;Ackerman_State
<LI><a href="#[7c]">&gt;&gt;</a>&nbsp;&nbsp;&nbsp;Ackerman_Ctrl
</UL>

<P><STRONG><a name="[8f]"></a>Ackerman_Steering_with_car</STRONG> (Thumb, 220 bytes, Stack size 40 bytes, app_ackerman.o(i.Ackerman_Steering_with_car))
<BR><BR>[Stack]<UL><LI>Max Depth = 288<LI>Call Chain = Ackerman_Steering_with_car &rArr; tan &rArr; __ieee754_rem_pio2 &rArr; __aeabi_dmul &rArr; _double_epilogue &rArr; _double_round
</UL>
<BR>[Calls]<UL><LI><a href="#[7e]">&gt;&gt;</a>&nbsp;&nbsp;&nbsp;__aeabi_fmul
<LI><a href="#[71]">&gt;&gt;</a>&nbsp;&nbsp;&nbsp;__aeabi_i2d
<LI><a href="#[6d]">&gt;&gt;</a>&nbsp;&nbsp;&nbsp;__aeabi_dmul
<LI><a href="#[6e]">&gt;&gt;</a>&nbsp;&nbsp;&nbsp;__aeabi_ddiv
<LI><a href="#[73]">&gt;&gt;</a>&nbsp;&nbsp;&nbsp;__aeabi_d2iz
<LI><a href="#[7f]">&gt;&gt;</a>&nbsp;&nbsp;&nbsp;Ackerman_Steering
<LI><a href="#[6c]">&gt;&gt;</a>&nbsp;&nbsp;&nbsp;__aeabi_drsub
<LI><a href="#[67]">&gt;&gt;</a>&nbsp;&nbsp;&nbsp;__aeabi_dadd
<LI><a href="#[82]">&gt;&gt;</a>&nbsp;&nbsp;&nbsp;__ARM_scalbn
<LI><a href="#[7d]">&gt;&gt;</a>&nbsp;&nbsp;&nbsp;Math_Limit_int
<LI><a href="#[6f]">&gt;&gt;</a>&nbsp;&nbsp;&nbsp;__aeabi_i2f
<LI><a href="#[83]">&gt;&gt;</a>&nbsp;&nbsp;&nbsp;Motion_Set_Speed
<LI><a href="#[80]">&gt;&gt;</a>&nbsp;&nbsp;&nbsp;__aeabi_f2d
<LI><a href="#[81]">&gt;&gt;</a>&nbsp;&nbsp;&nbsp;tan
</UL>
<BR>[Called By]<UL><LI><a href="#[1ff]">&gt;&gt;</a>&nbsp;&nbsp;&nbsp;Upper_Data_Parse
<LI><a href="#[fe]">&gt;&gt;</a>&nbsp;&nbsp;&nbsp;Upper_CAN_Execute_Command
</UL>

<P><STRONG><a name="[95]"></a>Adc_Get_Average</STRONG> (Thumb, 48 bytes, Stack size 24 bytes, bsp_adc.o(i.Adc_Get_Average))
<BR><BR>[Stack]<UL><LI>Max Depth = 56<LI>Call Chain = Adc_Get_Average &rArr; Adc_Get &rArr; ADC_RegularChannelConfig
</UL>
<BR>[Calls]<UL><LI><a href="#[90]">&gt;&gt;</a>&nbsp;&nbsp;&nbsp;Adc_Get
</UL>
<BR>[Called By]<UL><LI><a href="#[97]">&gt;&gt;</a>&nbsp;&nbsp;&nbsp;Adc_Get_Measure_Volotage
</UL>

<P><STRONG><a name="[96]"></a>Adc_Get_Battery_Volotage</STRONG> (Thumb, 16 bytes, Stack size 8 bytes, bsp_adc.o(i.Adc_Get_Battery_Volotage))
<BR><BR>[Stack]<UL><LI>Max Depth = 72<LI>Call Chain = Adc_Get_Battery_Volotage &rArr; Adc_Get_Measure_Volotage &rArr; Adc_Get_Average &rArr; Adc_Get &rArr; ADC_RegularChannelConfig
</UL>
<BR>[Calls]<UL><LI><a href="#[7e]">&gt;&gt;</a>&nbsp;&nbsp;&nbsp;__aeabi_fmul
<LI><a href="#[97]">&gt;&gt;</a>&nbsp;&nbsp;&nbsp;Adc_Get_Measure_Volotage
</UL>
<BR>[Called By]<UL><LI><a href="#[c2]">&gt;&gt;</a>&nbsp;&nbsp;&nbsp;Bat_State
</UL>

<P><STRONG><a name="[97]"></a>Adc_Get_Measure_Volotage</STRONG> (Thumb, 24 bytes, Stack size 8 bytes, bsp_adc.o(i.Adc_Get_Measure_Volotage))
<BR><BR>[Stack]<UL><LI>Max Depth = 64<LI>Call Chain = Adc_Get_Measure_Volotage &rArr; Adc_Get_Average &rArr; Adc_Get &rArr; ADC_RegularChannelConfig
</UL>
<BR>[Calls]<UL><LI><a href="#[7e]">&gt;&gt;</a>&nbsp;&nbsp;&nbsp;__aeabi_fmul
<LI><a href="#[70]">&gt;&gt;</a>&nbsp;&nbsp;&nbsp;__aeabi_ui2f
<LI><a href="#[95]">&gt;&gt;</a>&nbsp;&nbsp;&nbsp;Adc_Get_Average
</UL>
<BR>[Called By]<UL><LI><a href="#[96]">&gt;&gt;</a>&nbsp;&nbsp;&nbsp;Adc_Get_Battery_Volotage
</UL>

<P><STRONG><a name="[98]"></a>Adc_Init</STRONG> (Thumb, 126 bytes, Stack size 40 bytes, bsp_adc.o(i.Adc_Init))
<BR><BR>[Stack]<UL><LI>Max Depth = 64<LI>Call Chain = Adc_Init &rArr; GPIO_Init
</UL>
<BR>[Calls]<UL><LI><a href="#[99]">&gt;&gt;</a>&nbsp;&nbsp;&nbsp;RCC_APB2PeriphClockCmd
<LI><a href="#[9b]">&gt;&gt;</a>&nbsp;&nbsp;&nbsp;GPIO_Init
<LI><a href="#[9a]">&gt;&gt;</a>&nbsp;&nbsp;&nbsp;RCC_ADCCLKConfig
<LI><a href="#[a0]">&gt;&gt;</a>&nbsp;&nbsp;&nbsp;ADC_StartCalibration
<LI><a href="#[9e]">&gt;&gt;</a>&nbsp;&nbsp;&nbsp;ADC_ResetCalibration
<LI><a href="#[9c]">&gt;&gt;</a>&nbsp;&nbsp;&nbsp;ADC_Init
<LI><a href="#[9f]">&gt;&gt;</a>&nbsp;&nbsp;&nbsp;ADC_GetResetCalibrationStatus
<LI><a href="#[a1]">&gt;&gt;</a>&nbsp;&nbsp;&nbsp;ADC_GetCalibrationStatus
<LI><a href="#[7a]">&gt;&gt;</a>&nbsp;&nbsp;&nbsp;ADC_DeInit
<LI><a href="#[9d]">&gt;&gt;</a>&nbsp;&nbsp;&nbsp;ADC_Cmd
</UL>
<BR>[Called By]<UL><LI><a href="#[d1]">&gt;&gt;</a>&nbsp;&nbsp;&nbsp;Bsp_Init
</UL>

<P><STRONG><a name="[a2]"></a>App_Clear_Yaw</STRONG> (Thumb, 48 bytes, Stack size 16 bytes, app.o(i.App_Clear_Yaw))
<BR><BR>[Stack]<UL><LI>Max Depth = 24<LI>Call Chain = App_Clear_Yaw &rArr; __aeabi_fmul
</UL>
<BR>[Calls]<UL><LI><a href="#[7e]">&gt;&gt;</a>&nbsp;&nbsp;&nbsp;__aeabi_fmul
<LI><a href="#[a4]">&gt;&gt;</a>&nbsp;&nbsp;&nbsp;MPU_Get_Yaw_Now
<LI><a href="#[a5]">&gt;&gt;</a>&nbsp;&nbsp;&nbsp;ICM20948_Get_Yaw_Now
<LI><a href="#[a3]">&gt;&gt;</a>&nbsp;&nbsp;&nbsp;Bsp_Get_Imu_Type
</UL>
<BR>[Called By]<UL><LI><a href="#[4f]">&gt;&gt;</a>&nbsp;&nbsp;&nbsp;vTask_OLED
<LI><a href="#[fe]">&gt;&gt;</a>&nbsp;&nbsp;&nbsp;Upper_CAN_Execute_Command
</UL>

<P><STRONG><a name="[a6]"></a>App_Delay_ms</STRONG> (Thumb, 4 bytes, Stack size 0 bytes, app.o(i.App_Delay_ms))
<BR><BR>[Stack]<UL><LI>Max Depth = 56<LI>Call Chain = App_Delay_ms &rArr; vTaskDelay &rArr; xTaskResumeAll &rArr; xTaskIncrementTick
</UL>
<BR>[Calls]<UL><LI><a href="#[a7]">&gt;&gt;</a>&nbsp;&nbsp;&nbsp;vTaskDelay
</UL>
<BR>[Called By]<UL><LI><a href="#[49]">&gt;&gt;</a>&nbsp;&nbsp;&nbsp;vTask_Speed
<LI><a href="#[4f]">&gt;&gt;</a>&nbsp;&nbsp;&nbsp;vTask_OLED
<LI><a href="#[4b]">&gt;&gt;</a>&nbsp;&nbsp;&nbsp;vTask_Key
<LI><a href="#[4e]">&gt;&gt;</a>&nbsp;&nbsp;&nbsp;vTask_IMU
<LI><a href="#[4a]">&gt;&gt;</a>&nbsp;&nbsp;&nbsp;vTask_Control
<LI><a href="#[4c]">&gt;&gt;</a>&nbsp;&nbsp;&nbsp;vTask_Auto_Report
<LI><a href="#[4d]">&gt;&gt;</a>&nbsp;&nbsp;&nbsp;vTask_App_Handle
<LI><a href="#[200]">&gt;&gt;</a>&nbsp;&nbsp;&nbsp;Upper_Data_Parse_Low_Battery
<LI><a href="#[15f]">&gt;&gt;</a>&nbsp;&nbsp;&nbsp;MPU_Delay_ms
<LI><a href="#[288]">&gt;&gt;</a>&nbsp;&nbsp;&nbsp;inv_sleep
</UL>

<P><STRONG><a name="[16b]"></a>App_FreeRTOS_Enable</STRONG> (Thumb, 6 bytes, Stack size 0 bytes, app.o(i.App_FreeRTOS_Enable))
<BR><BR>[Called By]<UL><LI><a href="#[15f]">&gt;&gt;</a>&nbsp;&nbsp;&nbsp;MPU_Delay_ms
<LI><a href="#[1e]">&gt;&gt;</a>&nbsp;&nbsp;&nbsp;USB_LP_CAN1_RX0_IRQHandler
</UL>

<P><STRONG><a name="[a8]"></a>App_Init</STRONG> (Thumb, 58 bytes, Stack size 8 bytes, app.o(i.App_Init))
<BR><BR>[Stack]<UL><LI>Max Depth = 416<LI>Call Chain = App_Init &rArr; ICM_20948_Init &rArr; self_test &rArr; inv_mems_run_selftest &rArr; inv_recover_setting &rArr; inv_setup_compass_akm &rArr; inv_execute_read_secondary &rArr; inv_read_secondary &rArr; inv_write_mems_reg &rArr; inv_set_chip_power_state &rArr; inv_write_single_mems_reg_core &rArr; inv_set_bank &rArr; inv_serial_interface_write_hook &rArr; SPI2_ReadWriteByte
</UL>
<BR>[Calls]<UL><LI><a href="#[aa]">&gt;&gt;</a>&nbsp;&nbsp;&nbsp;app_rgb_init
<LI><a href="#[a9]">&gt;&gt;</a>&nbsp;&nbsp;&nbsp;PID_Param_Init
<LI><a href="#[ae]">&gt;&gt;</a>&nbsp;&nbsp;&nbsp;OLED_Show_Error
<LI><a href="#[ac]">&gt;&gt;</a>&nbsp;&nbsp;&nbsp;ICM_20948_Init
<LI><a href="#[af]">&gt;&gt;</a>&nbsp;&nbsp;&nbsp;Bsp_Long_Beep_Alarm
<LI><a href="#[a3]">&gt;&gt;</a>&nbsp;&nbsp;&nbsp;Bsp_Get_Imu_Type
<LI><a href="#[ab]">&gt;&gt;</a>&nbsp;&nbsp;&nbsp;Flash_Init
<LI><a href="#[b0]">&gt;&gt;</a>&nbsp;&nbsp;&nbsp;CAN_RX_Beep
<LI><a href="#[ad]">&gt;&gt;</a>&nbsp;&nbsp;&nbsp;__2printf
</UL>
<BR>[Called By]<UL><LI><a href="#[46]">&gt;&gt;</a>&nbsp;&nbsp;&nbsp;main
</UL>

<P><STRONG><a name="[b1]"></a>App_Loop</STRONG> (Thumb, 14 bytes, Stack size 8 bytes, app.o(i.App_Loop))
<BR><BR>[Stack]<UL><LI>Max Depth = 64<LI>Call Chain = App_Loop &rArr; app_rgb_effects_handle &rArr; app_rgb_waterfall &rArr; RGB_Update
</UL>
<BR>[Calls]<UL><LI><a href="#[b3]">&gt;&gt;</a>&nbsp;&nbsp;&nbsp;app_rgb_effects_handle
<LI><a href="#[b2]">&gt;&gt;</a>&nbsp;&nbsp;&nbsp;Beep_Timeout_Close_Handle
</UL>
<BR>[Called By]<UL><LI><a href="#[4d]">&gt;&gt;</a>&nbsp;&nbsp;&nbsp;vTask_App_Handle
</UL>

<P><STRONG><a name="[b4]"></a>App_Send_Version</STRONG> (Thumb, 4 bytes, Stack size 0 bytes, app.o(i.App_Send_Version))
<BR><BR>[Stack]<UL><LI>Max Depth = 40<LI>Call Chain = App_Send_Version &rArr; Bsp_Send_Version &rArr; USART1_Send_ArrayU8 &rArr; __aeabi_memcpy
</UL>
<BR>[Calls]<UL><LI><a href="#[b5]">&gt;&gt;</a>&nbsp;&nbsp;&nbsp;Bsp_Send_Version
</UL>
<BR>[Called By]<UL><LI><a href="#[1cf]">&gt;&gt;</a>&nbsp;&nbsp;&nbsp;Send_Request_Data
</UL>

<P><STRONG><a name="[1fd]"></a>App_Set_OLED_Flag</STRONG> (Thumb, 6 bytes, Stack size 0 bytes, app.o(i.App_Set_OLED_Flag))
<BR><BR>[Called By]<UL><LI><a href="#[fe]">&gt;&gt;</a>&nbsp;&nbsp;&nbsp;Upper_CAN_Execute_Command
</UL>

<P><STRONG><a name="[b6]"></a>App_Start_FreeRTOS</STRONG> (Thumb, 190 bytes, Stack size 24 bytes, app.o(i.App_Start_FreeRTOS))
<BR><BR>[Stack]<UL><LI>Max Depth = 176<LI>Call Chain = App_Start_FreeRTOS &rArr; vTaskStartScheduler &rArr; xTaskCreate &rArr; pvPortMalloc &rArr; xTaskResumeAll &rArr; xTaskIncrementTick
</UL>
<BR>[Calls]<UL><LI><a href="#[b7]">&gt;&gt;</a>&nbsp;&nbsp;&nbsp;xTaskCreate
<LI><a href="#[b8]">&gt;&gt;</a>&nbsp;&nbsp;&nbsp;vTaskStartScheduler
<LI><a href="#[ad]">&gt;&gt;</a>&nbsp;&nbsp;&nbsp;__2printf
</UL>
<BR>[Called By]<UL><LI><a href="#[46]">&gt;&gt;</a>&nbsp;&nbsp;&nbsp;main
</UL>

<P><STRONG><a name="[b9]"></a>App_Test_Mode_Init</STRONG> (Thumb, 40 bytes, Stack size 8 bytes, app.o(i.App_Test_Mode_Init))
<BR><BR>[Stack]<UL><LI>Max Depth = 176<LI>Call Chain = App_Test_Mode_Init &rArr; OLED_Show_Test_Mode &rArr; OLED_Draw_Line &rArr; OLED_Draw_String &rArr; OLED_Refresh &rArr; SSD1306_UpdateScreen &rArr; ssd1306_I2C_Write &rArr; i2cWrite &rArr; IIC_Wait_Ack &rArr; IIC_Stop &rArr; Delay_For_Pin
</UL>
<BR>[Calls]<UL><LI><a href="#[bc]">&gt;&gt;</a>&nbsp;&nbsp;&nbsp;OLED_Show_Test_Mode
<LI><a href="#[bb]">&gt;&gt;</a>&nbsp;&nbsp;&nbsp;UartServo_Ctrl
<LI><a href="#[84]">&gt;&gt;</a>&nbsp;&nbsp;&nbsp;Motion_Stop
<LI><a href="#[b0]">&gt;&gt;</a>&nbsp;&nbsp;&nbsp;CAN_RX_Beep
<LI><a href="#[ba]">&gt;&gt;</a>&nbsp;&nbsp;&nbsp;Beep_On_Time
</UL>
<BR>[Called By]<UL><LI><a href="#[fe]">&gt;&gt;</a>&nbsp;&nbsp;&nbsp;Upper_CAN_Execute_Command
</UL>

<P><STRONG><a name="[c0]"></a>Bat_Get_Low_Voltage</STRONG> (Thumb, 18 bytes, Stack size 8 bytes, app_bat.o(i.Bat_Get_Low_Voltage))
<BR><BR>[Stack]<UL><LI>Max Depth = 8<LI>Call Chain = Bat_Get_Low_Voltage
</UL>
<BR>[Calls]<UL><LI><a href="#[be]">&gt;&gt;</a>&nbsp;&nbsp;&nbsp;Motion_Get_Car_Type
</UL>
<BR>[Called By]<UL><LI><a href="#[bd]">&gt;&gt;</a>&nbsp;&nbsp;&nbsp;Bat_Check_Voltage
</UL>

<P><STRONG><a name="[bf]"></a>Bat_Get_Over_Voltage</STRONG> (Thumb, 18 bytes, Stack size 8 bytes, app_bat.o(i.Bat_Get_Over_Voltage))
[...]
</UL>
<BR>[Calls]<UL><LI><a href="#[2f6]">&gt;&gt;</a>&nbsp;&nbsp;&nbsp;prvDeleteTCB
<LI><a href="#[2f4]">&gt;&gt;</a>&nbsp;&nbsp;&nbsp;vPortExitCritical
<LI><a href="#[2f2]">&gt;&gt;</a>&nbsp;&nbsp;&nbsp;vPortEnterCritical
<LI><a href="#[2ee]">&gt;&gt;</a>&nbsp;&nbsp;&nbsp;uxListRemove
</UL>
<BR>[Called By]<UL><LI><a href="#[53]">&gt;&gt;</a>&nbsp;&nbsp;&nbsp;prvIdleTask
</UL>

<P><STRONG><a name="[2f6]"></a>prvDeleteTCB</STRONG> (Thumb, 20 bytes, Stack size 8 bytes, tasks.o(i.prvDeleteTCB))
<BR><BR>[Stack]<UL><LI>Max Depth = 64<LI>Call Chain = prvDeleteTCB &rArr; vPortFree &rArr; xTaskResumeAll &rArr; xTaskIncrementTick
</UL>
<BR>[Calls]<UL><LI><a href="#[2f7]">&gt;&gt;</a>&nbsp;&nbsp;&nbsp;vPortFree
</UL>
<BR>[Called By]<UL><LI><a href="#[2f5]">&gt;&gt;</a>&nbsp;&nbsp;&nbsp;prvCheckTasksWaitingTermination
</UL>

<P><STRONG><a name="[53]"></a>prvIdleTask</STRONG> (Thumb, 30 bytes, Stack size 0 bytes, tasks.o(i.prvIdleTask))
<BR><BR>[Stack]<UL><LI>Max Depth = 80<LI>Call Chain = prvIdleTask &rArr; prvCheckTasksWaitingTermination &rArr; prvDeleteTCB &rArr; vPortFree &rArr; xTaskResumeAll &rArr; xTaskIncrementTick
</UL>
<BR>[Calls]<UL><LI><a href="#[2f5]">&gt;&gt;</a>&nbsp;&nbsp;&nbsp;prvCheckTasksWaitingTermination
</UL>
<BR>[Address Reference Count : 1]<UL><LI> tasks.o(i.vTaskStartScheduler)
</UL>
<P><STRONG><a name="[2f8]"></a>prvInitialiseNewTask</STRONG> (Thumb, 122 bytes, Stack size 32 bytes, tasks.o(i.prvInitialiseNewTask))
<BR><BR>[Stack]<UL><LI>Max Depth = 32<LI>Call Chain = prvInitialiseNewTask
</UL>
<BR>[Calls]<UL><LI><a href="#[2fa]">&gt;&gt;</a>&nbsp;&nbsp;&nbsp;pxPortInitialiseStack
<LI><a href="#[2f9]">&gt;&gt;</a>&nbsp;&nbsp;&nbsp;vListInitialiseItem
</UL>
<BR>[Called By]<UL><LI><a href="#[b7]">&gt;&gt;</a>&nbsp;&nbsp;&nbsp;xTaskCreate
</UL>

<P><STRONG><a name="[2f3]"></a>prvInitialiseTaskLists</STRONG> (Thumb, 78 bytes, Stack size 16 bytes, tasks.o(i.prvInitialiseTaskLists))
<BR><BR>[Stack]<UL><LI>Max Depth = 16<LI>Call Chain = prvInitialiseTaskLists
</UL>
<BR>[Calls]<UL><LI><a href="#[2fb]">&gt;&gt;</a>&nbsp;&nbsp;&nbsp;vListInitialise
</UL>
<BR>[Called By]<UL><LI><a href="#[2f1]">&gt;&gt;</a>&nbsp;&nbsp;&nbsp;prvAddNewTaskToReadyList
</UL>

<P><STRONG><a name="[310]"></a>prvResetNextTaskUnblockTime</STRONG> (Thumb, 28 bytes, Stack size 0 bytes, tasks.o(i.prvResetNextTaskUnblockTime))
<BR><BR>[Called By]<UL><LI><a href="#[30f]">&gt;&gt;</a>&nbsp;&nbsp;&nbsp;xTaskIncrementTick
<LI><a href="#[2ff]">&gt;&gt;</a>&nbsp;&nbsp;&nbsp;xTaskResumeAll
</UL>

<P><STRONG><a name="[262]"></a>inv_q16_to_float</STRONG> (Thumb, 18 bytes, Stack size 8 bytes, icm20948.o(i.inv_q16_to_float))
<BR><BR>[Stack]<UL><LI>Max Depth = 12<LI>Call Chain = inv_q16_to_float &rArr; __aeabi_i2f &rArr; _float_epilogue
</UL>
<BR>[Calls]<UL><LI><a href="#[6f]">&gt;&gt;</a>&nbsp;&nbsp;&nbsp;__aeabi_i2f
<LI><a href="#[182]">&gt;&gt;</a>&nbsp;&nbsp;&nbsp;__ARM_scalbnf
</UL>
<BR>[Called By]<UL><LI><a href="#[147]">&gt;&gt;</a>&nbsp;&nbsp;&nbsp;fifo_handler
</UL>

<P><STRONG><a name="[102]"></a>DividerRateSet</STRONG> (Thumb, 54 bytes, Stack size 8 bytes, inv_mems_base_control.o(i.DividerRateSet))
<BR><BR>[Stack]<UL><LI>Max Depth = 8<LI>Call Chain = DividerRateSet
</UL>
<BR>[Calls]<UL><LI><a href="#[103]">&gt;&gt;</a>&nbsp;&nbsp;&nbsp;dmp_set_sensor_rate
</UL>
<BR>[Called By]<UL><LI><a href="#[2a0]">&gt;&gt;</a>&nbsp;&nbsp;&nbsp;inv_set_hw_smplrt_dmp_odrs
</UL>

<P><STRONG><a name="[179]"></a>MinDelayGenActual</STRONG> (Thumb, 46 bytes, Stack size 20 bytes, inv_mems_base_control.o(i.MinDelayGenActual))
<BR><BR>[Stack]<UL><LI>Max Depth = 20<LI>Call Chain = MinDelayGenActual
</UL>
<BR>[Calls]<UL><LI><a href="#[17a]">&gt;&gt;</a>&nbsp;&nbsp;&nbsp;inv_androidSensor_enabled
</UL>
<BR>[Called By]<UL><LI><a href="#[2a0]">&gt;&gt;</a>&nbsp;&nbsp;&nbsp;inv_set_hw_smplrt_dmp_odrs
<LI><a href="#[270]">&gt;&gt;</a>&nbsp;&nbsp;&nbsp;getMinDlyGyro
<LI><a href="#[26f]">&gt;&gt;</a>&nbsp;&nbsp;&nbsp;getMinDlyCompass
<LI><a href="#[26e]">&gt;&gt;</a>&nbsp;&nbsp;&nbsp;getMinDlyAccel
</UL>

<P><STRONG><a name="[2e1]"></a>SampleRateDividerGet</STRONG> (Thumb, 24 bytes, Stack size 0 bytes, inv_mems_base_control.o(i.SampleRateDividerGet))
<BR><BR>[Called By]<UL><LI><a href="#[2a0]">&gt;&gt;</a>&nbsp;&nbsp;&nbsp;inv_set_hw_smplrt_dmp_odrs
</UL>

<P><STRONG><a name="[26e]"></a>getMinDlyAccel</STRONG> (Thumb, 124 bytes, Stack size 8 bytes, inv_mems_base_control.o(i.getMinDlyAccel))
<BR><BR>[Stack]<UL><LI>Max Depth = 28<LI>Call Chain = getMinDlyAccel &rArr; MinDelayGenActual
</UL>
<BR>[Calls]<UL><LI><a href="#[17a]">&gt;&gt;</a>&nbsp;&nbsp;&nbsp;inv_androidSensor_enabled
<LI><a href="#[179]">&gt;&gt;</a>&nbsp;&nbsp;&nbsp;MinDelayGenActual
</UL>
<BR>[Called By]<UL><LI><a href="#[2a0]">&gt;&gt;</a>&nbsp;&nbsp;&nbsp;inv_set_hw_smplrt_dmp_odrs
</UL>

<P><STRONG><a name="[26f]"></a>getMinDlyCompass</STRONG> (Thumb, 60 bytes, Stack size 8 bytes, inv_mems_base_control.o(i.getMinDlyCompass))
<BR><BR>[Stack]<UL><LI>Max Depth = 28<LI>Call Chain = getMinDlyCompass &rArr; MinDelayGenActual
</UL>
<BR>[Calls]<UL><LI><a href="#[17a]">&gt;&gt;</a>&nbsp;&nbsp;&nbsp;inv_androidSensor_enabled
<LI><a href="#[179]">&gt;&gt;</a>&nbsp;&nbsp;&nbsp;MinDelayGenActual
</UL>
<BR>[Called By]<UL><LI><a href="#[2a0]">&gt;&gt;</a>&nbsp;&nbsp;&nbsp;inv_set_hw_smplrt_dmp_odrs
</UL>

<P><STRONG><a name="[270]"></a>getMinDlyGyro</STRONG> (Thumb, 38 bytes, Stack size 8 bytes, inv_mems_base_control.o(i.getMinDlyGyro))
<BR><BR>[Stack]<UL><LI>Max Depth = 28<LI>Call Chain = getMinDlyGyro &rArr; MinDelayGenActual
</UL>
<BR>[Calls]<UL><LI><a href="#[17a]">&gt;&gt;</a>&nbsp;&nbsp;&nbsp;inv_androidSensor_enabled
<LI><a href="#[179]">&gt;&gt;</a>&nbsp;&nbsp;&nbsp;MinDelayGenActual
</UL>
<BR>[Called By]<UL><LI><a href="#[2a0]">&gt;&gt;</a>&nbsp;&nbsp;&nbsp;inv_set_hw_smplrt_dmp_odrs
</UL>

<P><STRONG><a name="[277]"></a>inv_convert_androidSensor_to_control</STRONG> (Thumb, 110 bytes, Stack size 20 bytes, inv_mems_base_control.o(i.inv_convert_androidSensor_to_control))
<BR><BR>[Stack]<UL><LI>Max Depth = 40<LI>Call Chain = inv_convert_androidSensor_to_control &rArr; inv_reGenerate_sensorControl
</UL>
<BR>[Calls]<UL><LI><a href="#[278]">&gt;&gt;</a>&nbsp;&nbsp;&nbsp;inv_reGenerate_sensorControl
</UL>
<BR>[Called By]<UL><LI><a href="#[297]">&gt;&gt;</a>&nbsp;&nbsp;&nbsp;inv_enable_sensor_internal
</UL>

<P><STRONG><a name="[297]"></a>inv_enable_sensor_internal</STRONG> (Thumb, 844 bytes, Stack size 40 bytes, inv_mems_base_control.o(i.inv_enable_sensor_internal))
<BR><BR>[Stack]<UL><LI>Max Depth = 280<LI>Call Chain = inv_enable_sensor_internal &rArr; inv_enable_mems_hw_sensors &rArr; inv_mems_pressure_resume_bmp &rArr; inv_execute_write_secondary &rArr; inv_write_secondary &rArr; inv_write_mems_reg &rArr; inv_set_chip_power_state &rArr; inv_write_single_mems_reg_core &rArr; inv_set_bank &rArr; inv_serial_interface_write_hook &rArr; SPI2_ReadWriteByte
</UL>
<BR>[Calls]<UL><LI><a href="#[29f]">&gt;&gt;</a>&nbsp;&nbsp;&nbsp;inv_mems_augmented_sensors_update_odr
<LI><a href="#[257]">&gt;&gt;</a>&nbsp;&nbsp;&nbsp;inv_get_gyro_fullscale
<LI><a href="#[2a3]">&gt;&gt;</a>&nbsp;&nbsp;&nbsp;inv_sleep_mems
<LI><a href="#[2a2]">&gt;&gt;</a>&nbsp;&nbsp;&nbsp;inv_set_gyro_sf
<LI><a href="#[2a5]">&gt;&gt;</a>&nbsp;&nbsp;&nbsp;inv_set_dmp_stepcounter_update_offset
<LI><a href="#[2a1]">&gt;&gt;</a>&nbsp;&nbsp;&nbsp;inv_get_gyro_divider
<LI><a href="#[28b]">&gt;&gt;</a>&nbsp;&nbsp;&nbsp;inv_enable_mems_hw_sensors
<LI><a href="#[29e]">&gt;&gt;</a>&nbsp;&nbsp;&nbsp;dmp_set_motion_event_control
<LI><a href="#[2a4]">&gt;&gt;</a>&nbsp;&nbsp;&nbsp;dmp_set_data_rdy_status
<LI><a href="#[29d]">&gt;&gt;</a>&nbsp;&nbsp;&nbsp;dmp_set_data_output_control2
<LI><a href="#[29b]">&gt;&gt;</a>&nbsp;&nbsp;&nbsp;dmp_set_data_output_control1
<LI><a href="#[29c]">&gt;&gt;</a>&nbsp;&nbsp;&nbsp;dmp_set_data_interrupt_control
<LI><a href="#[299]">&gt;&gt;</a>&nbsp;&nbsp;&nbsp;dmp_reset_pickup
<LI><a href="#[231]">&gt;&gt;</a>&nbsp;&nbsp;&nbsp;dmp_get_pedometer_get_all_steps
<LI><a href="#[2a0]">&gt;&gt;</a>&nbsp;&nbsp;&nbsp;inv_set_hw_smplrt_dmp_odrs
<LI><a href="#[29a]">&gt;&gt;</a>&nbsp;&nbsp;&nbsp;inv_enable_tilt
<LI><a href="#[289]">&gt;&gt;</a>&nbsp;&nbsp;&nbsp;inv_enable_activity_classifier
<LI><a href="#[277]">&gt;&gt;</a>&nbsp;&nbsp;&nbsp;inv_convert_androidSensor_to_control
</UL>
<BR>[Called By]<UL><LI><a href="#[152]">&gt;&gt;</a>&nbsp;&nbsp;&nbsp;inv_enable_sensor
</UL>

<P><STRONG><a name="[291]"></a>sensor_needs_compass</STRONG> (Thumb, 44 bytes, Stack size 0 bytes, inv_mems_base_control.o(i.sensor_needs_compass))
<BR><BR>[Called By]<UL><LI><a href="#[2e4]">&gt;&gt;</a>&nbsp;&nbsp;&nbsp;inv_set_odr
<LI><a href="#[152]">&gt;&gt;</a>&nbsp;&nbsp;&nbsp;inv_enable_sensor
</UL>

<P><STRONG><a name="[293]"></a>sensor_needs_pressure</STRONG> (Thumb, 16 bytes, Stack size 0 bytes, inv_mems_base_control.o(i.sensor_needs_pressure))
<BR><BR>[Called By]<UL><LI><a href="#[2e4]">&gt;&gt;</a>&nbsp;&nbsp;&nbsp;inv_set_odr
<LI><a href="#[152]">&gt;&gt;</a>&nbsp;&nbsp;&nbsp;inv_enable_sensor
</UL>

<P><STRONG><a name="[2e6]"></a>activate_compass</STRONG> (Thumb, 8 bytes, Stack size 0 bytes, inv_mems_base_driver.o(i.activate_compass))
<BR><BR>[Called By]<UL><LI><a href="#[14e]">&gt;&gt;</a>&nbsp;&nbsp;&nbsp;inv_set_slave_compass_id
</UL>

<P><STRONG><a name="[2e7]"></a>desactivate_compass</STRONG> (Thumb, 8 bytes, Stack size 0 bytes, inv_mems_base_driver.o(i.desactivate_compass))
<BR><BR>[Called By]<UL><LI><a href="#[14e]">&gt;&gt;</a>&nbsp;&nbsp;&nbsp;inv_set_slave_compass_id
</UL>

<P><STRONG><a name="[2db]"></a>inv_mems_get_lpen_control</STRONG> (Thumb, 6 bytes, Stack size 0 bytes, inv_mems_base_driver.o(i.inv_mems_get_lpen_control))
<BR><BR>[Called By]<UL><LI><a href="#[2b8]">&gt;&gt;</a>&nbsp;&nbsp;&nbsp;inv_set_chip_power_state
</UL>

<P><STRONG><a name="[27a]"></a>inv_q_mult_q_qi</STRONG> (Thumb, 184 bytes, Stack size 24 bytes, inv_mems_data_converter.o(i.inv_q_mult_q_qi))
<BR><BR>[Stack]<UL><LI>Max Depth = 24<LI>Call Chain = inv_q_mult_q_qi
</UL>
<BR>[Calls]<UL><LI><a href="#[274]">&gt;&gt;</a>&nbsp;&nbsp;&nbsp;inv_q30_mult
</UL>
<BR>[Called By]<UL><LI><a href="#[260]">&gt;&gt;</a>&nbsp;&nbsp;&nbsp;inv_convert_rotation_vector_1
<LI><a href="#[25f]">&gt;&gt;</a>&nbsp;&nbsp;&nbsp;inv_convert_rotation_vector
</UL>

<P><STRONG><a name="[24d]"></a>check_fifo_decoded_headers</STRONG> (Thumb, 50 bytes, Stack size 0 bytes, inv_mems_mpu_fifo_control.o(i.check_fifo_decoded_headers))
<BR><BR>[Called By]<UL><LI><a href="#[24b]">&gt;&gt;</a>&nbsp;&nbsp;&nbsp;extract_sample_cnt
</UL>

<P><STRONG><a name="[22d]"></a>dmp_get_fifo_all</STRONG> (Thumb, 80 bytes, Stack size 24 bytes, inv_mems_mpu_fifo_control.o(i.dmp_get_fifo_all))
<BR><BR>[Stack]<UL><LI>Max Depth = 232<LI>Call Chain = dmp_get_fifo_all &rArr; dmp_read_fifo &rArr; dmp_reset_fifo &rArr; mpu_set_FIFO_RST_Diamond &rArr; inv_write_mems_reg &rArr; inv_set_chip_power_state &rArr; inv_write_single_mems_reg_core &rArr; inv_set_bank &rArr; inv_serial_interface_write_hook &rArr; SPI2_ReadWriteByte
</UL>
<BR>[Calls]<UL><LI><a href="#[151]">&gt;&gt;</a>&nbsp;&nbsp;&nbsp;dmp_reset_fifo
<LI><a href="#[22f]">&gt;&gt;</a>&nbsp;&nbsp;&nbsp;dmp_read_fifo
<LI><a href="#[22e]">&gt;&gt;</a>&nbsp;&nbsp;&nbsp;dmp_get_fifo_length
</UL>
<BR>[Called By]<UL><LI><a href="#[250]">&gt;&gt;</a>&nbsp;&nbsp;&nbsp;inv_mems_fifo_swmirror
</UL>

<P><STRONG><a name="[24b]"></a>extract_sample_cnt</STRONG> (Thumb, 106 bytes, Stack size 32 bytes, inv_mems_mpu_fifo_control.o(i.extract_sample_cnt))
<BR><BR>[Stack]<UL><LI>Max Depth = 216<LI>Call Chain = extract_sample_cnt &rArr; dmp_reset_fifo &rArr; mpu_set_FIFO_RST_Diamond &rArr; inv_write_mems_reg &rArr; inv_set_chip_power_state &rArr; inv_write_single_mems_reg_core &rArr; inv_set_bank &rArr; inv_serial_interface_write_hook &rArr; SPI2_ReadWriteByte
</UL>
<BR>[Calls]<UL><LI><a href="#[151]">&gt;&gt;</a>&nbsp;&nbsp;&nbsp;dmp_reset_fifo
<LI><a href="#[24c]">&gt;&gt;</a>&nbsp;&nbsp;&nbsp;get_packet_size_and_samplecnt
<LI><a href="#[24d]">&gt;&gt;</a>&nbsp;&nbsp;&nbsp;check_fifo_decoded_headers
</UL>
<BR>[Called By]<UL><LI><a href="#[250]">&gt;&gt;</a>&nbsp;&nbsp;&nbsp;inv_mems_fifo_swmirror
</UL>

<P><STRONG><a name="[24c]"></a>get_packet_size_and_samplecnt</STRONG> (Thumb, 282 bytes, Stack size 16 bytes, inv_mems_mpu_fifo_control.o(i.get_packet_size_and_samplecnt))
<BR><BR>[Stack]<UL><LI>Max Depth = 16<LI>Call Chain = get_packet_size_and_samplecnt
</UL>
<BR>[Called By]<UL><LI><a href="#[251]">&gt;&gt;</a>&nbsp;&nbsp;&nbsp;inv_mems_fifo_pop
<LI><a href="#[24b]">&gt;&gt;</a>&nbsp;&nbsp;&nbsp;extract_sample_cnt
</UL>

<P><STRONG><a name="[2c4]"></a>inv_check_accelgyro_self_test</STRONG> (Thumb, 114 bytes, Stack size 52 bytes, inv_mems_mpu_selftest.o(i.inv_check_accelgyro_self_test))
<BR><BR>[Stack]<UL><LI>Max Depth = 52<LI>Call Chain = inv_check_accelgyro_self_test
</UL>
<BR>[Called By]<UL><LI><a href="#[2c2]">&gt;&gt;</a>&nbsp;&nbsp;&nbsp;inv_mems_run_selftest
</UL>

<P><STRONG><a name="[285]"></a>inv_do_test_accelgyro</STRONG> (Thumb, 138 bytes, Stack size 24 bytes, inv_mems_mpu_selftest.o(i.inv_do_test_accelgyro))
<BR><BR>[Stack]<UL><LI>Max Depth = 192<LI>Call Chain = inv_do_test_accelgyro &rArr; inv_selftest_read_samples &rArr; inv_read_mems_reg_core &rArr; inv_set_bank &rArr; inv_serial_interface_write_hook &rArr; SPI2_ReadWriteByte
</UL>
<BR>[Calls]<UL><LI><a href="#[287]">&gt;&gt;</a>&nbsp;&nbsp;&nbsp;inv_write_single_mems_reg_core
<LI><a href="#[288]">&gt;&gt;</a>&nbsp;&nbsp;&nbsp;inv_sleep
<LI><a href="#[286]">&gt;&gt;</a>&nbsp;&nbsp;&nbsp;inv_selftest_read_samples
</UL>
<BR>[Called By]<UL><LI><a href="#[2c2]">&gt;&gt;</a>&nbsp;&nbsp;&nbsp;inv_mems_run_selftest
</UL>

<P><STRONG><a name="[2c5]"></a>inv_recover_setting</STRONG> (Thumb, 286 bytes, Stack size 16 bytes, inv_mems_mpu_selftest.o(i.inv_recover_setting))
<BR><BR>[Stack]<UL><LI>Max Depth = 256<LI>Call Chain = inv_recover_setting &rArr; inv_setup_compass_akm &rArr; inv_execute_read_secondary &rArr; inv_read_secondary &rArr; inv_write_mems_reg &rArr; inv_set_chip_power_state &rArr; inv_write_single_mems_reg_core &rArr; inv_set_bank &rArr; inv_serial_interface_write_hook &rArr; SPI2_ReadWriteByte
</UL>
<BR>[Calls]<UL><LI><a href="#[287]">&gt;&gt;</a>&nbsp;&nbsp;&nbsp;inv_write_single_mems_reg_core
<LI><a href="#[288]">&gt;&gt;</a>&nbsp;&nbsp;&nbsp;inv_sleep
<LI><a href="#[2cd]">&gt;&gt;</a>&nbsp;&nbsp;&nbsp;inv_setup_compass_akm
<LI><a href="#[2b1]">&gt;&gt;</a>&nbsp;&nbsp;&nbsp;inv_set_dmp_address
</UL>
<BR>[Called By]<UL><LI><a href="#[2c2]">&gt;&gt;</a>&nbsp;&nbsp;&nbsp;inv_mems_run_selftest
</UL>

<P><STRONG><a name="[2d2]"></a>inv_save_setting</STRONG> (Thumb, 254 bytes, Stack size 16 bytes, inv_mems_mpu_selftest.o(i.inv_save_setting))
<BR><BR>[Stack]<UL><LI>Max Depth = 144<LI>Call Chain = inv_save_setting &rArr; inv_read_mems_reg_core &rArr; inv_set_bank &rArr; inv_serial_interface_write_hook &rArr; SPI2_ReadWriteByte
</UL>
<BR>[Calls]<UL><LI><a href="#[2cc]">&gt;&gt;</a>&nbsp;&nbsp;&nbsp;inv_read_mems_reg_core
</UL>
<BR>[Called By]<UL><LI><a href="#[2c3]">&gt;&gt;</a>&nbsp;&nbsp;&nbsp;inv_setup_selftest
</UL>

<P><STRONG><a name="[286]"></a>inv_selftest_read_samples</STRONG> (Thumb, 106 bytes, Stack size 40 bytes, inv_mems_mpu_selftest.o(i.inv_selftest_read_samples))
<BR><BR>[Stack]<UL><LI>Max Depth = 168<LI>Call Chain = inv_selftest_read_samples &rArr; inv_read_mems_reg_core &rArr; inv_set_bank &rArr; inv_serial_interface_write_hook &rArr; SPI2_ReadWriteByte
</UL>
<BR>[Calls]<UL><LI><a href="#[288]">&gt;&gt;</a>&nbsp;&nbsp;&nbsp;inv_sleep
<LI><a href="#[2cc]">&gt;&gt;</a>&nbsp;&nbsp;&nbsp;inv_read_mems_reg_core
</UL>
<BR>[Called By]<UL><LI><a href="#[285]">&gt;&gt;</a>&nbsp;&nbsp;&nbsp;inv_do_test_accelgyro
</UL>

<P><STRONG><a name="[2c3]"></a>inv_setup_selftest</STRONG> (Thumb, 282 bytes, Stack size 16 bytes, inv_mems_mpu_selftest.o(i.inv_setup_selftest))
<BR><BR>[Stack]<UL><LI>Max Depth = 160<LI>Call Chain = inv_setup_selftest &rArr; inv_save_setting &rArr; inv_read_mems_reg_core &rArr; inv_set_bank &rArr; inv_serial_interface_write_hook &rArr; SPI2_ReadWriteByte
</UL>
<BR>[Calls]<UL><LI><a href="#[287]">&gt;&gt;</a>&nbsp;&nbsp;&nbsp;inv_write_single_mems_reg_core
<LI><a href="#[288]">&gt;&gt;</a>&nbsp;&nbsp;&nbsp;inv_sleep
<LI><a href="#[2cc]">&gt;&gt;</a>&nbsp;&nbsp;&nbsp;inv_read_mems_reg_core
<LI><a href="#[2d2]">&gt;&gt;</a>&nbsp;&nbsp;&nbsp;inv_save_setting
</UL>
<BR>[Called By]<UL><LI><a href="#[2c2]">&gt;&gt;</a>&nbsp;&nbsp;&nbsp;inv_mems_run_selftest
</UL>

<P><STRONG><a name="[229]"></a>check_reg_access_lp_disable</STRONG> (Thumb, 68 bytes, Stack size 0 bytes, inv_mems_transport.o(i.check_reg_access_lp_disable))
<BR><BR>[Calls]<UL><LI><a href="#[22a]">&gt;&gt;</a>&nbsp;&nbsp;&nbsp;inv_get_batch_mode_status
</UL>
<BR>[Called By]<UL><LI><a href="#[237]">&gt;&gt;</a>&nbsp;&nbsp;&nbsp;inv_write_single_mems_reg
<LI><a href="#[28c]">&gt;&gt;</a>&nbsp;&nbsp;&nbsp;inv_write_mems_reg
<LI><a href="#[230]">&gt;&gt;</a>&nbsp;&nbsp;&nbsp;inv_read_mems_reg
</UL>

<P><STRONG><a name="[2cb]"></a>inv_set_bank</STRONG> (Thumb, 62 bytes, Stack size 16 bytes, inv_mems_transport.o(i.inv_set_bank))
<BR><BR>[Stack]<UL><LI>Max Depth = 72<LI>Call Chain = inv_set_bank &rArr; inv_serial_interface_write_hook &rArr; SPI2_ReadWriteByte
</UL>
<BR>[Calls]<UL><LI><a href="#[14a]">&gt;&gt;</a>&nbsp;&nbsp;&nbsp;inv_serial_interface_write_hook
<LI><a href="#[14b]">&gt;&gt;</a>&nbsp;&nbsp;&nbsp;inv_serial_interface_read_hook
</UL>
<BR>[Called By]<UL><LI><a href="#[284]">&gt;&gt;</a>&nbsp;&nbsp;&nbsp;inv_write_mems
<LI><a href="#[287]">&gt;&gt;</a>&nbsp;&nbsp;&nbsp;inv_write_single_mems_reg_core
<LI><a href="#[28c]">&gt;&gt;</a>&nbsp;&nbsp;&nbsp;inv_write_mems_reg
<LI><a href="#[283]">&gt;&gt;</a>&nbsp;&nbsp;&nbsp;inv_read_mems
<LI><a href="#[2cc]">&gt;&gt;</a>&nbsp;&nbsp;&nbsp;inv_read_mems_reg_core
</UL>

<P><STRONG><a name="[210]"></a>_fp_digits</STRONG> (Thumb, 366 bytes, Stack size 64 bytes, printfa.o(i._fp_digits), UNUSED)
<BR><BR>[Calls]<UL><LI><a href="#[6d]">&gt;&gt;</a>&nbsp;&nbsp;&nbsp;__aeabi_dmul
<LI><a href="#[6e]">&gt;&gt;</a>&nbsp;&nbsp;&nbsp;__aeabi_ddiv
<LI><a href="#[67]">&gt;&gt;</a>&nbsp;&nbsp;&nbsp;__aeabi_dadd
<LI><a href="#[1ac]">&gt;&gt;</a>&nbsp;&nbsp;&nbsp;__aeabi_cdrcmple
<LI><a href="#[78]">&gt;&gt;</a>&nbsp;&nbsp;&nbsp;__aeabi_d2ulz
<LI><a href="#[5a]">&gt;&gt;</a>&nbsp;&nbsp;&nbsp;__aeabi_uldivmod
</UL>
<BR>[Called By]<UL><LI><a href="#[202]">&gt;&gt;</a>&nbsp;&nbsp;&nbsp;_printf_core
</UL>

<P><STRONG><a name="[202]"></a>_printf_core</STRONG> (Thumb, 1744 bytes, Stack size 136 bytes, printfa.o(i._printf_core), UNUSED)
<BR><BR>[Calls]<UL><LI><a href="#[211]">&gt;&gt;</a>&nbsp;&nbsp;&nbsp;_printf_pre_padding
<LI><a href="#[212]">&gt;&gt;</a>&nbsp;&nbsp;&nbsp;_printf_post_padding
<LI><a href="#[210]">&gt;&gt;</a>&nbsp;&nbsp;&nbsp;_fp_digits
<LI><a href="#[5a]">&gt;&gt;</a>&nbsp;&nbsp;&nbsp;__aeabi_uldivmod
<LI><a href="#[213]">&gt;&gt;</a>&nbsp;&nbsp;&nbsp;__aeabi_uidivmod
</UL>
<BR>[Called By]<UL><LI><a href="#[203]">&gt;&gt;</a>&nbsp;&nbsp;&nbsp;__0sprintf
<LI><a href="#[201]">&gt;&gt;</a>&nbsp;&nbsp;&nbsp;__0printf
</UL>

<P><STRONG><a name="[212]"></a>_printf_post_padding</STRONG> (Thumb, 36 bytes, Stack size 24 bytes, printfa.o(i._printf_post_padding), UNUSED)
<BR><BR>[Called By]<UL><LI><a href="#[202]">&gt;&gt;</a>&nbsp;&nbsp;&nbsp;_printf_core
</UL>

<P><STRONG><a name="[211]"></a>_printf_pre_padding</STRONG> (Thumb, 46 bytes, Stack size 24 bytes, printfa.o(i._printf_pre_padding), UNUSED)
<BR><BR>[Called By]<UL><LI><a href="#[202]">&gt;&gt;</a>&nbsp;&nbsp;&nbsp;_printf_core
</UL>

<P><STRONG><a name="[51]"></a>_sputc</STRONG> (Thumb, 10 bytes, Stack size 0 bytes, printfa.o(i._sputc))
<BR><BR>[Called By]<UL><LI><a href="#[203]">&gt;&gt;</a>&nbsp;&nbsp;&nbsp;__0sprintf
</UL>
<BR>[Address Reference Count : 1]<UL><LI> printfa.o(i.__0sprintf)
</UL><P>
<H3>
Undefined Global Symbols
</H3><HR></body></html>
